-- The C compiler identification is GNU 11.4.0
-- The CXX compiler identification is GNU 11.4.0
-- Detecting C compiler ABI info
-- Detecting C compiler ABI info - done
-- Check for working C compiler: /usr/bin/cc - skipped
-- Detecting C compile features
-- Detecting C compile features - done
-- Detecting CXX compiler ABI info
-- Detecting CXX compiler ABI info - done
-- Check for working CXX compiler: /usr/bin/c++ - skipped
-- Detecting CXX compile features
-- Detecting CXX compile features - done
-- Found ament_cmake: 1.3.12 (/opt/ros/humble/share/ament_cmake/cmake)
-- Found Python3: /usr/bin/python3 (found version "3.10.12") found components: Interpreter 
-- Found rclcpp: 16.0.17 (/opt/ros/humble/share/rclcpp/cmake)
-- Found rosidl_generator_c: 3.1.8 (/opt/ros/humble/share/rosidl_generator_c/cmake)
-- Found rosidl_adapter: 3.1.8 (/opt/ros/humble/share/rosidl_adapter/cmake)
-- Found rosidl_generator_cpp: 3.1.8 (/opt/ros/humble/share/rosidl_generator_cpp/cmake)
-- Using all available rosidl_typesupport_c: rosidl_typesupport_fastrtps_c;rosidl_typesupport_introspection_c
-- Using all available rosidl_typesupport_cpp: rosidl_typesupport_fastrtps_cpp;rosidl_typesupport_introspection_cpp
-- Found rmw_implementation_cmake: 6.1.2 (/opt/ros/humble/share/rmw_implementation_cmake/cmake)
-- Found rmw_fastrtps_cpp: 6.2.9 (/opt/ros/humble/share/rmw_fastrtps_cpp/cmake)
-- Found OpenSSL: /usr/lib/x86_64-linux-gnu/libcrypto.so (found version "3.0.2")  
-- Found FastRTPS: /opt/ros/humble/include  
-- Using RMW implementation 'rmw_fastrtps_cpp' as default
-- Looking for pthread.h
-- Looking for pthread.h - found
-- Performing Test CMAKE_HAVE_LIBC_PTHREAD
-- Performing Test CMAKE_HAVE_LIBC_PTHREAD - Success
-- Found Threads: TRUE  
-- Found rclpy: 3.3.19 (/opt/ros/humble/share/rclpy/cmake)
-- Found geometry_msgs: 4.9.0 (/opt/ros/humble/share/geometry_msgs/cmake)
-- Found nav_msgs: 4.9.0 (/opt/ros/humble/share/nav_msgs/cmake)
-- Found tf2: 0.25.18 (/opt/ros/humble/share/tf2/cmake)
-- Found ament_lint_auto: 0.12.14 (/opt/ros/humble/share/ament_lint_auto/cmake)
-- Added test 'cppcheck' to perform static code analysis on C / C++ code
-- Configured cppcheck include dirs: 
-- Configured cppcheck exclude dirs and/or files: 
-- Added test 'flake8' to check Python code syntax and style conventions
-- Added test 'lint_cmake' to check CMake code style
-- Added test 'pep257' to check Python code against some of the docstring style conventions in PEP 257
-- Added test 'uncrustify' to check C / C++ code style
-- Configured uncrustify additional arguments: 
-- Added test 'xmllint' to check XML markup files
-- Configuring done
-- Generating done
-- Build files have been written to: /home/student/ros2_ws/src/eced3901/build/eced3901
[ 50%] [32mBuilding CXX object CMakeFiles/dt1.dir/src/eced3901_dt1.cpp.o[0m
[ 50%] [32mBuilding CXX object CMakeFiles/talker.dir/src/publisher_member_function.cpp.o[0m
[ 75%] [32m[1mLinking CXX executable talker[0m
[ 75%] Built target talker
[100%] [32m[1mLinking CXX executable dt1[0m
[100%] Built target dt1
-- Install configuration: ""
-- Installing: /home/student/ros2_ws/src/eced3901/install/eced3901/lib/eced3901/talker
-- Set runtime path of "/home/student/ros2_ws/src/eced3901/install/eced3901/lib/eced3901/talker" to ""
-- Installing: /home/student/ros2_ws/src/eced3901/install/eced3901/lib/eced3901/dt1
-- Set runtime path of "/home/student/ros2_ws/src/eced3901/install/eced3901/lib/eced3901/dt1" to ""
-- Installing: /home/student/ros2_ws/src/eced3901/install/eced3901/share/eced3901/config
-- Installing: /home/student/ros2_ws/src/eced3901/install/eced3901/share/eced3901/config/ekf.yaml
-- Installing: /home/student/ros2_ws/src/eced3901/install/eced3901/share/eced3901/launch
-- Installing: /home/student/ros2_ws/src/eced3901/install/eced3901/share/eced3901/launch/lab3.launch.py
-- Installing: /home/student/ros2_ws/src/eced3901/install/eced3901/share/eced3901/launch/lab4a.launch.py
-- Installing: /home/student/ros2_ws/src/eced3901/install/eced3901/share/eced3901/launch/lab4b.launch.py
-- Installing: /home/student/ros2_ws/src/eced3901/install/eced3901/share/eced3901/launch/lab6a.launch.py
-- Installing: /home/student/ros2_ws/src/eced3901/install/eced3901/share/eced3901/launch/lab5dt2.launch.py
-- Installing: /home/student/ros2_ws/src/eced3901/install/eced3901/share/eced3901/launch/lab7nav.launch.py
-- Installing: /home/student/ros2_ws/src/eced3901/install/eced3901/share/eced3901/launch/lab5.launch.py
-- Installing: /home/student/ros2_ws/src/eced3901/install/eced3901/share/eced3901/launch/lab6b.launch.py
-- Installing: /home/student/ros2_ws/src/eced3901/install/eced3901/share/eced3901/launch/lab7full.launch.py
-- Installing: /home/student/ros2_ws/src/eced3901/install/eced3901/share/eced3901/launch/lab6nav.launch.py
-- Installing: /home/student/ros2_ws/src/eced3901/install/eced3901/share/eced3901/maps
-- Installing: /home/student/ros2_ws/src/eced3901/install/eced3901/share/eced3901/maps/lab4_map.yaml
-- Installing: /home/student/ros2_ws/src/eced3901/install/eced3901/share/eced3901/maps/lab4_map.pgm
-- Installing: /home/student/ros2_ws/src/eced3901/install/eced3901/share/eced3901/models
-- Installing: /home/student/ros2_ws/src/eced3901/install/eced3901/share/eced3901/models/eced3901bot_description
-- Installing: /home/student/ros2_ws/src/eced3901/install/eced3901/share/eced3901/models/eced3901bot_description/model.sdf
-- Installing: /home/student/ros2_ws/src/eced3901/install/eced3901/share/eced3901/models/eced3901bot_description/model.config
-- Installing: /home/student/ros2_ws/src/eced3901/install/eced3901/share/eced3901/models/eced3901_lab4
-- Installing: /home/student/ros2_ws/src/eced3901/install/eced3901/share/eced3901/models/eced3901_lab4/model.sdf
-- Installing: /home/student/ros2_ws/src/eced3901/install/eced3901/share/eced3901/models/eced3901_lab4/model.config
-- Installing: /home/student/ros2_ws/src/eced3901/install/eced3901/share/eced3901/models/eced3901bot.urdf
-- Installing: /home/student/ros2_ws/src/eced3901/install/eced3901/share/eced3901/params
-- Installing: /home/student/ros2_ws/src/eced3901/install/eced3901/share/eced3901/params/nav2_params.yaml
-- Installing: /home/student/ros2_ws/src/eced3901/install/eced3901/share/eced3901/rviz
-- Installing: /home/student/ros2_ws/src/eced3901/install/eced3901/share/eced3901/rviz/nav2_config.rviz
-- Installing: /home/student/ros2_ws/src/eced3901/install/eced3901/share/eced3901/rviz/urdf_config.rviz
-- Installing: /home/student/ros2_ws/src/eced3901/install/eced3901/share/eced3901/rviz/nav2.rviz
-- Installing: /home/student/ros2_ws/src/eced3901/install/eced3901/share/eced3901/src
-- Installing: /home/student/ros2_ws/src/eced3901/install/eced3901/share/eced3901/src/Test5.cpp
-- Installing: /home/student/ros2_ws/src/eced3901/install/eced3901/share/eced3901/src/Demo.cpp
-- Installing: /home/student/ros2_ws/src/eced3901/install/eced3901/share/eced3901/src/publisher_member_function.cpp
-- Installing: /home/student/ros2_ws/src/eced3901/install/eced3901/share/eced3901/src/Test4.cpp
-- Installing: /home/student/ros2_ws/src/eced3901/install/eced3901/share/eced3901/src/eced3901_dt1.cpp
-- Installing: /home/student/ros2_ws/src/eced3901/install/eced3901/share/eced3901/src/Test3.cpp
-- Installing: /home/student/ros2_ws/src/eced3901/install/eced3901/share/eced3901/src/Test1.cpp
-- Installing: /home/student/ros2_ws/src/eced3901/install/eced3901/share/eced3901/src/Test2.cpp
-- Installing: /home/student/ros2_ws/src/eced3901/install/eced3901/share/eced3901/worlds
-- Installing: /home/student/ros2_ws/src/eced3901/install/eced3901/share/eced3901/worlds/eced3901_lab6.world
-- Installing: /home/student/ros2_ws/src/eced3901/install/eced3901/share/eced3901/worlds/empty.world
-- Installing: /home/student/ros2_ws/src/eced3901/install/eced3901/share/eced3901/worlds/eced3901_lab4.world
-- Installing: /home/student/ros2_ws/src/eced3901/install/eced3901/lib/eced3901/wp_follower.py
-- Installing: /home/student/ros2_ws/src/eced3901/install/eced3901/lib/eced3901/demo_inspection.py
-- Installing: /home/student/ros2_ws/src/eced3901/install/eced3901/share/ament_index/resource_index/package_run_dependencies/eced3901
-- Installing: /home/student/ros2_ws/src/eced3901/install/eced3901/share/ament_index/resource_index/parent_prefix_path/eced3901
-- Installing: /home/student/ros2_ws/src/eced3901/install/eced3901/share/eced3901/environment/ament_prefix_path.sh
-- Installing: /home/student/ros2_ws/src/eced3901/install/eced3901/share/eced3901/environment/ament_prefix_path.dsv
-- Installing: /home/student/ros2_ws/src/eced3901/install/eced3901/share/eced3901/environment/path.sh
-- Installing: /home/student/ros2_ws/src/eced3901/install/eced3901/share/eced3901/environment/path.dsv
-- Installing: /home/student/ros2_ws/src/eced3901/install/eced3901/share/eced3901/local_setup.bash
-- Installing: /home/student/ros2_ws/src/eced3901/install/eced3901/share/eced3901/local_setup.sh
-- Installing: /home/student/ros2_ws/src/eced3901/install/eced3901/share/eced3901/local_setup.zsh
-- Installing: /home/student/ros2_ws/src/eced3901/install/eced3901/share/eced3901/local_setup.dsv
-- Installing: /home/student/ros2_ws/src/eced3901/install/eced3901/share/eced3901/package.dsv
-- Installing: /home/student/ros2_ws/src/eced3901/install/eced3901/share/ament_index/resource_index/packages/eced3901
-- Installing: /home/student/ros2_ws/src/eced3901/install/eced3901/share/eced3901/cmake/eced3901Config.cmake
-- Installing: /home/student/ros2_ws/src/eced3901/install/eced3901/share/eced3901/cmake/eced3901Config-version.cmake
-- Installing: /home/student/ros2_ws/src/eced3901/install/eced3901/share/eced3901/package.xml
