[0.011s] Invoking command in '/home/student/ros2_ws/src/eced3901/build/eced3901': CMAKE_PREFIX_PATH=${CMAKE_PREFIX_PATH}:/home/student/imu_ws/install/bno055:/home/student/motor_ws/install/dalmotor:/opt/ros/humble /usr/bin/cmake --build /home/student/ros2_ws/src/eced3901/build/eced3901 -- -j4 -l4
[0.080s] [ 40%] Built target talker
[0.080s] [ 40%] Built target Demo2
[0.081s] [ 60%] Built target Demo
[0.083s] [ 80%] Built target dt1
[0.093s] [35m[1mConsolidate compiler generated dependencies of target part1[0m
[0.107s] [ 90%] [32mBuilding CXX object CMakeFiles/part1.dir/src/part1.cpp.o[0m
[10.934s] [100%] [32m[1mLinking CXX executable part1[0m
[11.526s] [100%] Built target part1
[11.535s] Invoked command in '/home/student/ros2_ws/src/eced3901/build/eced3901' returned '0': CMAKE_PREFIX_PATH=${CMAKE_PREFIX_PATH}:/home/student/imu_ws/install/bno055:/home/student/motor_ws/install/dalmotor:/opt/ros/humble /usr/bin/cmake --build /home/student/ros2_ws/src/eced3901/build/eced3901 -- -j4 -l4
[11.544s] Invoking command in '/home/student/ros2_ws/src/eced3901/build/eced3901': CMAKE_PREFIX_PATH=${CMAKE_PREFIX_PATH}:/home/student/imu_ws/install/bno055:/home/student/motor_ws/install/dalmotor:/opt/ros/humble /usr/bin/cmake --install /home/student/ros2_ws/src/eced3901/build/eced3901
[11.551s] -- Install configuration: ""
[11.551s] -- Up-to-date: /home/student/ros2_ws/src/eced3901/install/eced3901/lib/eced3901/talker
[11.551s] -- Up-to-date: /home/student/ros2_ws/src/eced3901/install/eced3901/lib/eced3901/dt1
[11.552s] -- Up-to-date: /home/student/ros2_ws/src/eced3901/install/eced3901/lib/eced3901/Demo2
[11.552s] -- Up-to-date: /home/student/ros2_ws/src/eced3901/install/eced3901/lib/eced3901/Demo
[11.552s] -- Installing: /home/student/ros2_ws/src/eced3901/install/eced3901/lib/eced3901/part1
[11.557s] -- Set runtime path of "/home/student/ros2_ws/src/eced3901/install/eced3901/lib/eced3901/part1" to ""
[11.558s] -- Up-to-date: /home/student/ros2_ws/src/eced3901/install/eced3901/share/eced3901/config
[11.558s] -- Up-to-date: /home/student/ros2_ws/src/eced3901/install/eced3901/share/eced3901/config/ekf.yaml
[11.558s] -- Up-to-date: /home/student/ros2_ws/src/eced3901/install/eced3901/share/eced3901/launch
[11.558s] -- Up-to-date: /home/student/ros2_ws/src/eced3901/install/eced3901/share/eced3901/launch/lab3.launch.py
[11.558s] -- Up-to-date: /home/student/ros2_ws/src/eced3901/install/eced3901/share/eced3901/launch/lab4a.launch.py
[11.558s] -- Up-to-date: /home/student/ros2_ws/src/eced3901/install/eced3901/share/eced3901/launch/lab4b.launch.py
[11.558s] -- Up-to-date: /home/student/ros2_ws/src/eced3901/install/eced3901/share/eced3901/launch/lab6a.launch.py
[11.558s] -- Up-to-date: /home/student/ros2_ws/src/eced3901/install/eced3901/share/eced3901/launch/build
[11.558s] -- Up-to-date: /home/student/ros2_ws/src/eced3901/install/eced3901/share/eced3901/launch/build/COLCON_IGNORE
[11.558s] -- Up-to-date: /home/student/ros2_ws/src/eced3901/install/eced3901/share/eced3901/launch/build/.built_by
[11.558s] -- Up-to-date: /home/student/ros2_ws/src/eced3901/install/eced3901/share/eced3901/launch/demo.launch.py
[11.558s] -- Up-to-date: /home/student/ros2_ws/src/eced3901/install/eced3901/share/eced3901/launch/install
[11.559s] -- Up-to-date: /home/student/ros2_ws/src/eced3901/install/eced3901/share/eced3901/launch/install/setup.sh
[11.559s] -- Up-to-date: /home/student/ros2_ws/src/eced3901/install/eced3901/share/eced3901/launch/install/.colcon_install_layout
[11.559s] -- Up-to-date: /home/student/ros2_ws/src/eced3901/install/eced3901/share/eced3901/launch/install/_local_setup_util_ps1.py
[11.559s] -- Up-to-date: /home/student/ros2_ws/src/eced3901/install/eced3901/share/eced3901/launch/install/setup.zsh
[11.559s] -- Up-to-date: /home/student/ros2_ws/src/eced3901/install/eced3901/share/eced3901/launch/install/local_setup.bash
[11.559s] -- Up-to-date: /home/student/ros2_ws/src/eced3901/install/eced3901/share/eced3901/launch/install/COLCON_IGNORE
[11.559s] -- Up-to-date: /home/student/ros2_ws/src/eced3901/install/eced3901/share/eced3901/launch/install/local_setup.zsh
[11.559s] -- Up-to-date: /home/student/ros2_ws/src/eced3901/install/eced3901/share/eced3901/launch/install/local_setup.sh
[11.559s] -- Up-to-date: /home/student/ros2_ws/src/eced3901/install/eced3901/share/eced3901/launch/install/setup.bash
[11.559s] -- Up-to-date: /home/student/ros2_ws/src/eced3901/install/eced3901/share/eced3901/launch/install/setup.ps1
[11.559s] -- Up-to-date: /home/student/ros2_ws/src/eced3901/install/eced3901/share/eced3901/launch/install/local_setup.ps1
[11.559s] -- Up-to-date: /home/student/ros2_ws/src/eced3901/install/eced3901/share/eced3901/launch/install/_local_setup_util_sh.py
[11.559s] -- Up-to-date: /home/student/ros2_ws/src/eced3901/install/eced3901/share/eced3901/launch/log
[11.559s] -- Up-to-date: /home/student/ros2_ws/src/eced3901/install/eced3901/share/eced3901/launch/log/COLCON_IGNORE
[11.559s] -- Up-to-date: /home/student/ros2_ws/src/eced3901/install/eced3901/share/eced3901/launch/log/build_2026-03-05_10-38-55
[11.560s] -- Up-to-date: /home/student/ros2_ws/src/eced3901/install/eced3901/share/eced3901/launch/log/build_2026-03-05_10-38-55/logger_all.log
[11.560s] -- Up-to-date: /home/student/ros2_ws/src/eced3901/install/eced3901/share/eced3901/launch/log/build_2026-03-05_10-38-55/events.log
[11.560s] -- Up-to-date: /home/student/ros2_ws/src/eced3901/install/eced3901/share/eced3901/launch/log/latest_build
[11.560s] -- Up-to-date: /home/student/ros2_ws/src/eced3901/install/eced3901/share/eced3901/launch/log/latest
[11.560s] -- Up-to-date: /home/student/ros2_ws/src/eced3901/install/eced3901/share/eced3901/launch/lab5dt2.launch.py
[11.560s] -- Up-to-date: /home/student/ros2_ws/src/eced3901/install/eced3901/share/eced3901/launch/lab7nav.launch.py
[11.560s] -- Up-to-date: /home/student/ros2_ws/src/eced3901/install/eced3901/share/eced3901/launch/lab5.launch.py
[11.560s] -- Up-to-date: /home/student/ros2_ws/src/eced3901/install/eced3901/share/eced3901/launch/part2.py
[11.560s] -- Up-to-date: /home/student/ros2_ws/src/eced3901/install/eced3901/share/eced3901/launch/lab6b.launch.py
[11.560s] -- Up-to-date: /home/student/ros2_ws/src/eced3901/install/eced3901/share/eced3901/launch/lab7full.launch.py
[11.560s] -- Up-to-date: /home/student/ros2_ws/src/eced3901/install/eced3901/share/eced3901/launch/lab6nav.launch.py
[11.560s] -- Up-to-date: /home/student/ros2_ws/src/eced3901/install/eced3901/share/eced3901/maps
[11.561s] -- Up-to-date: /home/student/ros2_ws/src/eced3901/install/eced3901/share/eced3901/maps/lab4_map.yaml
[11.561s] -- Up-to-date: /home/student/ros2_ws/src/eced3901/install/eced3901/share/eced3901/maps/lab4_map.pgm
[11.561s] -- Up-to-date: /home/student/ros2_ws/src/eced3901/install/eced3901/share/eced3901/models
[11.561s] -- Up-to-date: /home/student/ros2_ws/src/eced3901/install/eced3901/share/eced3901/models/eced3901bot_description
[11.561s] -- Up-to-date: /home/student/ros2_ws/src/eced3901/install/eced3901/share/eced3901/models/eced3901bot_description/model.sdf
[11.561s] -- Up-to-date: /home/student/ros2_ws/src/eced3901/install/eced3901/share/eced3901/models/eced3901bot_description/model.config
[11.561s] -- Up-to-date: /home/student/ros2_ws/src/eced3901/install/eced3901/share/eced3901/models/eced3901_lab4
[11.561s] -- Up-to-date: /home/student/ros2_ws/src/eced3901/install/eced3901/share/eced3901/models/eced3901_lab4/model.sdf
[11.561s] -- Up-to-date: /home/student/ros2_ws/src/eced3901/install/eced3901/share/eced3901/models/eced3901_lab4/model.config
[11.561s] -- Up-to-date: /home/student/ros2_ws/src/eced3901/install/eced3901/share/eced3901/models/eced3901bot.urdf
[11.561s] -- Up-to-date: /home/student/ros2_ws/src/eced3901/install/eced3901/share/eced3901/params
[11.561s] -- Up-to-date: /home/student/ros2_ws/src/eced3901/install/eced3901/share/eced3901/params/nav2_params.yaml
[11.561s] -- Up-to-date: /home/student/ros2_ws/src/eced3901/install/eced3901/share/eced3901/rviz
[11.562s] -- Up-to-date: /home/student/ros2_ws/src/eced3901/install/eced3901/share/eced3901/rviz/nav2_config.rviz
[11.562s] -- Up-to-date: /home/student/ros2_ws/src/eced3901/install/eced3901/share/eced3901/rviz/urdf_config.rviz
[11.562s] -- Up-to-date: /home/student/ros2_ws/src/eced3901/install/eced3901/share/eced3901/rviz/nav2.rviz
[11.562s] -- Up-to-date: /home/student/ros2_ws/src/eced3901/install/eced3901/share/eced3901/src
[11.562s] -- Up-to-date: /home/student/ros2_ws/src/eced3901/install/eced3901/share/eced3901/src/Test5.cpp
[11.562s] -- Up-to-date: /home/student/ros2_ws/src/eced3901/install/eced3901/share/eced3901/src/Demo.cpp
[11.562s] -- Installing: /home/student/ros2_ws/src/eced3901/install/eced3901/share/eced3901/src/part1.cpp
[11.562s] -- Up-to-date: /home/student/ros2_ws/src/eced3901/install/eced3901/share/eced3901/src/publisher_member_function.cpp
[11.562s] -- Up-to-date: /home/student/ros2_ws/src/eced3901/install/eced3901/share/eced3901/src/build
[11.562s] -- Up-to-date: /home/student/ros2_ws/src/eced3901/install/eced3901/share/eced3901/src/build/COLCON_IGNORE
[11.562s] -- Up-to-date: /home/student/ros2_ws/src/eced3901/install/eced3901/share/eced3901/src/build/.built_by
[11.563s] -- Up-to-date: /home/student/ros2_ws/src/eced3901/install/eced3901/share/eced3901/src/Test4.cpp
[11.563s] -- Up-to-date: /home/student/ros2_ws/src/eced3901/install/eced3901/share/eced3901/src/install
[11.563s] -- Up-to-date: /home/student/ros2_ws/src/eced3901/install/eced3901/share/eced3901/src/install/setup.sh
[11.563s] -- Up-to-date: /home/student/ros2_ws/src/eced3901/install/eced3901/share/eced3901/src/install/.colcon_install_layout
[11.563s] -- Up-to-date: /home/student/ros2_ws/src/eced3901/install/eced3901/share/eced3901/src/install/_local_setup_util_ps1.py
[11.563s] -- Up-to-date: /home/student/ros2_ws/src/eced3901/install/eced3901/share/eced3901/src/install/setup.zsh
[11.563s] -- Up-to-date: /home/student/ros2_ws/src/eced3901/install/eced3901/share/eced3901/src/install/local_setup.bash
[11.563s] -- Up-to-date: /home/student/ros2_ws/src/eced3901/install/eced3901/share/eced3901/src/install/COLCON_IGNORE
[11.564s] -- Up-to-date: /home/student/ros2_ws/src/eced3901/install/eced3901/share/eced3901/src/install/local_setup.zsh
[11.564s] -- Up-to-date: /home/student/ros2_ws/src/eced3901/install/eced3901/share/eced3901/src/install/local_setup.sh
[11.564s] -- Up-to-date: /home/student/ros2_ws/src/eced3901/install/eced3901/share/eced3901/src/install/setup.bash
[11.564s] -- Up-to-date: /home/student/ros2_ws/src/eced3901/install/eced3901/share/eced3901/src/install/setup.ps1
[11.564s] -- Up-to-date: /home/student/ros2_ws/src/eced3901/install/eced3901/share/eced3901/src/install/local_setup.ps1
[11.564s] -- Up-to-date: /home/student/ros2_ws/src/eced3901/install/eced3901/share/eced3901/src/install/_local_setup_util_sh.py
[11.564s] -- Up-to-date: /home/student/ros2_ws/src/eced3901/install/eced3901/share/eced3901/src/eced3901_dt1.cpp
[11.564s] -- Up-to-date: /home/student/ros2_ws/src/eced3901/install/eced3901/share/eced3901/src/log
[11.564s] -- Up-to-date: /home/student/ros2_ws/src/eced3901/install/eced3901/share/eced3901/src/log/COLCON_IGNORE
[11.564s] -- Up-to-date: /home/student/ros2_ws/src/eced3901/install/eced3901/share/eced3901/src/log/build_2026-03-04_09-18-31
[11.564s] -- Up-to-date: /home/student/ros2_ws/src/eced3901/install/eced3901/share/eced3901/src/log/build_2026-03-04_09-18-31/logger_all.log
[11.564s] -- Up-to-date: /home/student/ros2_ws/src/eced3901/install/eced3901/share/eced3901/src/log/build_2026-03-04_09-18-31/events.log
[11.564s] -- Up-to-date: /home/student/ros2_ws/src/eced3901/install/eced3901/share/eced3901/src/log/latest_build
[11.564s] -- Up-to-date: /home/student/ros2_ws/src/eced3901/install/eced3901/share/eced3901/src/log/latest
[11.564s] -- Up-to-date: /home/student/ros2_ws/src/eced3901/install/eced3901/share/eced3901/src/log/build_2026-03-04_13-17-03
[11.565s] -- Up-to-date: /home/student/ros2_ws/src/eced3901/install/eced3901/share/eced3901/src/log/build_2026-03-04_13-17-03/logger_all.log
[11.565s] -- Up-to-date: /home/student/ros2_ws/src/eced3901/install/eced3901/share/eced3901/src/log/build_2026-03-04_13-17-03/events.log
[11.565s] -- Up-to-date: /home/student/ros2_ws/src/eced3901/install/eced3901/share/eced3901/src/Test3.cpp
[11.565s] -- Up-to-date: /home/student/ros2_ws/src/eced3901/install/eced3901/share/eced3901/src/Demo2.cpp
[11.565s] -- Up-to-date: /home/student/ros2_ws/src/eced3901/install/eced3901/share/eced3901/src/Test1.cpp
[11.565s] -- Up-to-date: /home/student/ros2_ws/src/eced3901/install/eced3901/share/eced3901/src/Test2.cpp
[11.565s] -- Up-to-date: /home/student/ros2_ws/src/eced3901/install/eced3901/share/eced3901/worlds
[11.565s] -- Up-to-date: /home/student/ros2_ws/src/eced3901/install/eced3901/share/eced3901/worlds/eced3901_lab6.world
[11.565s] -- Up-to-date: /home/student/ros2_ws/src/eced3901/install/eced3901/share/eced3901/worlds/empty.world
[11.565s] -- Up-to-date: /home/student/ros2_ws/src/eced3901/install/eced3901/share/eced3901/worlds/eced3901_lab4.world
[11.565s] -- Up-to-date: /home/student/ros2_ws/src/eced3901/install/eced3901/lib/eced3901/wp_follower.py
[11.565s] -- Up-to-date: /home/student/ros2_ws/src/eced3901/install/eced3901/lib/eced3901/demo_inspection.py
[11.565s] -- Up-to-date: /home/student/ros2_ws/src/eced3901/install/eced3901/lib/eced3901/part3.py
[11.565s] -- Up-to-date: /home/student/ros2_ws/src/eced3901/install/eced3901/lib/eced3901/wp_demo.py
[11.566s] -- Up-to-date: /home/student/ros2_ws/src/eced3901/install/eced3901/share/ament_index/resource_index/package_run_dependencies/eced3901
[11.566s] -- Up-to-date: /home/student/ros2_ws/src/eced3901/install/eced3901/share/ament_index/resource_index/parent_prefix_path/eced3901
[11.566s] -- Up-to-date: /home/student/ros2_ws/src/eced3901/install/eced3901/share/eced3901/environment/ament_prefix_path.sh
[11.566s] -- Up-to-date: /home/student/ros2_ws/src/eced3901/install/eced3901/share/eced3901/environment/ament_prefix_path.dsv
[11.566s] -- Up-to-date: /home/student/ros2_ws/src/eced3901/install/eced3901/share/eced3901/environment/path.sh
[11.566s] -- Up-to-date: /home/student/ros2_ws/src/eced3901/install/eced3901/share/eced3901/environment/path.dsv
[11.566s] -- Up-to-date: /home/student/ros2_ws/src/eced3901/install/eced3901/share/eced3901/local_setup.bash
[11.566s] -- Up-to-date: /home/student/ros2_ws/src/eced3901/install/eced3901/share/eced3901/local_setup.sh
[11.566s] -- Up-to-date: /home/student/ros2_ws/src/eced3901/install/eced3901/share/eced3901/local_setup.zsh
[11.566s] -- Up-to-date: /home/student/ros2_ws/src/eced3901/install/eced3901/share/eced3901/local_setup.dsv
[11.566s] -- Installing: /home/student/ros2_ws/src/eced3901/install/eced3901/share/eced3901/package.dsv
[11.566s] -- Up-to-date: /home/student/ros2_ws/src/eced3901/install/eced3901/share/ament_index/resource_index/packages/eced3901
[11.566s] -- Up-to-date: /home/student/ros2_ws/src/eced3901/install/eced3901/share/eced3901/cmake/eced3901Config.cmake
[11.566s] -- Up-to-date: /home/student/ros2_ws/src/eced3901/install/eced3901/share/eced3901/cmake/eced3901Config-version.cmake
[11.566s] -- Up-to-date: /home/student/ros2_ws/src/eced3901/install/eced3901/share/eced3901/package.xml
[11.567s] Invoked command in '/home/student/ros2_ws/src/eced3901/build/eced3901' returned '0': CMAKE_PREFIX_PATH=${CMAKE_PREFIX_PATH}:/home/student/imu_ws/install/bno055:/home/student/motor_ws/install/dalmotor:/opt/ros/humble /usr/bin/cmake --install /home/student/ros2_ws/src/eced3901/build/eced3901
