[0.012s] Invoking command in '/home/student/ros2_ws/src/eced3901/build/eced3901': CMAKE_PREFIX_PATH=${CMAKE_PREFIX_PATH}:/home/student/imu_ws/install/bno055:/home/student/motor_ws/install/dalmotor:/opt/ros/humble /usr/bin/cmake --build /home/student/ros2_ws/src/eced3901/build/eced3901 -- -j4 -l4
[0.098s] [ 16%] Built target Demo
[0.098s] [ 33%] Built target Demo2
[0.099s] [ 50%] Built target dt1
[0.102s] [ 66%] Built target talker
[0.107s] [35m[1mConsolidate compiler generated dependencies of target part1[0m
[0.109s] [35m[1mConsolidate compiler generated dependencies of target openo[0m
[0.123s] [ 75%] [32mBuilding CXX object CMakeFiles/part1.dir/src/part1.cpp.o[0m
[0.124s] [ 91%] Built target openo
[11.073s] [100%] [32m[1mLinking CXX executable part1[0m
[11.686s] [100%] Built target part1
[11.696s] Invoked command in '/home/student/ros2_ws/src/eced3901/build/eced3901' returned '0': CMAKE_PREFIX_PATH=${CMAKE_PREFIX_PATH}:/home/student/imu_ws/install/bno055:/home/student/motor_ws/install/dalmotor:/opt/ros/humble /usr/bin/cmake --build /home/student/ros2_ws/src/eced3901/build/eced3901 -- -j4 -l4
[11.705s] Invoking command in '/home/student/ros2_ws/src/eced3901/build/eced3901': CMAKE_PREFIX_PATH=${CMAKE_PREFIX_PATH}:/home/student/imu_ws/install/bno055:/home/student/motor_ws/install/dalmotor:/opt/ros/humble /usr/bin/cmake --install /home/student/ros2_ws/src/eced3901/build/eced3901
[11.714s] -- Install configuration: ""
[11.714s] -- Up-to-date: /home/student/ros2_ws/src/eced3901/install/eced3901/lib/eced3901/talker
[11.714s] -- Up-to-date: /home/student/ros2_ws/src/eced3901/install/eced3901/lib/eced3901/dt1
[11.714s] -- Up-to-date: /home/student/ros2_ws/src/eced3901/install/eced3901/lib/eced3901/Demo2
[11.715s] -- Up-to-date: /home/student/ros2_ws/src/eced3901/install/eced3901/lib/eced3901/Demo
[11.715s] -- Installing: /home/student/ros2_ws/src/eced3901/install/eced3901/lib/eced3901/part1
[11.720s] -- Set runtime path of "/home/student/ros2_ws/src/eced3901/install/eced3901/lib/eced3901/part1" to ""
[11.720s] -- Installing: /home/student/ros2_ws/src/eced3901/install/eced3901/lib/eced3901/openo
[11.723s] -- Set runtime path of "/home/student/ros2_ws/src/eced3901/install/eced3901/lib/eced3901/openo" to ""
[11.723s] -- Up-to-date: /home/student/ros2_ws/src/eced3901/install/eced3901/share/eced3901/config
[11.724s] -- Up-to-date: /home/student/ros2_ws/src/eced3901/install/eced3901/share/eced3901/config/ekf.yaml
[11.724s] -- Up-to-date: /home/student/ros2_ws/src/eced3901/install/eced3901/share/eced3901/launch
[11.724s] -- Up-to-date: /home/student/ros2_ws/src/eced3901/install/eced3901/share/eced3901/launch/lab3.launch.py
[11.724s] -- Up-to-date: /home/student/ros2_ws/src/eced3901/install/eced3901/share/eced3901/launch/lab4a.launch.py
[11.724s] -- Up-to-date: /home/student/ros2_ws/src/eced3901/install/eced3901/share/eced3901/launch/lab4b.launch.py
[11.724s] -- Up-to-date: /home/student/ros2_ws/src/eced3901/install/eced3901/share/eced3901/launch/lab6a.launch.py
[11.724s] -- Up-to-date: /home/student/ros2_ws/src/eced3901/install/eced3901/share/eced3901/launch/build
[11.724s] -- Up-to-date: /home/student/ros2_ws/src/eced3901/install/eced3901/share/eced3901/launch/build/COLCON_IGNORE
[11.725s] -- Up-to-date: /home/student/ros2_ws/src/eced3901/install/eced3901/share/eced3901/launch/build/.built_by
[11.725s] -- Up-to-date: /home/student/ros2_ws/src/eced3901/install/eced3901/share/eced3901/launch/demo.launch.py
[11.725s] -- Up-to-date: /home/student/ros2_ws/src/eced3901/install/eced3901/share/eced3901/launch/install
[11.725s] -- Up-to-date: /home/student/ros2_ws/src/eced3901/install/eced3901/share/eced3901/launch/install/setup.sh
[11.725s] -- Up-to-date: /home/student/ros2_ws/src/eced3901/install/eced3901/share/eced3901/launch/install/.colcon_install_layout
[11.725s] -- Up-to-date: /home/student/ros2_ws/src/eced3901/install/eced3901/share/eced3901/launch/install/_local_setup_util_ps1.py
[11.725s] -- Up-to-date: /home/student/ros2_ws/src/eced3901/install/eced3901/share/eced3901/launch/install/setup.zsh
[11.725s] -- Up-to-date: /home/student/ros2_ws/src/eced3901/install/eced3901/share/eced3901/launch/install/local_setup.bash
[11.725s] -- Up-to-date: /home/student/ros2_ws/src/eced3901/install/eced3901/share/eced3901/launch/install/COLCON_IGNORE
[11.725s] -- Up-to-date: /home/student/ros2_ws/src/eced3901/install/eced3901/share/eced3901/launch/install/local_setup.zsh
[11.725s] -- Up-to-date: /home/student/ros2_ws/src/eced3901/install/eced3901/share/eced3901/launch/install/local_setup.sh
[11.725s] -- Up-to-date: /home/student/ros2_ws/src/eced3901/install/eced3901/share/eced3901/launch/install/setup.bash
[11.725s] -- Up-to-date: /home/student/ros2_ws/src/eced3901/install/eced3901/share/eced3901/launch/install/setup.ps1
[11.726s] -- Up-to-date: /home/student/ros2_ws/src/eced3901/install/eced3901/share/eced3901/launch/install/local_setup.ps1
[11.726s] -- Up-to-date: /home/student/ros2_ws/src/eced3901/install/eced3901/share/eced3901/launch/install/_local_setup_util_sh.py
[11.726s] -- Up-to-date: /home/student/ros2_ws/src/eced3901/install/eced3901/share/eced3901/launch/log
[11.726s] -- Up-to-date: /home/student/ros2_ws/src/eced3901/install/eced3901/share/eced3901/launch/log/COLCON_IGNORE
[11.726s] -- Up-to-date: /home/student/ros2_ws/src/eced3901/install/eced3901/share/eced3901/launch/log/build_2026-03-05_10-38-55
[11.726s] -- Up-to-date: /home/student/ros2_ws/src/eced3901/install/eced3901/share/eced3901/launch/log/build_2026-03-05_10-38-55/logger_all.log
[11.726s] -- Up-to-date: /home/student/ros2_ws/src/eced3901/install/eced3901/share/eced3901/launch/log/build_2026-03-05_10-38-55/events.log
[11.726s] -- Up-to-date: /home/student/ros2_ws/src/eced3901/install/eced3901/share/eced3901/launch/log/latest_build
[11.726s] -- Up-to-date: /home/student/ros2_ws/src/eced3901/install/eced3901/share/eced3901/launch/log/latest
[11.726s] -- Up-to-date: /home/student/ros2_ws/src/eced3901/install/eced3901/share/eced3901/launch/lab5dt2.launch.py
[11.726s] -- Up-to-date: /home/student/ros2_ws/src/eced3901/install/eced3901/share/eced3901/launch/lab7nav.launch.py
[11.727s] -- Up-to-date: /home/student/ros2_ws/src/eced3901/install/eced3901/share/eced3901/launch/lab5.launch.py
[11.727s] -- Up-to-date: /home/student/ros2_ws/src/eced3901/install/eced3901/share/eced3901/launch/part2.py
[11.727s] -- Up-to-date: /home/student/ros2_ws/src/eced3901/install/eced3901/share/eced3901/launch/lab6b.launch.py
[11.727s] -- Up-to-date: /home/student/ros2_ws/src/eced3901/install/eced3901/share/eced3901/launch/lab7full.launch.py
[11.727s] -- Up-to-date: /home/student/ros2_ws/src/eced3901/install/eced3901/share/eced3901/launch/lab6nav.launch.py
[11.727s] -- Up-to-date: /home/student/ros2_ws/src/eced3901/install/eced3901/share/eced3901/maps
[11.727s] -- Up-to-date: /home/student/ros2_ws/src/eced3901/install/eced3901/share/eced3901/maps/lab4_map.yaml
[11.727s] -- Up-to-date: /home/student/ros2_ws/src/eced3901/install/eced3901/share/eced3901/maps/lab4_map.pgm
[11.727s] -- Up-to-date: /home/student/ros2_ws/src/eced3901/install/eced3901/share/eced3901/models
[11.727s] -- Up-to-date: /home/student/ros2_ws/src/eced3901/install/eced3901/share/eced3901/models/eced3901bot_description
[11.727s] -- Up-to-date: /home/student/ros2_ws/src/eced3901/install/eced3901/share/eced3901/models/eced3901bot_description/model.sdf
[11.727s] -- Up-to-date: /home/student/ros2_ws/src/eced3901/install/eced3901/share/eced3901/models/eced3901bot_description/model.config
[11.727s] -- Up-to-date: /home/student/ros2_ws/src/eced3901/install/eced3901/share/eced3901/models/eced3901_lab4
[11.727s] -- Up-to-date: /home/student/ros2_ws/src/eced3901/install/eced3901/share/eced3901/models/eced3901_lab4/model.sdf
[11.728s] -- Up-to-date: /home/student/ros2_ws/src/eced3901/install/eced3901/share/eced3901/models/eced3901_lab4/model.config
[11.728s] -- Up-to-date: /home/student/ros2_ws/src/eced3901/install/eced3901/share/eced3901/models/eced3901bot.urdf
[11.728s] -- Up-to-date: /home/student/ros2_ws/src/eced3901/install/eced3901/share/eced3901/params
[11.728s] -- Up-to-date: /home/student/ros2_ws/src/eced3901/install/eced3901/share/eced3901/params/nav2_params.yaml
[11.728s] -- Up-to-date: /home/student/ros2_ws/src/eced3901/install/eced3901/share/eced3901/rviz
[11.728s] -- Up-to-date: /home/student/ros2_ws/src/eced3901/install/eced3901/share/eced3901/rviz/nav2_config.rviz
[11.728s] -- Up-to-date: /home/student/ros2_ws/src/eced3901/install/eced3901/share/eced3901/rviz/urdf_config.rviz
[11.728s] -- Up-to-date: /home/student/ros2_ws/src/eced3901/install/eced3901/share/eced3901/rviz/nav2.rviz
[11.728s] -- Up-to-date: /home/student/ros2_ws/src/eced3901/install/eced3901/share/eced3901/src
[11.728s] -- Up-to-date: /home/student/ros2_ws/src/eced3901/install/eced3901/share/eced3901/src/Test5.cpp
[11.728s] -- Up-to-date: /home/student/ros2_ws/src/eced3901/install/eced3901/share/eced3901/src/Demo.cpp
[11.728s] -- Installing: /home/student/ros2_ws/src/eced3901/install/eced3901/share/eced3901/src/part1.cpp
[11.728s] -- Up-to-date: /home/student/ros2_ws/src/eced3901/install/eced3901/share/eced3901/src/publisher_member_function.cpp
[11.728s] -- Up-to-date: /home/student/ros2_ws/src/eced3901/install/eced3901/share/eced3901/src/build
[11.728s] -- Up-to-date: /home/student/ros2_ws/src/eced3901/install/eced3901/share/eced3901/src/build/COLCON_IGNORE
[11.729s] -- Up-to-date: /home/student/ros2_ws/src/eced3901/install/eced3901/share/eced3901/src/build/.built_by
[11.729s] -- Up-to-date: /home/student/ros2_ws/src/eced3901/install/eced3901/share/eced3901/src/Test4.cpp
[11.729s] -- Up-to-date: /home/student/ros2_ws/src/eced3901/install/eced3901/share/eced3901/src/install
[11.729s] -- Up-to-date: /home/student/ros2_ws/src/eced3901/install/eced3901/share/eced3901/src/install/setup.sh
[11.729s] -- Up-to-date: /home/student/ros2_ws/src/eced3901/install/eced3901/share/eced3901/src/install/.colcon_install_layout
[11.729s] -- Up-to-date: /home/student/ros2_ws/src/eced3901/install/eced3901/share/eced3901/src/install/_local_setup_util_ps1.py
[11.729s] -- Up-to-date: /home/student/ros2_ws/src/eced3901/install/eced3901/share/eced3901/src/install/setup.zsh
[11.729s] -- Up-to-date: /home/student/ros2_ws/src/eced3901/install/eced3901/share/eced3901/src/install/local_setup.bash
[11.729s] -- Up-to-date: /home/student/ros2_ws/src/eced3901/install/eced3901/share/eced3901/src/install/COLCON_IGNORE
[11.729s] -- Up-to-date: /home/student/ros2_ws/src/eced3901/install/eced3901/share/eced3901/src/install/local_setup.zsh
[11.729s] -- Up-to-date: /home/student/ros2_ws/src/eced3901/install/eced3901/share/eced3901/src/install/local_setup.sh
[11.729s] -- Up-to-date: /home/student/ros2_ws/src/eced3901/install/eced3901/share/eced3901/src/install/setup.bash
[11.730s] -- Up-to-date: /home/student/ros2_ws/src/eced3901/install/eced3901/share/eced3901/src/install/setup.ps1
[11.730s] -- Up-to-date: /home/student/ros2_ws/src/eced3901/install/eced3901/share/eced3901/src/install/local_setup.ps1
[11.730s] -- Up-to-date: /home/student/ros2_ws/src/eced3901/install/eced3901/share/eced3901/src/install/_local_setup_util_sh.py
[11.730s] -- Up-to-date: /home/student/ros2_ws/src/eced3901/install/eced3901/share/eced3901/src/eced3901_dt1.cpp
[11.730s] -- Up-to-date: /home/student/ros2_ws/src/eced3901/install/eced3901/share/eced3901/src/log
[11.730s] -- Up-to-date: /home/student/ros2_ws/src/eced3901/install/eced3901/share/eced3901/src/log/COLCON_IGNORE
[11.730s] -- Up-to-date: /home/student/ros2_ws/src/eced3901/install/eced3901/share/eced3901/src/log/build_2026-03-04_09-18-31
[11.730s] -- Up-to-date: /home/student/ros2_ws/src/eced3901/install/eced3901/share/eced3901/src/log/build_2026-03-04_09-18-31/logger_all.log
[11.730s] -- Up-to-date: /home/student/ros2_ws/src/eced3901/install/eced3901/share/eced3901/src/log/build_2026-03-04_09-18-31/events.log
[11.730s] -- Up-to-date: /home/student/ros2_ws/src/eced3901/install/eced3901/share/eced3901/src/log/latest_build
[11.730s] -- Up-to-date: /home/student/ros2_ws/src/eced3901/install/eced3901/share/eced3901/src/log/latest
[11.730s] -- Up-to-date: /home/student/ros2_ws/src/eced3901/install/eced3901/share/eced3901/src/log/build_2026-03-04_13-17-03
[11.730s] -- Up-to-date: /home/student/ros2_ws/src/eced3901/install/eced3901/share/eced3901/src/log/build_2026-03-04_13-17-03/logger_all.log
[11.731s] -- Up-to-date: /home/student/ros2_ws/src/eced3901/install/eced3901/share/eced3901/src/log/build_2026-03-04_13-17-03/events.log
[11.731s] -- Installing: /home/student/ros2_ws/src/eced3901/install/eced3901/share/eced3901/src/openo.cpp
[11.731s] -- Up-to-date: /home/student/ros2_ws/src/eced3901/install/eced3901/share/eced3901/src/Test3.cpp
[11.731s] -- Up-to-date: /home/student/ros2_ws/src/eced3901/install/eced3901/share/eced3901/src/Demo2.cpp
[11.731s] -- Up-to-date: /home/student/ros2_ws/src/eced3901/install/eced3901/share/eced3901/src/Test1.cpp
[11.731s] -- Up-to-date: /home/student/ros2_ws/src/eced3901/install/eced3901/share/eced3901/src/Test2.cpp
[11.731s] -- Up-to-date: /home/student/ros2_ws/src/eced3901/install/eced3901/share/eced3901/worlds
[11.731s] -- Up-to-date: /home/student/ros2_ws/src/eced3901/install/eced3901/share/eced3901/worlds/eced3901_lab6.world
[11.731s] -- Up-to-date: /home/student/ros2_ws/src/eced3901/install/eced3901/share/eced3901/worlds/empty.world
[11.731s] -- Up-to-date: /home/student/ros2_ws/src/eced3901/install/eced3901/share/eced3901/worlds/eced3901_lab4.world
[11.731s] -- Up-to-date: /home/student/ros2_ws/src/eced3901/install/eced3901/lib/eced3901/wp_follower.py
[11.732s] -- Up-to-date: /home/student/ros2_ws/src/eced3901/install/eced3901/lib/eced3901/demo_inspection.py
[11.732s] -- Up-to-date: /home/student/ros2_ws/src/eced3901/install/eced3901/lib/eced3901/part3.py
[11.732s] -- Up-to-date: /home/student/ros2_ws/src/eced3901/install/eced3901/lib/eced3901/wp_demo.py
[11.732s] -- Up-to-date: /home/student/ros2_ws/src/eced3901/install/eced3901/share/ament_index/resource_index/package_run_dependencies/eced3901
[11.732s] -- Up-to-date: /home/student/ros2_ws/src/eced3901/install/eced3901/share/ament_index/resource_index/parent_prefix_path/eced3901
[11.732s] -- Up-to-date: /home/student/ros2_ws/src/eced3901/install/eced3901/share/eced3901/environment/ament_prefix_path.sh
[11.732s] -- Installing: /home/student/ros2_ws/src/eced3901/install/eced3901/share/eced3901/environment/ament_prefix_path.dsv
[11.732s] -- Up-to-date: /home/student/ros2_ws/src/eced3901/install/eced3901/share/eced3901/environment/path.sh
[11.732s] -- Installing: /home/student/ros2_ws/src/eced3901/install/eced3901/share/eced3901/environment/path.dsv
[11.732s] -- Up-to-date: /home/student/ros2_ws/src/eced3901/install/eced3901/share/eced3901/local_setup.bash
[11.732s] -- Up-to-date: /home/student/ros2_ws/src/eced3901/install/eced3901/share/eced3901/local_setup.sh
[11.732s] -- Up-to-date: /home/student/ros2_ws/src/eced3901/install/eced3901/share/eced3901/local_setup.zsh
[11.733s] -- Installing: /home/student/ros2_ws/src/eced3901/install/eced3901/share/eced3901/local_setup.dsv
[11.733s] -- Installing: /home/student/ros2_ws/src/eced3901/install/eced3901/share/eced3901/package.dsv
[11.733s] -- Up-to-date: /home/student/ros2_ws/src/eced3901/install/eced3901/share/ament_index/resource_index/packages/eced3901
[11.733s] -- Up-to-date: /home/student/ros2_ws/src/eced3901/install/eced3901/share/eced3901/cmake/eced3901Config.cmake
[11.733s] -- Up-to-date: /home/student/ros2_ws/src/eced3901/install/eced3901/share/eced3901/cmake/eced3901Config-version.cmake
[11.733s] -- Up-to-date: /home/student/ros2_ws/src/eced3901/install/eced3901/share/eced3901/package.xml
[11.733s] Invoked command in '/home/student/ros2_ws/src/eced3901/build/eced3901' returned '0': CMAKE_PREFIX_PATH=${CMAKE_PREFIX_PATH}:/home/student/imu_ws/install/bno055:/home/student/motor_ws/install/dalmotor:/opt/ros/humble /usr/bin/cmake --install /home/student/ros2_ws/src/eced3901/build/eced3901
