[0.014s] Invoking command in '/home/student/ros2_ws/src/eced3901/build/eced3901': CMAKE_PREFIX_PATH=${CMAKE_PREFIX_PATH}:/home/student/imu_ws/install/bno055:/home/student/motor_ws/install/dalmotor:/opt/ros/humble /usr/bin/cmake --build /home/student/ros2_ws/src/eced3901/build/eced3901 -- -j4 -l4
[0.075s] [ 25%] Built target talker
[0.075s] [ 25%] Built target dt1
[0.075s] [ 37%] Built target Demo2
[0.076s] [ 50%] Built target Demo
[0.092s] [35m[1mConsolidate compiler generated dependencies of target openo[0m
[0.110s] [ 62%] Built target openo2
[0.113s] [ 75%] Built target openo
[0.113s] [ 81%] [32mBuilding CXX object CMakeFiles/part1.dir/src/part1.cpp.o[0m
[0.113s] [ 93%] Built target flipped
[11.968s] [100%] [32m[1mLinking CXX executable part1[0m
[12.697s] [100%] Built target part1
[12.708s] Invoked command in '/home/student/ros2_ws/src/eced3901/build/eced3901' returned '0': CMAKE_PREFIX_PATH=${CMAKE_PREFIX_PATH}:/home/student/imu_ws/install/bno055:/home/student/motor_ws/install/dalmotor:/opt/ros/humble /usr/bin/cmake --build /home/student/ros2_ws/src/eced3901/build/eced3901 -- -j4 -l4
[12.718s] Invoking command in '/home/student/ros2_ws/src/eced3901/build/eced3901': CMAKE_PREFIX_PATH=${CMAKE_PREFIX_PATH}:/home/student/imu_ws/install/bno055:/home/student/motor_ws/install/dalmotor:/opt/ros/humble /usr/bin/cmake --install /home/student/ros2_ws/src/eced3901/build/eced3901
[12.726s] -- Install configuration: ""
[12.727s] -- Up-to-date: /home/student/ros2_ws/src/eced3901/install/eced3901/lib/eced3901/talker
[12.727s] -- Up-to-date: /home/student/ros2_ws/src/eced3901/install/eced3901/lib/eced3901/dt1
[12.728s] -- Up-to-date: /home/student/ros2_ws/src/eced3901/install/eced3901/lib/eced3901/Demo2
[12.729s] -- Up-to-date: /home/student/ros2_ws/src/eced3901/install/eced3901/lib/eced3901/Demo
[12.731s] -- Installing: /home/student/ros2_ws/src/eced3901/install/eced3901/lib/eced3901/part1
[12.735s] -- Set runtime path of "/home/student/ros2_ws/src/eced3901/install/eced3901/lib/eced3901/part1" to ""
[12.735s] -- Up-to-date: /home/student/ros2_ws/src/eced3901/install/eced3901/lib/eced3901/openo
[12.735s] -- Up-to-date: /home/student/ros2_ws/src/eced3901/install/eced3901/lib/eced3901/openo2
[12.737s] -- Up-to-date: /home/student/ros2_ws/src/eced3901/install/eced3901/lib/eced3901/flipped
[12.737s] -- Up-to-date: /home/student/ros2_ws/src/eced3901/install/eced3901/share/eced3901/config
[12.737s] -- Up-to-date: /home/student/ros2_ws/src/eced3901/install/eced3901/share/eced3901/config/ekf.yaml
[12.737s] -- Up-to-date: /home/student/ros2_ws/src/eced3901/install/eced3901/share/eced3901/launch
[12.738s] -- Up-to-date: /home/student/ros2_ws/src/eced3901/install/eced3901/share/eced3901/launch/lab3.launch.py
[12.738s] -- Up-to-date: /home/student/ros2_ws/src/eced3901/install/eced3901/share/eced3901/launch/lab4a.launch.py
[12.738s] -- Up-to-date: /home/student/ros2_ws/src/eced3901/install/eced3901/share/eced3901/launch/lab4b.launch.py
[12.738s] -- Up-to-date: /home/student/ros2_ws/src/eced3901/install/eced3901/share/eced3901/launch/lab6a.launch.py
[12.738s] -- Up-to-date: /home/student/ros2_ws/src/eced3901/install/eced3901/share/eced3901/launch/build
[12.738s] -- Up-to-date: /home/student/ros2_ws/src/eced3901/install/eced3901/share/eced3901/launch/build/COLCON_IGNORE
[12.738s] -- Up-to-date: /home/student/ros2_ws/src/eced3901/install/eced3901/share/eced3901/launch/build/.built_by
[12.738s] -- Up-to-date: /home/student/ros2_ws/src/eced3901/install/eced3901/share/eced3901/launch/demo.launch.py
[12.739s] -- Up-to-date: /home/student/ros2_ws/src/eced3901/install/eced3901/share/eced3901/launch/install
[12.739s] -- Up-to-date: /home/student/ros2_ws/src/eced3901/install/eced3901/share/eced3901/launch/install/setup.sh
[12.739s] -- Up-to-date: /home/student/ros2_ws/src/eced3901/install/eced3901/share/eced3901/launch/install/.colcon_install_layout
[12.739s] -- Up-to-date: /home/student/ros2_ws/src/eced3901/install/eced3901/share/eced3901/launch/install/_local_setup_util_ps1.py
[12.739s] -- Up-to-date: /home/student/ros2_ws/src/eced3901/install/eced3901/share/eced3901/launch/install/setup.zsh
[12.739s] -- Up-to-date: /home/student/ros2_ws/src/eced3901/install/eced3901/share/eced3901/launch/install/local_setup.bash
[12.739s] -- Up-to-date: /home/student/ros2_ws/src/eced3901/install/eced3901/share/eced3901/launch/install/COLCON_IGNORE
[12.739s] -- Up-to-date: /home/student/ros2_ws/src/eced3901/install/eced3901/share/eced3901/launch/install/local_setup.zsh
[12.739s] -- Up-to-date: /home/student/ros2_ws/src/eced3901/install/eced3901/share/eced3901/launch/install/local_setup.sh
[12.739s] -- Up-to-date: /home/student/ros2_ws/src/eced3901/install/eced3901/share/eced3901/launch/install/setup.bash
[12.739s] -- Up-to-date: /home/student/ros2_ws/src/eced3901/install/eced3901/share/eced3901/launch/install/setup.ps1
[12.739s] -- Up-to-date: /home/student/ros2_ws/src/eced3901/install/eced3901/share/eced3901/launch/install/local_setup.ps1
[12.739s] -- Up-to-date: /home/student/ros2_ws/src/eced3901/install/eced3901/share/eced3901/launch/install/_local_setup_util_sh.py
[12.739s] -- Up-to-date: /home/student/ros2_ws/src/eced3901/install/eced3901/share/eced3901/launch/log
[12.740s] -- Up-to-date: /home/student/ros2_ws/src/eced3901/install/eced3901/share/eced3901/launch/log/COLCON_IGNORE
[12.740s] -- Up-to-date: /home/student/ros2_ws/src/eced3901/install/eced3901/share/eced3901/launch/log/build_2026-03-05_10-38-55
[12.740s] -- Up-to-date: /home/student/ros2_ws/src/eced3901/install/eced3901/share/eced3901/launch/log/build_2026-03-05_10-38-55/logger_all.log
[12.740s] -- Up-to-date: /home/student/ros2_ws/src/eced3901/install/eced3901/share/eced3901/launch/log/build_2026-03-05_10-38-55/events.log
[12.740s] -- Up-to-date: /home/student/ros2_ws/src/eced3901/install/eced3901/share/eced3901/launch/log/latest_build
[12.740s] -- Up-to-date: /home/student/ros2_ws/src/eced3901/install/eced3901/share/eced3901/launch/log/latest
[12.740s] -- Up-to-date: /home/student/ros2_ws/src/eced3901/install/eced3901/share/eced3901/launch/lab5dt2.launch.py
[12.740s] -- Up-to-date: /home/student/ros2_ws/src/eced3901/install/eced3901/share/eced3901/launch/lab7nav.launch.py
[12.740s] -- Up-to-date: /home/student/ros2_ws/src/eced3901/install/eced3901/share/eced3901/launch/lab5.launch.py
[12.740s] -- Up-to-date: /home/student/ros2_ws/src/eced3901/install/eced3901/share/eced3901/launch/part2.py
[12.740s] -- Up-to-date: /home/student/ros2_ws/src/eced3901/install/eced3901/share/eced3901/launch/lab6b.launch.py
[12.741s] -- Up-to-date: /home/student/ros2_ws/src/eced3901/install/eced3901/share/eced3901/launch/lab7full.launch.py
[12.741s] -- Up-to-date: /home/student/ros2_ws/src/eced3901/install/eced3901/share/eced3901/launch/lab6nav.launch.py
[12.741s] -- Up-to-date: /home/student/ros2_ws/src/eced3901/install/eced3901/share/eced3901/maps
[12.741s] -- Up-to-date: /home/student/ros2_ws/src/eced3901/install/eced3901/share/eced3901/maps/lab4_map.yaml
[12.741s] -- Up-to-date: /home/student/ros2_ws/src/eced3901/install/eced3901/share/eced3901/maps/lab4_map.pgm
[12.741s] -- Up-to-date: /home/student/ros2_ws/src/eced3901/install/eced3901/share/eced3901/models
[12.741s] -- Up-to-date: /home/student/ros2_ws/src/eced3901/install/eced3901/share/eced3901/models/eced3901bot_description
[12.741s] -- Up-to-date: /home/student/ros2_ws/src/eced3901/install/eced3901/share/eced3901/models/eced3901bot_description/model.sdf
[12.741s] -- Up-to-date: /home/student/ros2_ws/src/eced3901/install/eced3901/share/eced3901/models/eced3901bot_description/model.config
[12.741s] -- Up-to-date: /home/student/ros2_ws/src/eced3901/install/eced3901/share/eced3901/models/eced3901_lab4
[12.741s] -- Up-to-date: /home/student/ros2_ws/src/eced3901/install/eced3901/share/eced3901/models/eced3901_lab4/model.sdf
[12.741s] -- Up-to-date: /home/student/ros2_ws/src/eced3901/install/eced3901/share/eced3901/models/eced3901_lab4/model.config
[12.741s] -- Up-to-date: /home/student/ros2_ws/src/eced3901/install/eced3901/share/eced3901/models/eced3901bot.urdf
[12.742s] -- Up-to-date: /home/student/ros2_ws/src/eced3901/install/eced3901/share/eced3901/params
[12.742s] -- Up-to-date: /home/student/ros2_ws/src/eced3901/install/eced3901/share/eced3901/params/nav2_params.yaml
[12.742s] -- Up-to-date: /home/student/ros2_ws/src/eced3901/install/eced3901/share/eced3901/rviz
[12.742s] -- Up-to-date: /home/student/ros2_ws/src/eced3901/install/eced3901/share/eced3901/rviz/nav2_config.rviz
[12.742s] -- Up-to-date: /home/student/ros2_ws/src/eced3901/install/eced3901/share/eced3901/rviz/urdf_config.rviz
[12.742s] -- Up-to-date: /home/student/ros2_ws/src/eced3901/install/eced3901/share/eced3901/rviz/nav2.rviz
[12.742s] -- Up-to-date: /home/student/ros2_ws/src/eced3901/install/eced3901/share/eced3901/src
[12.742s] -- Up-to-date: /home/student/ros2_ws/src/eced3901/install/eced3901/share/eced3901/src/Test5.cpp
[12.742s] -- Up-to-date: /home/student/ros2_ws/src/eced3901/install/eced3901/share/eced3901/src/Demo.cpp
[12.742s] -- Installing: /home/student/ros2_ws/src/eced3901/install/eced3901/share/eced3901/src/part1.cpp
[12.742s] -- Up-to-date: /home/student/ros2_ws/src/eced3901/install/eced3901/share/eced3901/src/openo2.cpp
[12.742s] -- Up-to-date: /home/student/ros2_ws/src/eced3901/install/eced3901/share/eced3901/src/publisher_member_function.cpp
[12.742s] -- Up-to-date: /home/student/ros2_ws/src/eced3901/install/eced3901/share/eced3901/src/build
[12.742s] -- Up-to-date: /home/student/ros2_ws/src/eced3901/install/eced3901/share/eced3901/src/build/COLCON_IGNORE
[12.743s] -- Up-to-date: /home/student/ros2_ws/src/eced3901/install/eced3901/share/eced3901/src/build/.built_by
[12.743s] -- Up-to-date: /home/student/ros2_ws/src/eced3901/install/eced3901/share/eced3901/src/Test4.cpp
[12.743s] -- Up-to-date: /home/student/ros2_ws/src/eced3901/install/eced3901/share/eced3901/src/install
[12.743s] -- Up-to-date: /home/student/ros2_ws/src/eced3901/install/eced3901/share/eced3901/src/install/setup.sh
[12.743s] -- Up-to-date: /home/student/ros2_ws/src/eced3901/install/eced3901/share/eced3901/src/install/.colcon_install_layout
[12.743s] -- Up-to-date: /home/student/ros2_ws/src/eced3901/install/eced3901/share/eced3901/src/install/_local_setup_util_ps1.py
[12.743s] -- Up-to-date: /home/student/ros2_ws/src/eced3901/install/eced3901/share/eced3901/src/install/setup.zsh
[12.743s] -- Up-to-date: /home/student/ros2_ws/src/eced3901/install/eced3901/share/eced3901/src/install/local_setup.bash
[12.743s] -- Up-to-date: /home/student/ros2_ws/src/eced3901/install/eced3901/share/eced3901/src/install/COLCON_IGNORE
[12.743s] -- Up-to-date: /home/student/ros2_ws/src/eced3901/install/eced3901/share/eced3901/src/install/local_setup.zsh
[12.743s] -- Up-to-date: /home/student/ros2_ws/src/eced3901/install/eced3901/share/eced3901/src/install/local_setup.sh
[12.743s] -- Up-to-date: /home/student/ros2_ws/src/eced3901/install/eced3901/share/eced3901/src/install/setup.bash
[12.743s] -- Up-to-date: /home/student/ros2_ws/src/eced3901/install/eced3901/share/eced3901/src/install/setup.ps1
[12.744s] -- Up-to-date: /home/student/ros2_ws/src/eced3901/install/eced3901/share/eced3901/src/install/local_setup.ps1
[12.744s] -- Up-to-date: /home/student/ros2_ws/src/eced3901/install/eced3901/share/eced3901/src/install/_local_setup_util_sh.py
[12.744s] -- Up-to-date: /home/student/ros2_ws/src/eced3901/install/eced3901/share/eced3901/src/eced3901_dt1.cpp
[12.744s] -- Up-to-date: /home/student/ros2_ws/src/eced3901/install/eced3901/share/eced3901/src/log
[12.744s] -- Up-to-date: /home/student/ros2_ws/src/eced3901/install/eced3901/share/eced3901/src/log/COLCON_IGNORE
[12.744s] -- Up-to-date: /home/student/ros2_ws/src/eced3901/install/eced3901/share/eced3901/src/log/build_2026-03-04_09-18-31
[12.744s] -- Up-to-date: /home/student/ros2_ws/src/eced3901/install/eced3901/share/eced3901/src/log/build_2026-03-04_09-18-31/logger_all.log
[12.744s] -- Up-to-date: /home/student/ros2_ws/src/eced3901/install/eced3901/share/eced3901/src/log/build_2026-03-04_09-18-31/events.log
[12.744s] -- Up-to-date: /home/student/ros2_ws/src/eced3901/install/eced3901/share/eced3901/src/log/latest_build
[12.744s] -- Up-to-date: /home/student/ros2_ws/src/eced3901/install/eced3901/share/eced3901/src/log/latest
[12.745s] -- Up-to-date: /home/student/ros2_ws/src/eced3901/install/eced3901/share/eced3901/src/log/build_2026-03-04_13-17-03
[12.745s] -- Up-to-date: /home/student/ros2_ws/src/eced3901/install/eced3901/share/eced3901/src/log/build_2026-03-04_13-17-03/logger_all.log
[12.745s] -- Up-to-date: /home/student/ros2_ws/src/eced3901/install/eced3901/share/eced3901/src/log/build_2026-03-04_13-17-03/events.log
[12.745s] -- Up-to-date: /home/student/ros2_ws/src/eced3901/install/eced3901/share/eced3901/src/openo.cpp
[12.745s] -- Up-to-date: /home/student/ros2_ws/src/eced3901/install/eced3901/share/eced3901/src/fulllidar
[12.745s] -- Up-to-date: /home/student/ros2_ws/src/eced3901/install/eced3901/share/eced3901/src/Test3.cpp
[12.745s] -- Up-to-date: /home/student/ros2_ws/src/eced3901/install/eced3901/share/eced3901/src/Demo2.cpp
[12.745s] -- Up-to-date: /home/student/ros2_ws/src/eced3901/install/eced3901/share/eced3901/src/Test1.cpp
[12.745s] -- Up-to-date: /home/student/ros2_ws/src/eced3901/install/eced3901/share/eced3901/src/flipped.cpp
[12.745s] -- Up-to-date: /home/student/ros2_ws/src/eced3901/install/eced3901/share/eced3901/src/Test2.cpp
[12.746s] -- Up-to-date: /home/student/ros2_ws/src/eced3901/install/eced3901/share/eced3901/worlds
[12.746s] -- Up-to-date: /home/student/ros2_ws/src/eced3901/install/eced3901/share/eced3901/worlds/eced3901_lab6.world
[12.746s] -- Up-to-date: /home/student/ros2_ws/src/eced3901/install/eced3901/share/eced3901/worlds/empty.world
[12.746s] -- Up-to-date: /home/student/ros2_ws/src/eced3901/install/eced3901/share/eced3901/worlds/eced3901_lab4.world
[12.746s] -- Up-to-date: /home/student/ros2_ws/src/eced3901/install/eced3901/lib/eced3901/wp_follower.py
[12.746s] -- Up-to-date: /home/student/ros2_ws/src/eced3901/install/eced3901/lib/eced3901/demo_inspection.py
[12.746s] -- Up-to-date: /home/student/ros2_ws/src/eced3901/install/eced3901/lib/eced3901/part3.py
[12.747s] -- Up-to-date: /home/student/ros2_ws/src/eced3901/install/eced3901/lib/eced3901/wp_demo.py
[12.747s] -- Up-to-date: /home/student/ros2_ws/src/eced3901/install/eced3901/share/ament_index/resource_index/package_run_dependencies/eced3901
[12.747s] -- Up-to-date: /home/student/ros2_ws/src/eced3901/install/eced3901/share/ament_index/resource_index/parent_prefix_path/eced3901
[12.747s] -- Up-to-date: /home/student/ros2_ws/src/eced3901/install/eced3901/share/eced3901/environment/ament_prefix_path.sh
[12.747s] -- Up-to-date: /home/student/ros2_ws/src/eced3901/install/eced3901/share/eced3901/environment/ament_prefix_path.dsv
[12.747s] -- Up-to-date: /home/student/ros2_ws/src/eced3901/install/eced3901/share/eced3901/environment/path.sh
[12.747s] -- Up-to-date: /home/student/ros2_ws/src/eced3901/install/eced3901/share/eced3901/environment/path.dsv
[12.747s] -- Up-to-date: /home/student/ros2_ws/src/eced3901/install/eced3901/share/eced3901/local_setup.bash
[12.747s] -- Up-to-date: /home/student/ros2_ws/src/eced3901/install/eced3901/share/eced3901/local_setup.sh
[12.747s] -- Up-to-date: /home/student/ros2_ws/src/eced3901/install/eced3901/share/eced3901/local_setup.zsh
[12.747s] -- Up-to-date: /home/student/ros2_ws/src/eced3901/install/eced3901/share/eced3901/local_setup.dsv
[12.747s] -- Installing: /home/student/ros2_ws/src/eced3901/install/eced3901/share/eced3901/package.dsv
[12.748s] -- Up-to-date: /home/student/ros2_ws/src/eced3901/install/eced3901/share/ament_index/resource_index/packages/eced3901
[12.748s] -- Up-to-date: /home/student/ros2_ws/src/eced3901/install/eced3901/share/eced3901/cmake/eced3901Config.cmake
[12.748s] -- Up-to-date: /home/student/ros2_ws/src/eced3901/install/eced3901/share/eced3901/cmake/eced3901Config-version.cmake
[12.748s] -- Up-to-date: /home/student/ros2_ws/src/eced3901/install/eced3901/share/eced3901/package.xml
[12.748s] Invoked command in '/home/student/ros2_ws/src/eced3901/build/eced3901' returned '0': CMAKE_PREFIX_PATH=${CMAKE_PREFIX_PATH}:/home/student/imu_ws/install/bno055:/home/student/motor_ws/install/dalmotor:/opt/ros/humble /usr/bin/cmake --install /home/student/ros2_ws/src/eced3901/build/eced3901
