[0.012s] Invoking command in '/home/student/ros2_ws/src/eced3901/build/eced3901': CMAKE_PREFIX_PATH=${CMAKE_PREFIX_PATH}:/home/student/imu_ws/install/bno055:/home/student/motor_ws/install/dalmotor:/opt/ros/humble /usr/bin/cmake --build /home/student/ros2_ws/src/eced3901/build/eced3901 -- -j4 -l4
[0.080s] [ 12%] Built target Demo2
[0.081s] [ 31%] Built target talker
[0.081s] [ 37%] Built target Demo
[0.083s] [ 50%] Built target dt1
[0.093s] [35m[1mConsolidate compiler generated dependencies of target flipped[0m
[0.093s] [35m[1mConsolidate compiler generated dependencies of target part1[0m
[0.096s] [35m[1mConsolidate compiler generated dependencies of target openo[0m
[0.110s] [ 87%] Built target openo2
[0.110s] [ 87%] Built target part1
[0.111s] [ 87%] Built target flipped
[0.113s] [ 93%] [32mBuilding CXX object CMakeFiles/openo.dir/src/openo.cpp.o[0m
[2.441s] [01m[K/home/student/ros2_ws/src/eced3901/src/openo.cpp:[m[K In member function ‘[01m[Kvoid SquareRoutine::correct_with_wall(double)[m[K’:
[2.441s] [01m[K/home/student/ros2_ws/src/eced3901/src/openo.cpp:160:24:[m[K [01;31m[Kerror: [m[K‘[01m[Kfront_wall_dist[m[K’ was not declared in this scope
[2.441s]   160 |         double error = [01;31m[Kfront_wall_dist[m[K - target_dist;
[2.441s]       |                        [01;31m[K^~~~~~~~~~~~~~~[m[K
[4.886s] gmake[2]: *** [CMakeFiles/openo.dir/build.make:76: CMakeFiles/openo.dir/src/openo.cpp.o] Error 1
[4.886s] gmake[1]: *** [CMakeFiles/Makefile2:307: CMakeFiles/openo.dir/all] Error 2
[4.887s] gmake: *** [Makefile:146: all] Error 2
[4.888s] Invoked command in '/home/student/ros2_ws/src/eced3901/build/eced3901' returned '2': CMAKE_PREFIX_PATH=${CMAKE_PREFIX_PATH}:/home/student/imu_ws/install/bno055:/home/student/motor_ws/install/dalmotor:/opt/ros/humble /usr/bin/cmake --build /home/student/ros2_ws/src/eced3901/build/eced3901 -- -j4 -l4
