[0.011s] Invoking command in '/home/student/ros2_ws/src/eced3901/build/eced3901': CMAKE_PREFIX_PATH=${CMAKE_PREFIX_PATH}:/home/student/imu_ws/install/bno055:/home/student/motor_ws/install/dalmotor:/opt/ros/humble /usr/bin/cmake --build /home/student/ros2_ws/src/eced3901/build/eced3901 -- -j4 -l4
[0.033s] -- Found ament_cmake: 1.3.12 (/opt/ros/humble/share/ament_cmake/cmake)
[0.160s] -- Found rclcpp: 16.0.17 (/opt/ros/humble/share/rclcpp/cmake)
[0.187s] -- Found rosidl_generator_c: 3.1.8 (/opt/ros/humble/share/rosidl_generator_c/cmake)
[0.189s] -- Found rosidl_adapter: 3.1.8 (/opt/ros/humble/share/rosidl_adapter/cmake)
[0.195s] -- Found rosidl_generator_cpp: 3.1.8 (/opt/ros/humble/share/rosidl_generator_cpp/cmake)
[0.203s] -- Using all available rosidl_typesupport_c: rosidl_typesupport_fastrtps_c;rosidl_typesupport_introspection_c
[0.214s] -- Using all available rosidl_typesupport_cpp: rosidl_typesupport_fastrtps_cpp;rosidl_typesupport_introspection_cpp
[0.244s] -- Found rmw_implementation_cmake: 6.1.2 (/opt/ros/humble/share/rmw_implementation_cmake/cmake)
[0.245s] -- Found rmw_fastrtps_cpp: 6.2.9 (/opt/ros/humble/share/rmw_fastrtps_cpp/cmake)
[0.338s] -- Using RMW implementation 'rmw_fastrtps_cpp' as default
[0.386s] -- Found rclpy: 3.3.19 (/opt/ros/humble/share/rclpy/cmake)
[0.386s] -- Found geometry_msgs: 4.9.0 (/opt/ros/humble/share/geometry_msgs/cmake)
[0.398s] -- Found nav_msgs: 4.9.0 (/opt/ros/humble/share/nav_msgs/cmake)
[0.413s] -- Found sensor_msgs: 4.9.0 (/opt/ros/humble/share/sensor_msgs/cmake)
[0.428s] -- Found tf2: 0.25.18 (/opt/ros/humble/share/tf2/cmake)
[0.441s] [31mCMake Error at CMakeLists.txt:19 (find_package):
[0.441s]   By not providing "Findlidar_msgs.cmake" in CMAKE_MODULE_PATH this project
[0.441s]   has asked CMake to find a package configuration file provided by
[0.442s]   "lidar_msgs", but CMake did not find one.
[0.442s] 
[0.442s]   Could not find a package configuration file provided by "lidar_msgs" with
[0.442s]   any of the following names:
[0.442s] 
[0.442s]     lidar_msgsConfig.cmake
[0.442s]     lidar_msgs-config.cmake
[0.442s] 
[0.442s]   Add the installation prefix of "lidar_msgs" to CMAKE_PREFIX_PATH or set
[0.442s]   "lidar_msgs_DIR" to a directory containing one of the above files.  If
[0.442s]   "lidar_msgs" provides a separate development package or SDK, be sure it has
[0.442s]   been installed.
[0.442s] 
[0.442s] [0m
[0.442s] -- Configuring incomplete, errors occurred!
[0.442s] See also "/home/student/ros2_ws/src/eced3901/build/eced3901/CMakeFiles/CMakeOutput.log".
[0.447s] gmake: *** [Makefile:431: cmake_check_build_system] Error 1
[0.449s] Invoked command in '/home/student/ros2_ws/src/eced3901/build/eced3901' returned '2': CMAKE_PREFIX_PATH=${CMAKE_PREFIX_PATH}:/home/student/imu_ws/install/bno055:/home/student/motor_ws/install/dalmotor:/opt/ros/humble /usr/bin/cmake --build /home/student/ros2_ws/src/eced3901/build/eced3901 -- -j4 -l4
