[0.011s] Invoking command in '/home/student/ros2_ws/src/eced3901/build/eced3901': CMAKE_PREFIX_PATH=${CMAKE_PREFIX_PATH}:/home/student/imu_ws/install/bno055:/home/student/motor_ws/install/dalmotor:/opt/ros/humble /usr/bin/cmake --build /home/student/ros2_ws/src/eced3901/build/eced3901 -- -j4 -l4
[0.094s] [ 16%] Built target Demo
[0.097s] [ 33%] Built target dt1
[0.099s] [ 50%] Built target Demo2
[0.100s] [ 66%] Built target talker
[0.107s] [35m[1mConsolidate compiler generated dependencies of target part1[0m
[0.122s] [ 83%] Built target openo
[0.123s] [ 91%] [32mBuilding CXX object CMakeFiles/part1.dir/src/part1.cpp.o[0m
[2.537s] [01m[K/home/student/ros2_ws/src/eced3901/src/part1.cpp:[m[K In lambda function:
[2.538s] [01m[K/home/student/ros2_ws/src/eced3901/src/part1.cpp:77:42:[m[K [01;31m[Kerror: [m[Kinconsistent types ‘[01m[Kdouble[m[K’ and ‘[01m[Kfloat[m[K’ deduced for lambda return type
[2.538s]    77 |             return values[values.size()/2[01;31m[K][m[K;
[2.538s]       |                                          [01;31m[K^[m[K
[2.553s] [01m[K/home/student/ros2_ws/src/eced3901/src/part1.cpp:[m[K At global scope:
[2.553s] [01m[K/home/student/ros2_ws/src/eced3901/src/part1.cpp:356:23:[m[K [01;31m[Kerror: [m[Kexpected constructor, destructor, or type conversion before ‘[01m[K;[m[K’ token
[2.553s]   356 |     rclcpp::shutdown()[01;31m[K;[m[K
[2.553s]       |                       [01;31m[K^[m[K
[2.553s] [01m[K/home/student/ros2_ws/src/eced3901/src/part1.cpp:357:5:[m[K [01;31m[Kerror: [m[Kexpected unqualified-id before ‘[01m[Kreturn[m[K’
[2.553s]   357 |     [01;31m[Kreturn[m[K 0;
[2.553s]       |     [01;31m[K^~~~~~[m[K
[2.554s] [01m[K/home/student/ros2_ws/src/eced3901/src/part1.cpp:358:1:[m[K [01;31m[Kerror: [m[Kexpected declaration before ‘[01m[K}[m[K’ token
[2.554s]   358 | [01;31m[K}[m[K
[2.554s]       | [01;31m[K^[m[K
[7.153s] gmake[2]: *** [CMakeFiles/part1.dir/build.make:76: CMakeFiles/part1.dir/src/part1.cpp.o] Error 1
[7.153s] gmake[1]: *** [CMakeFiles/Makefile2:251: CMakeFiles/part1.dir/all] Error 2
[7.153s] gmake: *** [Makefile:146: all] Error 2
[7.155s] Invoked command in '/home/student/ros2_ws/src/eced3901/build/eced3901' returned '2': CMAKE_PREFIX_PATH=${CMAKE_PREFIX_PATH}:/home/student/imu_ws/install/bno055:/home/student/motor_ws/install/dalmotor:/opt/ros/humble /usr/bin/cmake --build /home/student/ros2_ws/src/eced3901/build/eced3901 -- -j4 -l4
