[01m[K/home/student/ros2_ws/src/eced3901/src/part1.cpp:83:2:[m[K [01;31m[Kerror: [m[Kexpected ‘[01m[K;[m[K’ after class definition
   83 | }
      |  [01;31m[K^[m[K
      |  [32m[K;[m[K
[01m[K/home/student/ros2_ws/src/eced3901/src/part1.cpp:[m[K In constructor ‘[01m[KSquareRoutine::SquareRoutine()[m[K’:
[01m[K/home/student/ros2_ws/src/eced3901/src/part1.cpp:22:9:[m[K [01;31m[Kerror: [m[K‘[01m[Ksubscription_[m[K’ was not declared in this scope; did you mean ‘[01m[Krmw_subscription_t[m[K’?
   22 |         [01;31m[Ksubscription_[m[K = this->create_subscription<nav_msgs::msg::Odometry>(
      |         [01;31m[K^~~~~~~~~~~~~[m[K
      |         [32m[Krmw_subscription_t[m[K
[01m[K/home/student/ros2_ws/src/eced3901/src/part1.cpp:23:51:[m[K [01;31m[Kerror: [m[K‘[01m[Ktopic_callback[m[K’ is not a member of ‘[01m[KSquareRoutine[m[K’
   23 |             "odom", 10, std::bind(&SquareRoutine::[01;31m[Ktopic_callback[m[K, this, _1));
      |                                                   [01;31m[K^~~~~~~~~~~~~~[m[K
[01m[K/home/student/ros2_ws/src/eced3901/src/part1.cpp:25:9:[m[K [01;31m[Kerror: [m[K‘[01m[Kpublisher_[m[K’ was not declared in this scope; did you mean ‘[01m[Krmw_publisher_t[m[K’?
   25 |         [01;31m[Kpublisher_[m[K = this->create_publisher<geometry_msgs::msg::Twist>("cmd_vel", 10);
      |         [01;31m[K^~~~~~~~~~[m[K
      |         [32m[Krmw_publisher_t[m[K
[01m[K/home/student/ros2_ws/src/eced3901/src/part1.cpp:26:9:[m[K [01;31m[Kerror: [m[K‘[01m[Ktimer_[m[K’ was not declared in this scope; did you mean ‘[01m[Ktimer_t[m[K’?
   26 |         [01;31m[Ktimer_[m[K = this->create_wall_timer(100ms, std::bind(&SquareRoutine::timer_callback, this));
      |         [01;31m[K^~~~~~[m[K
      |         [32m[Ktimer_t[m[K
[01m[K/home/student/ros2_ws/src/eced3901/src/part1.cpp:26:75:[m[K [01;31m[Kerror: [m[K‘[01m[Ktimer_callback[m[K’ is not a member of ‘[01m[KSquareRoutine[m[K’
   26 |         timer_ = this->create_wall_timer(100ms, std::bind(&SquareRoutine::[01;31m[Ktimer_callback[m[K, this));
      |                                                                           [01;31m[K^~~~~~~~~~~~~~[m[K
[01m[K/home/student/ros2_ws/src/eced3901/src/part1.cpp:29:9:[m[K [01;31m[Kerror: [m[K‘[01m[Kcount_[m[K’ was not declared in this scope
   29 |         [01;31m[Kcount_[m[K = 0;
      |         [01;31m[K^~~~~~[m[K
[01m[K/home/student/ros2_ws/src/eced3901/src/part1.cpp:30:9:[m[K [01;31m[Kerror: [m[K‘[01m[Klast_state_complete[m[K’ was not declared in this scope
   30 |         [01;31m[Klast_state_complete[m[K = 1; // ready for first step
      |         [01;31m[K^~~~~~~~~~~~~~~~~~~[m[K
[01m[K/home/student/ros2_ws/src/eced3901/src/part1.cpp:31:9:[m[K [01;31m[Kerror: [m[K‘[01m[Kcurrent_action_[m[K’ was not declared in this scope
   31 |         [01;31m[Kcurrent_action_[m[K = Action::IDLE;
      |         [01;31m[K^~~~~~~~~~~~~~~[m[K
[01m[K/home/student/ros2_ws/src/eced3901/src/part1.cpp:31:27:[m[K [01;31m[Kerror: [m[K‘[01m[KAction[m[K’ has not been declared
   31 |         current_action_ = [01;31m[KAction[m[K::IDLE;
      |                           [01;31m[K^~~~~~[m[K
[01m[K/home/student/ros2_ws/src/eced3901/src/part1.cpp:38:9:[m[K [01;31m[Kerror: [m[K‘[01m[Klidar_sub_[m[K’ was not declared in this scope
   38 |         [01;31m[Klidar_sub_[m[K = this->create_subscription<sensor_msgs::msg::LaserScan>("/scan",qos,std::bind(&SquareRoutine::lidar_callback, this, _1));
      |         [01;31m[K^~~~~~~~~~[m[K
[01m[K/home/student/ros2_ws/src/eced3901/src/part1.cpp:[m[K In member function ‘[01m[Kvoid SquareRoutine::lidar_callback(sensor_msgs::msg::LaserScan_<std::allocator<void> >::SharedPtr)[m[K’:
[01m[K/home/student/ros2_ws/src/eced3901/src/part1.cpp:61:33:[m[K [01;31m[Kerror: [m[K‘[01m[Kfront_wall_dist[m[K’ was not declared in this scope
   61 |                                 [01;31m[Kfront_wall_dist[m[K=front_window[front_window.size()/2];
      |                                 [01;31m[K^~~~~~~~~~~~~~~[m[K
[01m[K/home/student/ros2_ws/src/eced3901/src/part1.cpp:[m[K In function ‘[01m[Kvoid topic_callback(nav_msgs::msg::Odometry_<std::allocator<void> >::SharedPtr)[m[K’:
[01m[K/home/student/ros2_ws/src/eced3901/src/part1.cpp:86:9:[m[K [01;31m[Kerror: [m[K‘[01m[Kx_now[m[K’ was not declared in this scope
   86 |         [01;31m[Kx_now[m[K = msg->pose.pose.position.x;
      |         [01;31m[K^~~~~[m[K
[01m[K/home/student/ros2_ws/src/eced3901/src/part1.cpp:87:9:[m[K [01;31m[Kerror: [m[K‘[01m[Ky_now[m[K’ was not declared in this scope
   87 |         [01;31m[Ky_now[m[K = msg->pose.pose.position.y;
      |         [01;31m[K^~~~~[m[K
[01m[K/home/student/ros2_ws/src/eced3901/src/part1.cpp:88:9:[m[K [01;31m[Kerror: [m[K‘[01m[Kq_x[m[K’ was not declared in this scope
   88 |         [01;31m[Kq_x[m[K = msg->pose.pose.orientation.x;
      |         [01;31m[K^~~[m[K
[01m[K/home/student/ros2_ws/src/eced3901/src/part1.cpp:89:9:[m[K [01;31m[Kerror: [m[K‘[01m[Kq_y[m[K’ was not declared in this scope
   89 |         [01;31m[Kq_y[m[K = msg->pose.pose.orientation.y;
      |         [01;31m[K^~~[m[K
[01m[K/home/student/ros2_ws/src/eced3901/src/part1.cpp:90:9:[m[K [01;31m[Kerror: [m[K‘[01m[Kq_z[m[K’ was not declared in this scope
   90 |         [01;31m[Kq_z[m[K = msg->pose.pose.orientation.z;
      |         [01;31m[K^~~[m[K
[01m[K/home/student/ros2_ws/src/eced3901/src/part1.cpp:91:9:[m[K [01;31m[Kerror: [m[K‘[01m[Kq_w[m[K’ was not declared in this scope
   91 |         [01;31m[Kq_w[m[K = msg->pose.pose.orientation.w;
      |         [01;31m[K^~~[m[K
[01m[K/home/student/ros2_ws/src/eced3901/src/part1.cpp:[m[K In function ‘[01m[Kvoid timer_callback()[m[K’:
[01m[K/home/student/ros2_ws/src/eced3901/src/part1.cpp:99:27:[m[K [01;31m[Kerror: [m[K‘[01m[Kq_x[m[K’ was not declared in this scope
   99 |         tf2::Quaternion q([01;31m[Kq_x[m[K, q_y, q_z, q_w);
      |                           [01;31m[K^~~[m[K
[01m[K/home/student/ros2_ws/src/eced3901/src/part1.cpp:99:32:[m[K [01;31m[Kerror: [m[K‘[01m[Kq_y[m[K’ was not declared in this scope
   99 |         tf2::Quaternion q(q_x, [01;31m[Kq_y[m[K, q_z, q_w);
      |                                [01;31m[K^~~[m[K
[01m[K/home/student/ros2_ws/src/eced3901/src/part1.cpp:99:37:[m[K [01;31m[Kerror: [m[K‘[01m[Kq_z[m[K’ was not declared in this scope
   99 |         tf2::Quaternion q(q_x, q_y, [01;31m[Kq_z[m[K, q_w);
      |                                     [01;31m[K^~~[m[K
[01m[K/home/student/ros2_ws/src/eced3901/src/part1.cpp:99:42:[m[K [01;31m[Kerror: [m[K‘[01m[Kq_w[m[K’ was not declared in this scope
   99 |         tf2::Quaternion q(q_x, q_y, q_z, [01;31m[Kq_w[m[K);
      |                                          [01;31m[K^~~[m[K
[01m[K/home/student/ros2_ws/src/eced3901/src/part1.cpp:103:9:[m[K [01;31m[Kerror: [m[K‘[01m[Kth_now[m[K’ was not declared in this scope
  103 |         [01;31m[Kth_now[m[K = yaw;
      |         [01;31m[K^~~~~~[m[K
[01m[K/home/student/ros2_ws/src/eced3901/src/part1.cpp:106:9:[m[K [01;31m[Kerror: [m[K‘[01m[Kd_now[m[K’ was not declared in this scope
  106 |         [01;31m[Kd_now[m[K = std::hypot(x_now - x_init, y_now - y_init);
      |         [01;31m[K^~~~~[m[K
[01m[K/home/student/ros2_ws/src/eced3901/src/part1.cpp:106:28:[m[K [01;31m[Kerror: [m[K‘[01m[Kx_now[m[K’ was not declared in this scope
  106 |         d_now = std::hypot([01;31m[Kx_now[m[K - x_init, y_now - y_init);
      |                            [01;31m[K^~~~~[m[K
[01m[K/home/student/ros2_ws/src/eced3901/src/part1.cpp:106:36:[m[K [01;31m[Kerror: [m[K‘[01m[Kx_init[m[K’ was not declared in this scope; did you mean ‘[01m[Ku_int[m[K’?
  106 |         d_now = std::hypot(x_now - [01;31m[Kx_init[m[K, y_now - y_init);
      |                                    [01;31m[K^~~~~~[m[K
      |                                    [32m[Ku_int[m[K
[01m[K/home/student/ros2_ws/src/eced3901/src/part1.cpp:106:44:[m[K [01;31m[Kerror: [m[K‘[01m[Ky_now[m[K’ was not declared in this scope
  106 |         d_now = std::hypot(x_now - x_init, [01;31m[Ky_now[m[K - y_init);
      |                                            [01;31m[K^~~~~[m[K
[01m[K/home/student/ros2_ws/src/eced3901/src/part1.cpp:106:52:[m[K [01;31m[Kerror: [m[K‘[01m[Ky_init[m[K’ was not declared in this scope; did you mean ‘[01m[Ku_int[m[K’?
  106 |         d_now = std::hypot(x_now - x_init, y_now - [01;31m[Ky_init[m[K);
      |                                                    [01;31m[K^~~~~~[m[K
      |                                                    [32m[Ku_int[m[K
[01m[K/home/student/ros2_ws/src/eced3901/src/part1.cpp:108:13:[m[K [01;31m[Kerror: [m[K‘[01m[Kcurrent_action_[m[K’ was not declared in this scope
  108 |         if ([01;31m[Kcurrent_action_[m[K == Action::MOVE)
      |             [01;31m[K^~~~~~~~~~~~~~~[m[K
[01m[K/home/student/ros2_ws/src/eced3901/src/part1.cpp:108:32:[m[K [01;31m[Kerror: [m[K‘[01m[KAction[m[K’ has not been declared
  108 |         if (current_action_ == [01;31m[KAction[m[K::MOVE)
      |                                [01;31m[K^~~~~~[m[K
[01m[K/home/student/ros2_ws/src/eced3901/src/part1.cpp:110:24:[m[K [01;31m[Kerror: [m[K‘[01m[Kx_vel[m[K’ was not declared in this scope
  110 |         msg.linear.x = [01;31m[Kx_vel[m[K;
      |                        [01;31m[K^~~~~[m[K
[01m[K/home/student/ros2_ws/src/eced3901/src/part1.cpp:111:28:[m[K [01;31m[Kerror: [m[K‘[01m[Kd_aim[m[K’ was not declared in this scope
  111 |             double error = [01;31m[Kd_aim[m[K - d_now;
      |                            [01;31m[K^~~~~[m[K
[01m[K/home/student/ros2_ws/src/eced3901/src/part1.cpp:114:33:[m[K [01;31m[Kerror: [m[K‘[01m[Kfront_wall_dist[m[K’ was not declared in this scope
  114 |             if (error < 0.01 || [01;31m[Kfront_wall_dist[m[K < 0.32) // 1 cm tolerance
      |                                 [01;31m[K^~~~~~~~~~~~~~~[m[K
[01m[K/home/student/ros2_ws/src/eced3901/src/part1.cpp:118:35:[m[K [01;31m[Kerror: [m[K‘[01m[KAction[m[K’ has not been declared
  118 |                 current_action_ = [01;31m[KAction[m[K::IDLE;
      |                                   [01;31m[K^~~~~~[m[K
[01m[K/home/student/ros2_ws/src/eced3901/src/part1.cpp:119:17:[m[K [01;31m[Kerror: [m[K‘[01m[Klast_state_complete[m[K’ was not declared in this scope
  119 |                 [01;31m[Klast_state_complete[m[K = 1;
      |                 [01;31m[K^~~~~~~~~~~~~~~~~~~[m[K
[01m[K/home/student/ros2_ws/src/eced3901/src/part1.cpp:124:37:[m[K [01;31m[Kerror: [m[K‘[01m[KAction[m[K’ has not been declared
  124 |         else if (current_action_ == [01;31m[KAction[m[K::TURN)
      |                                     [01;31m[K^~~~~~[m[K
[01m[K/home/student/ros2_ws/src/eced3901/src/part1.cpp:126:55:[m[K [01;31m[Kerror: [m[K‘[01m[Kth_init[m[K’ was not declared in this scope; did you mean ‘[01m[Ku_int[m[K’?
  126 |             double angle_turned = wrap_angle(th_now - [01;31m[Kth_init[m[K);
      |                                                       [01;31m[K^~~~~~~[m[K
      |                                                       [32m[Ku_int[m[K
[01m[K/home/student/ros2_ws/src/eced3901/src/part1.cpp:126:35:[m[K [01;31m[Kerror: [m[K‘[01m[Kwrap_angle[m[K’ was not declared in this scope
  126 |             double angle_turned = [01;31m[Kwrap_angle[m[K(th_now - th_init);
      |                                   [01;31m[K^~~~~~~~~~[m[K
[01m[K/home/student/ros2_ws/src/eced3901/src/part1.cpp:127:32:[m[K [01;31m[Kerror: [m[K‘[01m[Kth_aim[m[K’ was not declared in this scope
  127 |             double remaining = [01;31m[Kth_aim[m[K - angle_turned;
      |                                [01;31m[K^~~~~~[m[K
[01m[K/home/student/ros2_ws/src/eced3901/src/part1.cpp:131:50:[m[K [01;31m[Kerror: [m[K‘[01m[Kth_vel[m[K’ was not declared in this scope
  131 |                 msg.angular.z = (remaining > 0 ? [01;31m[Kth_vel[m[K : -th_vel);
      |                                                  [01;31m[K^~~~~~[m[K
[01m[K/home/student/ros2_ws/src/eced3901/src/part1.cpp:136:35:[m[K [01;31m[Kerror: [m[K‘[01m[KAction[m[K’ has not been declared
  136 |                 current_action_ = [01;31m[KAction[m[K::IDLE;
      |                                   [01;31m[K^~~~~~[m[K
[01m[K/home/student/ros2_ws/src/eced3901/src/part1.cpp:137:17:[m[K [01;31m[Kerror: [m[K‘[01m[Klast_state_complete[m[K’ was not declared in this scope
  137 |                 [01;31m[Klast_state_complete[m[K = 1;
      |                 [01;31m[K^~~~~~~~~~~~~~~~~~~[m[K
[01m[K/home/student/ros2_ws/src/eced3901/src/part1.cpp:141:9:[m[K [01;31m[Kerror: [m[K‘[01m[Kpublisher_[m[K’ was not declared in this scope; did you mean ‘[01m[Krmw_publisher_t[m[K’?
  141 |         [01;31m[Kpublisher_[m[K->publish(msg);
      |         [01;31m[K^~~~~~~~~~[m[K
      |         [32m[Krmw_publisher_t[m[K
[01m[K/home/student/ros2_ws/src/eced3901/src/part1.cpp:142:9:[m[K [01;31m[Kerror: [m[K‘[01m[Ksequence_statemachine[m[K’ was not declared in this scope
  142 |         [01;31m[Ksequence_statemachine[m[K();
      |         [01;31m[K^~~~~~~~~~~~~~~~~~~~~[m[K
[01m[K/home/student/ros2_ws/src/eced3901/src/part1.cpp:[m[K In function ‘[01m[Kvoid sequence_statemachine()[m[K’:
[01m[K/home/student/ros2_ws/src/eced3901/src/part1.cpp:147:13:[m[K [01;31m[Kerror: [m[K‘[01m[Klast_state_complete[m[K’ was not declared in this scope
  147 |         if ([01;31m[Klast_state_complete[m[K)
      |             [01;31m[K^~~~~~~~~~~~~~~~~~~[m[K
[01m[K/home/student/ros2_ws/src/eced3901/src/part1.cpp:151:21:[m[K [01;31m[Kerror: [m[K‘[01m[Kcount_[m[K’ was not declared in this scope
  151 |             switch ([01;31m[Kcount_[m[K)
      |                     [01;31m[K^~~~~~[m[K
[01m[K/home/student/ros2_ws/src/eced3901/src/part1.cpp:153:21:[m[K [01;31m[Kerror: [m[K‘[01m[Kmove_distance[m[K’ was not declared in this scope
  153 |             case 0: [01;31m[Kmove_distance[m[K(1.2192); RCLCPP_INFO(this->get_logger(), "Case 0"); break; // 4 ft forward
      |                     [01;31m[K^~~~~~~~~~~~~[m[K
In file included from [01m[K/opt/ros/humble/include/rclcpp/rclcpp/client.hpp:40[m[K,
                 from [01m[K/opt/ros/humble/include/rclcpp/rclcpp/callback_group.hpp:24[m[K,
                 from [01m[K/opt/ros/humble/include/rclcpp/rclcpp/any_executable.hpp:20[m[K,
                 from [01m[K/opt/ros/humble/include/rclcpp/rclcpp/memory_strategy.hpp:25[m[K,
                 from [01m[K/opt/ros/humble/include/rclcpp/rclcpp/memory_strategies.hpp:18[m[K,
                 from [01m[K/opt/ros/humble/include/rclcpp/rclcpp/executor_options.hpp:20[m[K,
                 from [01m[K/opt/ros/humble/include/rclcpp/rclcpp/executor.hpp:37[m[K,
                 from [01m[K/opt/ros/humble/include/rclcpp/rclcpp/executors/multi_threaded_executor.hpp:25[m[K,
                 from [01m[K/opt/ros/humble/include/rclcpp/rclcpp/executors.hpp:21[m[K,
                 from [01m[K/opt/ros/humble/include/rclcpp/rclcpp/rclcpp.hpp:155[m[K,
                 from [01m[K/home/student/ros2_ws/src/eced3901/src/part1.cpp:5[m[K:
[01m[K/home/student/ros2_ws/src/eced3901/src/part1.cpp:153:56:[m[K [01;31m[Kerror: [m[Kinvalid use of ‘[01m[Kthis[m[K’ in non-member function
  153 |             case 0: move_distance(1.2192); RCLCPP_INFO([01;31m[Kthis[m[K->get_logger(), "Case 0"); break; // 4 ft forward
      |                                                        [01;31m[K^~~~[m[K
[01m[K/home/student/ros2_ws/src/eced3901/src/part1.cpp:153:56:[m[K [01;31m[Kerror: [m[Kinvalid use of ‘[01m[Kthis[m[K’ in non-member function
[01m[K/home/student/ros2_ws/src/eced3901/src/part1.cpp:153:44:[m[K [01;31m[Kerror: [m[Ktemplate argument 1 is invalid
  153 |             case 0: move_distance(1.2192); [01;31m[KRCLCPP_INFO[m[K(this->get_logger(), "Case 0"); break; // 4 ft forward
      |                                            [01;31m[K^~~~~~~~~~~[m[K
In file included from [01m[K/opt/ros/humble/include/rclcpp/rclcpp/logging.hpp:24[m[K,
                 from [01m[K/opt/ros/humble/include/rclcpp/rclcpp/client.hpp:40[m[K,
                 from [01m[K/opt/ros/humble/include/rclcpp/rclcpp/callback_group.hpp:24[m[K,
                 from [01m[K/opt/ros/humble/include/rclcpp/rclcpp/any_executable.hpp:20[m[K,
                 from [01m[K/opt/ros/humble/include/rclcpp/rclcpp/memory_strategy.hpp:25[m[K,
                 from [01m[K/opt/ros/humble/include/rclcpp/rclcpp/memory_strategies.hpp:18[m[K,
                 from [01m[K/opt/ros/humble/include/rclcpp/rclcpp/executor_options.hpp:20[m[K,
                 from [01m[K/opt/ros/humble/include/rclcpp/rclcpp/executor.hpp:37[m[K,
                 from [01m[K/opt/ros/humble/include/rclcpp/rclcpp/executors/multi_threaded_executor.hpp:25[m[K,
                 from [01m[K/opt/ros/humble/include/rclcpp/rclcpp/executors.hpp:21[m[K,
                 from [01m[K/opt/ros/humble/include/rclcpp/rclcpp/rclcpp.hpp:155[m[K,
                 from [01m[K/home/student/ros2_ws/src/eced3901/src/part1.cpp:5[m[K:
[01m[K/home/student/ros2_ws/src/eced3901/src/part1.cpp:153:56:[m[K [01;31m[Kerror: [m[Kinvalid use of ‘[01m[Kthis[m[K’ in non-member function
  153 |             case 0: move_distance(1.2192); RCLCPP_INFO([01;31m[Kthis[m[K->get_logger(), "Case 0"); break; // 4 ft forward
      |                                                        [01;31m[K^~~~[m[K
[01m[K/home/student/ros2_ws/src/eced3901/src/part1.cpp:153:56:[m[K [01;31m[Kerror: [m[Kinvalid use of ‘[01m[Kthis[m[K’ in non-member function
  153 |             case 0: move_distance(1.2192); RCLCPP_INFO([01;31m[Kthis[m[K->get_logger(), "Case 0"); break; // 4 ft forward
      |                                                        [01;31m[K^~~~[m[K
[01m[K/home/student/ros2_ws/src/eced3901/src/part1.cpp:154:21:[m[K [01;31m[Kerror: [m[K‘[01m[Kcorrect_with_wall[m[K’ was not declared in this scope
  154 |             case 1: [01;31m[Kcorrect_with_wall[m[K(0.32); RCLCPP_INFO(this->get_logger(), "Case 1"); break;
      |                     [01;31m[K^~~~~~~~~~~~~~~~~[m[K
In file included from [01m[K/opt/ros/humble/include/rclcpp/rclcpp/client.hpp:40[m[K,
                 from [01m[K/opt/ros/humble/include/rclcpp/rclcpp/callback_group.hpp:24[m[K,
                 from [01m[K/opt/ros/humble/include/rclcpp/rclcpp/any_executable.hpp:20[m[K,
                 from [01m[K/opt/ros/humble/include/rclcpp/rclcpp/memory_strategy.hpp:25[m[K,
                 from [01m[K/opt/ros/humble/include/rclcpp/rclcpp/memory_strategies.hpp:18[m[K,
                 from [01m[K/opt/ros/humble/include/rclcpp/rclcpp/executor_options.hpp:20[m[K,
                 from [01m[K/opt/ros/humble/include/rclcpp/rclcpp/executor.hpp:37[m[K,
                 from [01m[K/opt/ros/humble/include/rclcpp/rclcpp/executors/multi_threaded_executor.hpp:25[m[K,
                 from [01m[K/opt/ros/humble/include/rclcpp/rclcpp/executors.hpp:21[m[K,
                 from [01m[K/opt/ros/humble/include/rclcpp/rclcpp/rclcpp.hpp:155[m[K,
                 from [01m[K/home/student/ros2_ws/src/eced3901/src/part1.cpp:5[m[K:
[01m[K/home/student/ros2_ws/src/eced3901/src/part1.cpp:154:58:[m[K [01;31m[Kerror: [m[Kinvalid use of ‘[01m[Kthis[m[K’ in non-member function
  154 |             case 1: correct_with_wall(0.32); RCLCPP_INFO([01;31m[Kthis[m[K->get_logger(), "Case 1"); break;
      |                                                          [01;31m[K^~~~[m[K
[01m[K/home/student/ros2_ws/src/eced3901/src/part1.cpp:154:58:[m[K [01;31m[Kerror: [m[Kinvalid use of ‘[01m[Kthis[m[K’ in non-member function
[01m[K/home/student/ros2_ws/src/eced3901/src/part1.cpp:154:46:[m[K [01;31m[Kerror: [m[Ktemplate argument 1 is invalid
  154 |             case 1: correct_with_wall(0.32); [01;31m[KRCLCPP_INFO[m[K(this->get_logger(), "Case 1"); break;
      |                                              [01;31m[K^~~~~~~~~~~[m[K
In file included from [01m[K/opt/ros/humble/include/rclcpp/rclcpp/logging.hpp:24[m[K,
                 from [01m[K/opt/ros/humble/include/rclcpp/rclcpp/client.hpp:40[m[K,
                 from [01m[K/opt/ros/humble/include/rclcpp/rclcpp/callback_group.hpp:24[m[K,
                 from [01m[K/opt/ros/humble/include/rclcpp/rclcpp/any_executable.hpp:20[m[K,
                 from [01m[K/opt/ros/humble/include/rclcpp/rclcpp/memory_strategy.hpp:25[m[K,
                 from [01m[K/opt/ros/humble/include/rclcpp/rclcpp/memory_strategies.hpp:18[m[K,
                 from [01m[K/opt/ros/humble/include/rclcpp/rclcpp/executor_options.hpp:20[m[K,
                 from [01m[K/opt/ros/humble/include/rclcpp/rclcpp/executor.hpp:37[m[K,
                 from [01m[K/opt/ros/humble/include/rclcpp/rclcpp/executors/multi_threaded_executor.hpp:25[m[K,
                 from [01m[K/opt/ros/humble/include/rclcpp/rclcpp/executors.hpp:21[m[K,
                 from [01m[K/opt/ros/humble/include/rclcpp/rclcpp/rclcpp.hpp:155[m[K,
                 from [01m[K/home/student/ros2_ws/src/eced3901/src/part1.cpp:5[m[K:
[01m[K/home/student/ros2_ws/src/eced3901/src/part1.cpp:154:58:[m[K [01;31m[Kerror: [m[Kinvalid use of ‘[01m[Kthis[m[K’ in non-member function
  154 |             case 1: correct_with_wall(0.32); RCLCPP_INFO([01;31m[Kthis[m[K->get_logger(), "Case 1"); break;
      |                                                          [01;31m[K^~~~[m[K
[01m[K/home/student/ros2_ws/src/eced3901/src/part1.cpp:154:58:[m[K [01;31m[Kerror: [m[Kinvalid use of ‘[01m[Kthis[m[K’ in non-member function
  154 |             case 1: correct_with_wall(0.32); RCLCPP_INFO([01;31m[Kthis[m[K->get_logger(), "Case 1"); break;
      |                                                          [01;31m[K^~~~[m[K
[01m[K/home/student/ros2_ws/src/eced3901/src/part1.cpp:155:21:[m[K [01;31m[Kerror: [m[K‘[01m[Kturn_angle[m[K’ was not declared in this scope
  155 |             case 2: [01;31m[Kturn_angle[m[K(M_PI / 2); RCLCPP_INFO(this->get_logger(), "Case 2"); break;  // turn left 90°
      |                     [01;31m[K^~~~~~~~~~[m[K
In file included from [01m[K/opt/ros/humble/include/rclcpp/rclcpp/client.hpp:40[m[K,
                 from [01m[K/opt/ros/humble/include/rclcpp/rclcpp/callback_group.hpp:24[m[K,
                 from [01m[K/opt/ros/humble/include/rclcpp/rclcpp/any_executable.hpp:20[m[K,
                 from [01m[K/opt/ros/humble/include/rclcpp/rclcpp/memory_strategy.hpp:25[m[K,
                 from [01m[K/opt/ros/humble/include/rclcpp/rclcpp/memory_strategies.hpp:18[m[K,
                 from [01m[K/opt/ros/humble/include/rclcpp/rclcpp/executor_options.hpp:20[m[K,
                 from [01m[K/opt/ros/humble/include/rclcpp/rclcpp/executor.hpp:37[m[K,
                 from [01m[K/opt/ros/humble/include/rclcpp/rclcpp/executors/multi_threaded_executor.hpp:25[m[K,
                 from [01m[K/opt/ros/humble/include/rclcpp/rclcpp/executors.hpp:21[m[K,
                 from [01m[K/opt/ros/humble/include/rclcpp/rclcpp/rclcpp.hpp:155[m[K,
                 from [01m[K/home/student/ros2_ws/src/eced3901/src/part1.cpp:5[m[K:
[01m[K/home/student/ros2_ws/src/eced3901/src/part1.cpp:155:55:[m[K [01;31m[Kerror: [m[Kinvalid use of ‘[01m[Kthis[m[K’ in non-member function
  155 |             case 2: turn_angle(M_PI / 2); RCLCPP_INFO([01;31m[Kthis[m[K->get_logger(), "Case 2"); break;  // turn left 90°
      |                                                       [01;31m[K^~~~[m[K
[01m[K/home/student/ros2_ws/src/eced3901/src/part1.cpp:155:55:[m[K [01;31m[Kerror: [m[Kinvalid use of ‘[01m[Kthis[m[K’ in non-member function
[01m[K/home/student/ros2_ws/src/eced3901/src/part1.cpp:155:43:[m[K [01;31m[Kerror: [m[Ktemplate argument 1 is invalid
  155 |             case 2: turn_angle(M_PI / 2); [01;31m[KRCLCPP_INFO[m[K(this->get_logger(), "Case 2"); break;  // turn left 90°
      |                                           [01;31m[K^~~~~~~~~~~[m[K
In file included from [01m[K/opt/ros/humble/include/rclcpp/rclcpp/logging.hpp:24[m[K,
                 from [01m[K/opt/ros/humble/include/rclcpp/rclcpp/client.hpp:40[m[K,
                 from [01m[K/opt/ros/humble/include/rclcpp/rclcpp/callback_group.hpp:24[m[K,
                 from [01m[K/opt/ros/humble/include/rclcpp/rclcpp/any_executable.hpp:20[m[K,
                 from [01m[K/opt/ros/humble/include/rclcpp/rclcpp/memory_strategy.hpp:25[m[K,
                 from [01m[K/opt/ros/humble/include/rclcpp/rclcpp/memory_strategies.hpp:18[m[K,
                 from [01m[K/opt/ros/humble/include/rclcpp/rclcpp/executor_options.hpp:20[m[K,
                 from [01m[K/opt/ros/humble/include/rclcpp/rclcpp/executor.hpp:37[m[K,
                 from [01m[K/opt/ros/humble/include/rclcpp/rclcpp/executors/multi_threaded_executor.hpp:25[m[K,
                 from [01m[K/opt/ros/humble/include/rclcpp/rclcpp/executors.hpp:21[m[K,
                 from [01m[K/opt/ros/humble/include/rclcpp/rclcpp/rclcpp.hpp:155[m[K,
                 from [01m[K/home/student/ros2_ws/src/eced3901/src/part1.cpp:5[m[K:
[01m[K/home/student/ros2_ws/src/eced3901/src/part1.cpp:155:55:[m[K [01;31m[Kerror: [m[Kinvalid use of ‘[01m[Kthis[m[K’ in non-member function
  155 |             case 2: turn_angle(M_PI / 2); RCLCPP_INFO([01;31m[Kthis[m[K->get_logger(), "Case 2"); break;  // turn left 90°
      |                                                       [01;31m[K^~~~[m[K
[01m[K/home/student/ros2_ws/src/eced3901/src/part1.cpp:155:55:[m[K [01;31m[Kerror: [m[Kinvalid use of ‘[01m[Kthis[m[K’ in non-member function
  155 |             case 2: turn_angle(M_PI / 2); RCLCPP_INFO([01;31m[Kthis[m[K->get_logger(), "Case 2"); break;  // turn left 90°
      |                                                       [01;31m[K^~~~[m[K
In file included from [01m[K/opt/ros/humble/include/rclcpp/rclcpp/client.hpp:40[m[K,
                 from [01m[K/opt/ros/humble/include/rclcpp/rclcpp/callback_group.hpp:24[m[K,
                 from [01m[K/opt/ros/humble/include/rclcpp/rclcpp/any_executable.hpp:20[m[K,
                 from [01m[K/opt/ros/humble/include/rclcpp/rclcpp/memory_strategy.hpp:25[m[K,
                 from [01m[K/opt/ros/humble/include/rclcpp/rclcpp/memory_strategies.hpp:18[m[K,
                 from [01m[K/opt/ros/humble/include/rclcpp/rclcpp/executor_options.hpp:20[m[K,
                 from [01m[K/opt/ros/humble/include/rclcpp/rclcpp/executor.hpp:37[m[K,
                 from [01m[K/opt/ros/humble/include/rclcpp/rclcpp/executors/multi_threaded_executor.hpp:25[m[K,
                 from [01m[K/opt/ros/humble/include/rclcpp/rclcpp/executors.hpp:21[m[K,
                 from [01m[K/opt/ros/humble/include/rclcpp/rclcpp/rclcpp.hpp:155[m[K,
                 from [01m[K/home/student/ros2_ws/src/eced3901/src/part1.cpp:5[m[K:
[01m[K/home/student/ros2_ws/src/eced3901/src/part1.cpp:156:56:[m[K [01;31m[Kerror: [m[Kinvalid use of ‘[01m[Kthis[m[K’ in non-member function
  156 |             case 3: move_distance(0.3068); RCLCPP_INFO([01;31m[Kthis[m[K->get_logger(), "Case 3"); break; // 1 ft forward
      |                                                        [01;31m[K^~~~[m[K
[01m[K/home/student/ros2_ws/src/eced3901/src/part1.cpp:156:56:[m[K [01;31m[Kerror: [m[Kinvalid use of ‘[01m[Kthis[m[K’ in non-member function
[01m[K/home/student/ros2_ws/src/eced3901/src/part1.cpp:156:44:[m[K [01;31m[Kerror: [m[Ktemplate argument 1 is invalid
  156 |             case 3: move_distance(0.3068); [01;31m[KRCLCPP_INFO[m[K(this->get_logger(), "Case 3"); break; // 1 ft forward
      |                                            [01;31m[K^~~~~~~~~~~[m[K
In file included from [01m[K/opt/ros/humble/include/rclcpp/rclcpp/logging.hpp:24[m[K,
                 from [01m[K/opt/ros/humble/include/rclcpp/rclcpp/client.hpp:40[m[K,
                 from [01m[K/opt/ros/humble/include/rclcpp/rclcpp/callback_group.hpp:24[m[K,
                 from [01m[K/opt/ros/humble/include/rclcpp/rclcpp/any_executable.hpp:20[m[K,
                 from [01m[K/opt/ros/humble/include/rclcpp/rclcpp/memory_strategy.hpp:25[m[K,
                 from [01m[K/opt/ros/humble/include/rclcpp/rclcpp/memory_strategies.hpp:18[m[K,
                 from [01m[K/opt/ros/humble/include/rclcpp/rclcpp/executor_options.hpp:20[m[K,
                 from [01m[K/opt/ros/humble/include/rclcpp/rclcpp/executor.hpp:37[m[K,
                 from [01m[K/opt/ros/humble/include/rclcpp/rclcpp/executors/multi_threaded_executor.hpp:25[m[K,
                 from [01m[K/opt/ros/humble/include/rclcpp/rclcpp/executors.hpp:21[m[K,
                 from [01m[K/opt/ros/humble/include/rclcpp/rclcpp/rclcpp.hpp:155[m[K,
                 from [01m[K/home/student/ros2_ws/src/eced3901/src/part1.cpp:5[m[K:
[01m[K/home/student/ros2_ws/src/eced3901/src/part1.cpp:156:56:[m[K [01;31m[Kerror: [m[Kinvalid use of ‘[01m[Kthis[m[K’ in non-member function
  156 |             case 3: move_distance(0.3068); RCLCPP_INFO([01;31m[Kthis[m[K->get_logger(), "Case 3"); break; // 1 ft forward
      |                                                        [01;31m[K^~~~[m[K
[01m[K/home/student/ros2_ws/src/eced3901/src/part1.cpp:156:56:[m[K [01;31m[Kerror: [m[Kinvalid use of ‘[01m[Kthis[m[K’ in non-member function
  156 |             case 3: move_distance(0.3068); RCLCPP_INFO([01;31m[Kthis[m[K->get_logger(), "Case 3"); break; // 1 ft forward
      |                                                        [01;31m[K^~~~[m[K
In file included from [01m[K/opt/ros/humble/include/rclcpp/rclcpp/client.hpp:40[m[K,
                 from [01m[K/opt/ros/humble/include/rclcpp/rclcpp/callback_group.hpp:24[m[K,
                 from [01m[K/opt/ros/humble/include/rclcpp/rclcpp/any_executable.hpp:20[m[K,
                 from [01m[K/opt/ros/humble/include/rclcpp/rclcpp/memory_strategy.hpp:25[m[K,
                 from [01m[K/opt/ros/humble/include/rclcpp/rclcpp/memory_strategies.hpp:18[m[K,
                 from [01m[K/opt/ros/humble/include/rclcpp/rclcpp/executor_options.hpp:20[m[K,
                 from [01m[K/opt/ros/humble/include/rclcpp/rclcpp/executor.hpp:37[m[K,
                 from [01m[K/opt/ros/humble/include/rclcpp/rclcpp/executors/multi_threaded_executor.hpp:25[m[K,
                 from [01m[K/opt/ros/humble/include/rclcpp/rclcpp/executors.hpp:21[m[K,
                 from [01m[K/opt/ros/humble/include/rclcpp/rclcpp/rclcpp.hpp:155[m[K,
                 from [01m[K/home/student/ros2_ws/src/eced3901/src/part1.cpp:5[m[K:
[01m[K/home/student/ros2_ws/src/eced3901/src/part1.cpp:157:58:[m[K [01;31m[Kerror: [m[Kinvalid use of ‘[01m[Kthis[m[K’ in non-member function
  157 |             case 4: correct_with_wall(0.32); RCLCPP_INFO([01;31m[Kthis[m[K->get_logger(), "Case 4"); break;
      |                                                          [01;31m[K^~~~[m[K
[01m[K/home/student/ros2_ws/src/eced3901/src/part1.cpp:157:58:[m[K [01;31m[Kerror: [m[Kinvalid use of ‘[01m[Kthis[m[K’ in non-member function
[01m[K/home/student/ros2_ws/src/eced3901/src/part1.cpp:157:46:[m[K [01;31m[Kerror: [m[Ktemplate argument 1 is invalid
  157 |             case 4: correct_with_wall(0.32); [01;31m[KRCLCPP_INFO[m[K(this->get_logger(), "Case 4"); break;
      |                                              [01;31m[K^~~~~~~~~~~[m[K
In file included from [01m[K/opt/ros/humble/include/rclcpp/rclcpp/logging.hpp:24[m[K,
                 from [01m[K/opt/ros/humble/include/rclcpp/rclcpp/client.hpp:40[m[K,
                 from [01m[K/opt/ros/humble/include/rclcpp/rclcpp/callback_group.hpp:24[m[K,
                 from [01m[K/opt/ros/humble/include/rclcpp/rclcpp/any_executable.hpp:20[m[K,
                 from [01m[K/opt/ros/humble/include/rclcpp/rclcpp/memory_strategy.hpp:25[m[K,
                 from [01m[K/opt/ros/humble/include/rclcpp/rclcpp/memory_strategies.hpp:18[m[K,
                 from [01m[K/opt/ros/humble/include/rclcpp/rclcpp/executor_options.hpp:20[m[K,
                 from [01m[K/opt/ros/humble/include/rclcpp/rclcpp/executor.hpp:37[m[K,
                 from [01m[K/opt/ros/humble/include/rclcpp/rclcpp/executors/multi_threaded_executor.hpp:25[m[K,
                 from [01m[K/opt/ros/humble/include/rclcpp/rclcpp/executors.hpp:21[m[K,
                 from [01m[K/opt/ros/humble/include/rclcpp/rclcpp/rclcpp.hpp:155[m[K,
                 from [01m[K/home/student/ros2_ws/src/eced3901/src/part1.cpp:5[m[K:
[01m[K/home/student/ros2_ws/src/eced3901/src/part1.cpp:157:58:[m[K [01;31m[Kerror: [m[Kinvalid use of ‘[01m[Kthis[m[K’ in non-member function
  157 |             case 4: correct_with_wall(0.32); RCLCPP_INFO([01;31m[Kthis[m[K->get_logger(), "Case 4"); break;
      |                                                          [01;31m[K^~~~[m[K
[01m[K/home/student/ros2_ws/src/eced3901/src/part1.cpp:157:58:[m[K [01;31m[Kerror: [m[Kinvalid use of ‘[01m[Kthis[m[K’ in non-member function
  157 |             case 4: correct_with_wall(0.32); RCLCPP_INFO([01;31m[Kthis[m[K->get_logger(), "Case 4"); break;
      |                                                          [01;31m[K^~~~[m[K
In file included from [01m[K/opt/ros/humble/include/rclcpp/rclcpp/client.hpp:40[m[K,
                 from [01m[K/opt/ros/humble/include/rclcpp/rclcpp/callback_group.hpp:24[m[K,
                 from [01m[K/opt/ros/humble/include/rclcpp/rclcpp/any_executable.hpp:20[m[K,
                 from [01m[K/opt/ros/humble/include/rclcpp/rclcpp/memory_strategy.hpp:25[m[K,
                 from [01m[K/opt/ros/humble/include/rclcpp/rclcpp/memory_strategies.hpp:18[m[K,
                 from [01m[K/opt/ros/humble/include/rclcpp/rclcpp/executor_options.hpp:20[m[K,
                 from [01m[K/opt/ros/humble/include/rclcpp/rclcpp/executor.hpp:37[m[K,
                 from [01m[K/opt/ros/humble/include/rclcpp/rclcpp/executors/multi_threaded_executor.hpp:25[m[K,
                 from [01m[K/opt/ros/humble/include/rclcpp/rclcpp/executors.hpp:21[m[K,
                 from [01m[K/opt/ros/humble/include/rclcpp/rclcpp/rclcpp.hpp:155[m[K,
                 from [01m[K/home/student/ros2_ws/src/eced3901/src/part1.cpp:5[m[K:
[01m[K/home/student/ros2_ws/src/eced3901/src/part1.cpp:158:56:[m[K [01;31m[Kerror: [m[Kinvalid use of ‘[01m[Kthis[m[K’ in non-member function
  158 |             case 5: turn_angle(-M_PI / 2); RCLCPP_INFO([01;31m[Kthis[m[K->get_logger(), "Case 5"); break; // turn right 90°
      |                                                        [01;31m[K^~~~[m[K
[01m[K/home/student/ros2_ws/src/eced3901/src/part1.cpp:158:56:[m[K [01;31m[Kerror: [m[Kinvalid use of ‘[01m[Kthis[m[K’ in non-member function
[01m[K/home/student/ros2_ws/src/eced3901/src/part1.cpp:158:44:[m[K [01;31m[Kerror: [m[Ktemplate argument 1 is invalid
  158 |             case 5: turn_angle(-M_PI / 2); [01;31m[KRCLCPP_INFO[m[K(this->get_logger(), "Case 5"); break; // turn right 90°
      |                                            [01;31m[K^~~~~~~~~~~[m[K
In file included from [01m[K/opt/ros/humble/include/rclcpp/rclcpp/logging.hpp:24[m[K,
                 from [01m[K/opt/ros/humble/include/rclcpp/rclcpp/client.hpp:40[m[K,
                 from [01m[K/opt/ros/humble/include/rclcpp/rclcpp/callback_group.hpp:24[m[K,
                 from [01m[K/opt/ros/humble/include/rclcpp/rclcpp/any_executable.hpp:20[m[K,
                 from [01m[K/opt/ros/humble/include/rclcpp/rclcpp/memory_strategy.hpp:25[m[K,
                 from [01m[K/opt/ros/humble/include/rclcpp/rclcpp/memory_strategies.hpp:18[m[K,
                 from [01m[K/opt/ros/humble/include/rclcpp/rclcpp/executor_options.hpp:20[m[K,
                 from [01m[K/opt/ros/humble/include/rclcpp/rclcpp/executor.hpp:37[m[K,
                 from [01m[K/opt/ros/humble/include/rclcpp/rclcpp/executors/multi_threaded_executor.hpp:25[m[K,
                 from [01m[K/opt/ros/humble/include/rclcpp/rclcpp/executors.hpp:21[m[K,
                 from [01m[K/opt/ros/humble/include/rclcpp/rclcpp/rclcpp.hpp:155[m[K,
                 from [01m[K/home/student/ros2_ws/src/eced3901/src/part1.cpp:5[m[K:
[01m[K/home/student/ros2_ws/src/eced3901/src/part1.cpp:158:56:[m[K [01;31m[Kerror: [m[Kinvalid use of ‘[01m[Kthis[m[K’ in non-member function
  158 |             case 5: turn_angle(-M_PI / 2); RCLCPP_INFO([01;31m[Kthis[m[K->get_logger(), "Case 5"); break; // turn right 90°
      |                                                        [01;31m[K^~~~[m[K
[01m[K/home/student/ros2_ws/src/eced3901/src/part1.cpp:158:56:[m[K [01;31m[Kerror: [m[Kinvalid use of ‘[01m[Kthis[m[K’ in non-member function
  158 |             case 5: turn_angle(-M_PI / 2); RCLCPP_INFO([01;31m[Kthis[m[K->get_logger(), "Case 5"); break; // turn right 90°
      |                                                        [01;31m[K^~~~[m[K
In file included from [01m[K/opt/ros/humble/include/rclcpp/rclcpp/client.hpp:40[m[K,
                 from [01m[K/opt/ros/humble/include/rclcpp/rclcpp/callback_group.hpp:24[m[K,
                 from [01m[K/opt/ros/humble/include/rclcpp/rclcpp/any_executable.hpp:20[m[K,
                 from [01m[K/opt/ros/humble/include/rclcpp/rclcpp/memory_strategy.hpp:25[m[K,
                 from [01m[K/opt/ros/humble/include/rclcpp/rclcpp/memory_strategies.hpp:18[m[K,
                 from [01m[K/opt/ros/humble/include/rclcpp/rclcpp/executor_options.hpp:20[m[K,
                 from [01m[K/opt/ros/humble/include/rclcpp/rclcpp/executor.hpp:37[m[K,
                 from [01m[K/opt/ros/humble/include/rclcpp/rclcpp/executors/multi_threaded_executor.hpp:25[m[K,
                 from [01m[K/opt/ros/humble/include/rclcpp/rclcpp/executors.hpp:21[m[K,
                 from [01m[K/opt/ros/humble/include/rclcpp/rclcpp/rclcpp.hpp:155[m[K,
                 from [01m[K/home/student/ros2_ws/src/eced3901/src/part1.cpp:5[m[K:
[01m[K/home/student/ros2_ws/src/eced3901/src/part1.cpp:159:56:[m[K [01;31m[Kerror: [m[Kinvalid use of ‘[01m[Kthis[m[K’ in non-member function
  159 |             case 6: move_distance(1.2192); RCLCPP_INFO([01;31m[Kthis[m[K->get_logger(), "Case 6"); break; // 4 ft forward
      |                                                        [01;31m[K^~~~[m[K
[01m[K/home/student/ros2_ws/src/eced3901/src/part1.cpp:159:56:[m[K [01;31m[Kerror: [m[Kinvalid use of ‘[01m[Kthis[m[K’ in non-member function
[01m[K/home/student/ros2_ws/src/eced3901/src/part1.cpp:159:44:[m[K [01;31m[Kerror: [m[Ktemplate argument 1 is invalid
  159 |             case 6: move_distance(1.2192); [01;31m[KRCLCPP_INFO[m[K(this->get_logger(), "Case 6"); break; // 4 ft forward
      |                                            [01;31m[K^~~~~~~~~~~[m[K
In file included from [01m[K/opt/ros/humble/include/rclcpp/rclcpp/logging.hpp:24[m[K,
                 from [01m[K/opt/ros/humble/include/rclcpp/rclcpp/client.hpp:40[m[K,
                 from [01m[K/opt/ros/humble/include/rclcpp/rclcpp/callback_group.hpp:24[m[K,
                 from [01m[K/opt/ros/humble/include/rclcpp/rclcpp/any_executable.hpp:20[m[K,
                 from [01m[K/opt/ros/humble/include/rclcpp/rclcpp/memory_strategy.hpp:25[m[K,
                 from [01m[K/opt/ros/humble/include/rclcpp/rclcpp/memory_strategies.hpp:18[m[K,
                 from [01m[K/opt/ros/humble/include/rclcpp/rclcpp/executor_options.hpp:20[m[K,
                 from [01m[K/opt/ros/humble/include/rclcpp/rclcpp/executor.hpp:37[m[K,
                 from [01m[K/opt/ros/humble/include/rclcpp/rclcpp/executors/multi_threaded_executor.hpp:25[m[K,
                 from [01m[K/opt/ros/humble/include/rclcpp/rclcpp/executors.hpp:21[m[K,
                 from [01m[K/opt/ros/humble/include/rclcpp/rclcpp/rclcpp.hpp:155[m[K,
                 from [01m[K/home/student/ros2_ws/src/eced3901/src/part1.cpp:5[m[K:
[01m[K/home/student/ros2_ws/src/eced3901/src/part1.cpp:159:56:[m[K [01;31m[Kerror: [m[Kinvalid use of ‘[01m[Kthis[m[K’ in non-member function
  159 |             case 6: move_distance(1.2192); RCLCPP_INFO([01;31m[Kthis[m[K->get_logger(), "Case 6"); break; // 4 ft forward
      |                                                        [01;31m[K^~~~[m[K
[01m[K/home/student/ros2_ws/src/eced3901/src/part1.cpp:159:56:[m[K [01;31m[Kerror: [m[Kinvalid use of ‘[01m[Kthis[m[K’ in non-member function
  159 |             case 6: move_distance(1.2192); RCLCPP_INFO([01;31m[Kthis[m[K->get_logger(), "Case 6"); break; // 4 ft forward
      |                                                        [01;31m[K^~~~[m[K
In file included from [01m[K/opt/ros/humble/include/rclcpp/rclcpp/client.hpp:40[m[K,
                 from [01m[K/opt/ros/humble/include/rclcpp/rclcpp/callback_group.hpp:24[m[K,
                 from [01m[K/opt/ros/humble/include/rclcpp/rclcpp/any_executable.hpp:20[m[K,
                 from [01m[K/opt/ros/humble/include/rclcpp/rclcpp/memory_strategy.hpp:25[m[K,
                 from [01m[K/opt/ros/humble/include/rclcpp/rclcpp/memory_strategies.hpp:18[m[K,
                 from [01m[K/opt/ros/humble/include/rclcpp/rclcpp/executor_options.hpp:20[m[K,
                 from [01m[K/opt/ros/humble/include/rclcpp/rclcpp/executor.hpp:37[m[K,
                 from [01m[K/opt/ros/humble/include/rclcpp/rclcpp/executors/multi_threaded_executor.hpp:25[m[K,
                 from [01m[K/opt/ros/humble/include/rclcpp/rclcpp/executors.hpp:21[m[K,
                 from [01m[K/opt/ros/humble/include/rclcpp/rclcpp/rclcpp.hpp:155[m[K,
                 from [01m[K/home/student/ros2_ws/src/eced3901/src/part1.cpp:5[m[K:
[01m[K/home/student/ros2_ws/src/eced3901/src/part1.cpp:160:58:[m[K [01;31m[Kerror: [m[Kinvalid use of ‘[01m[Kthis[m[K’ in non-member function
  160 |             case 7: correct_with_wall(0.32); RCLCPP_INFO([01;31m[Kthis[m[K->get_logger(), "Case 7"); break;
      |                                                          [01;31m[K^~~~[m[K
[01m[K/home/student/ros2_ws/src/eced3901/src/part1.cpp:160:58:[m[K [01;31m[Kerror: [m[Kinvalid use of ‘[01m[Kthis[m[K’ in non-member function
[01m[K/home/student/ros2_ws/src/eced3901/src/part1.cpp:160:46:[m[K [01;31m[Kerror: [m[Ktemplate argument 1 is invalid
  160 |             case 7: correct_with_wall(0.32); [01;31m[KRCLCPP_INFO[m[K(this->get_logger(), "Case 7"); break;
      |                                              [01;31m[K^~~~~~~~~~~[m[K
In file included from [01m[K/opt/ros/humble/include/rclcpp/rclcpp/logging.hpp:24[m[K,
                 from [01m[K/opt/ros/humble/include/rclcpp/rclcpp/client.hpp:40[m[K,
                 from [01m[K/opt/ros/humble/include/rclcpp/rclcpp/callback_group.hpp:24[m[K,
                 from [01m[K/opt/ros/humble/include/rclcpp/rclcpp/any_executable.hpp:20[m[K,
                 from [01m[K/opt/ros/humble/include/rclcpp/rclcpp/memory_strategy.hpp:25[m[K,
                 from [01m[K/opt/ros/humble/include/rclcpp/rclcpp/memory_strategies.hpp:18[m[K,
                 from [01m[K/opt/ros/humble/include/rclcpp/rclcpp/executor_options.hpp:20[m[K,
                 from [01m[K/opt/ros/humble/include/rclcpp/rclcpp/executor.hpp:37[m[K,
                 from [01m[K/opt/ros/humble/include/rclcpp/rclcpp/executors/multi_threaded_executor.hpp:25[m[K,
                 from [01m[K/opt/ros/humble/include/rclcpp/rclcpp/executors.hpp:21[m[K,
                 from [01m[K/opt/ros/humble/include/rclcpp/rclcpp/rclcpp.hpp:155[m[K,
                 from [01m[K/home/student/ros2_ws/src/eced3901/src/part1.cpp:5[m[K:
[01m[K/home/student/ros2_ws/src/eced3901/src/part1.cpp:160:58:[m[K [01;31m[Kerror: [m[Kinvalid use of ‘[01m[Kthis[m[K’ in non-member function
  160 |             case 7: correct_with_wall(0.32); RCLCPP_INFO([01;31m[Kthis[m[K->get_logger(), "Case 7"); break;
      |                                                          [01;31m[K^~~~[m[K
[01m[K/home/student/ros2_ws/src/eced3901/src/part1.cpp:160:58:[m[K [01;31m[Kerror: [m[Kinvalid use of ‘[01m[Kthis[m[K’ in non-member function
  160 |             case 7: correct_with_wall(0.32); RCLCPP_INFO([01;31m[Kthis[m[K->get_logger(), "Case 7"); break;
      |                                                          [01;31m[K^~~~[m[K
In file included from [01m[K/opt/ros/humble/include/rclcpp/rclcpp/client.hpp:40[m[K,
                 from [01m[K/opt/ros/humble/include/rclcpp/rclcpp/callback_group.hpp:24[m[K,
                 from [01m[K/opt/ros/humble/include/rclcpp/rclcpp/any_executable.hpp:20[m[K,
                 from [01m[K/opt/ros/humble/include/rclcpp/rclcpp/memory_strategy.hpp:25[m[K,
                 from [01m[K/opt/ros/humble/include/rclcpp/rclcpp/memory_strategies.hpp:18[m[K,
                 from [01m[K/opt/ros/humble/include/rclcpp/rclcpp/executor_options.hpp:20[m[K,
                 from [01m[K/opt/ros/humble/include/rclcpp/rclcpp/executor.hpp:37[m[K,
                 from [01m[K/opt/ros/humble/include/rclcpp/rclcpp/executors/multi_threaded_executor.hpp:25[m[K,
                 from [01m[K/opt/ros/humble/include/rclcpp/rclcpp/executors.hpp:21[m[K,
                 from [01m[K/opt/ros/humble/include/rclcpp/rclcpp/rclcpp.hpp:155[m[K,
                 from [01m[K/home/student/ros2_ws/src/eced3901/src/part1.cpp:5[m[K:
[01m[K/home/student/ros2_ws/src/eced3901/src/part1.cpp:161:56:[m[K [01;31m[Kerror: [m[Kinvalid use of ‘[01m[Kthis[m[K’ in non-member function
  161 |             case 8: turn_angle(-M_PI / 2); RCLCPP_INFO([01;31m[Kthis[m[K->get_logger(), "Case 8"); break; // turn right 90°
      |                                                        [01;31m[K^~~~[m[K
[01m[K/home/student/ros2_ws/src/eced3901/src/part1.cpp:161:56:[m[K [01;31m[Kerror: [m[Kinvalid use of ‘[01m[Kthis[m[K’ in non-member function
[01m[K/home/student/ros2_ws/src/eced3901/src/part1.cpp:161:44:[m[K [01;31m[Kerror: [m[Ktemplate argument 1 is invalid
  161 |             case 8: turn_angle(-M_PI / 2); [01;31m[KRCLCPP_INFO[m[K(this->get_logger(), "Case 8"); break; // turn right 90°
      |                                            [01;31m[K^~~~~~~~~~~[m[K
In file included from [01m[K/opt/ros/humble/include/rclcpp/rclcpp/logging.hpp:24[m[K,
                 from [01m[K/opt/ros/humble/include/rclcpp/rclcpp/client.hpp:40[m[K,
                 from [01m[K/opt/ros/humble/include/rclcpp/rclcpp/callback_group.hpp:24[m[K,
                 from [01m[K/opt/ros/humble/include/rclcpp/rclcpp/any_executable.hpp:20[m[K,
                 from [01m[K/opt/ros/humble/include/rclcpp/rclcpp/memory_strategy.hpp:25[m[K,
                 from [01m[K/opt/ros/humble/include/rclcpp/rclcpp/memory_strategies.hpp:18[m[K,
                 from [01m[K/opt/ros/humble/include/rclcpp/rclcpp/executor_options.hpp:20[m[K,
                 from [01m[K/opt/ros/humble/include/rclcpp/rclcpp/executor.hpp:37[m[K,
                 from [01m[K/opt/ros/humble/include/rclcpp/rclcpp/executors/multi_threaded_executor.hpp:25[m[K,
                 from [01m[K/opt/ros/humble/include/rclcpp/rclcpp/executors.hpp:21[m[K,
                 from [01m[K/opt/ros/humble/include/rclcpp/rclcpp/rclcpp.hpp:155[m[K,
                 from [01m[K/home/student/ros2_ws/src/eced3901/src/part1.cpp:5[m[K:
[01m[K/home/student/ros2_ws/src/eced3901/src/part1.cpp:161:56:[m[K [01;31m[Kerror: [m[Kinvalid use of ‘[01m[Kthis[m[K’ in non-member function
  161 |             case 8: turn_angle(-M_PI / 2); RCLCPP_INFO([01;31m[Kthis[m[K->get_logger(), "Case 8"); break; // turn right 90°
      |                                                        [01;31m[K^~~~[m[K
[01m[K/home/student/ros2_ws/src/eced3901/src/part1.cpp:161:56:[m[K [01;31m[Kerror: [m[Kinvalid use of ‘[01m[Kthis[m[K’ in non-member function
  161 |             case 8: turn_angle(-M_PI / 2); RCLCPP_INFO([01;31m[Kthis[m[K->get_logger(), "Case 8"); break; // turn right 90°
      |                                                        [01;31m[K^~~~[m[K
In file included from [01m[K/opt/ros/humble/include/rclcpp/rclcpp/client.hpp:40[m[K,
                 from [01m[K/opt/ros/humble/include/rclcpp/rclcpp/callback_group.hpp:24[m[K,
                 from [01m[K/opt/ros/humble/include/rclcpp/rclcpp/any_executable.hpp:20[m[K,
                 from [01m[K/opt/ros/humble/include/rclcpp/rclcpp/memory_strategy.hpp:25[m[K,
                 from [01m[K/opt/ros/humble/include/rclcpp/rclcpp/memory_strategies.hpp:18[m[K,
                 from [01m[K/opt/ros/humble/include/rclcpp/rclcpp/executor_options.hpp:20[m[K,
                 from [01m[K/opt/ros/humble/include/rclcpp/rclcpp/executor.hpp:37[m[K,
                 from [01m[K/opt/ros/humble/include/rclcpp/rclcpp/executors/multi_threaded_executor.hpp:25[m[K,
                 from [01m[K/opt/ros/humble/include/rclcpp/rclcpp/executors.hpp:21[m[K,
                 from [01m[K/opt/ros/humble/include/rclcpp/rclcpp/rclcpp.hpp:155[m[K,
                 from [01m[K/home/student/ros2_ws/src/eced3901/src/part1.cpp:5[m[K:
[01m[K/home/student/ros2_ws/src/eced3901/src/part1.cpp:162:54:[m[K [01;31m[Kerror: [m[Kinvalid use of ‘[01m[Kthis[m[K’ in non-member function
  162 |             case 9: move_distance(0.35); RCLCPP_INFO([01;31m[Kthis[m[K->get_logger(), "Case 9"); break; // 1 ft forward
      |                                                      [01;31m[K^~~~[m[K
[01m[K/home/student/ros2_ws/src/eced3901/src/part1.cpp:162:54:[m[K [01;31m[Kerror: [m[Kinvalid use of ‘[01m[Kthis[m[K’ in non-member function
[01m[K/home/student/ros2_ws/src/eced3901/src/part1.cpp:162:42:[m[K [01;31m[Kerror: [m[Ktemplate argument 1 is invalid
  162 |             case 9: move_distance(0.35); [01;31m[KRCLCPP_INFO[m[K(this->get_logger(), "Case 9"); break; // 1 ft forward
      |                                          [01;31m[K^~~~~~~~~~~[m[K
In file included from [01m[K/opt/ros/humble/include/rclcpp/rclcpp/logging.hpp:24[m[K,
                 from [01m[K/opt/ros/humble/include/rclcpp/rclcpp/client.hpp:40[m[K,
                 from [01m[K/opt/ros/humble/include/rclcpp/rclcpp/callback_group.hpp:24[m[K,
                 from [01m[K/opt/ros/humble/include/rclcpp/rclcpp/any_executable.hpp:20[m[K,
                 from [01m[K/opt/ros/humble/include/rclcpp/rclcpp/memory_strategy.hpp:25[m[K,
                 from [01m[K/opt/ros/humble/include/rclcpp/rclcpp/memory_strategies.hpp:18[m[K,
                 from [01m[K/opt/ros/humble/include/rclcpp/rclcpp/executor_options.hpp:20[m[K,
                 from [01m[K/opt/ros/humble/include/rclcpp/rclcpp/executor.hpp:37[m[K,
                 from [01m[K/opt/ros/humble/include/rclcpp/rclcpp/executors/multi_threaded_executor.hpp:25[m[K,
                 from [01m[K/opt/ros/humble/include/rclcpp/rclcpp/executors.hpp:21[m[K,
                 from [01m[K/opt/ros/humble/include/rclcpp/rclcpp/rclcpp.hpp:155[m[K,
                 from [01m[K/home/student/ros2_ws/src/eced3901/src/part1.cpp:5[m[K:
[01m[K/home/student/ros2_ws/src/eced3901/src/part1.cpp:162:54:[m[K [01;31m[Kerror: [m[Kinvalid use of ‘[01m[Kthis[m[K’ in non-member function
  162 |             case 9: move_distance(0.35); RCLCPP_INFO([01;31m[Kthis[m[K->get_logger(), "Case 9"); break; // 1 ft forward
      |                                                      [01;31m[K^~~~[m[K
[01m[K/home/student/ros2_ws/src/eced3901/src/part1.cpp:162:54:[m[K [01;31m[Kerror: [m[Kinvalid use of ‘[01m[Kthis[m[K’ in non-member function
  162 |             case 9: move_distance(0.35); RCLCPP_INFO([01;31m[Kthis[m[K->get_logger(), "Case 9"); break; // 1 ft forward
      |                                                      [01;31m[K^~~~[m[K
In file included from [01m[K/opt/ros/humble/include/rclcpp/rclcpp/client.hpp:40[m[K,
                 from [01m[K/opt/ros/humble/include/rclcpp/rclcpp/callback_group.hpp:24[m[K,
                 from [01m[K/opt/ros/humble/include/rclcpp/rclcpp/any_executable.hpp:20[m[K,
                 from [01m[K/opt/ros/humble/include/rclcpp/rclcpp/memory_strategy.hpp:25[m[K,
                 from [01m[K/opt/ros/humble/include/rclcpp/rclcpp/memory_strategies.hpp:18[m[K,
                 from [01m[K/opt/ros/humble/include/rclcpp/rclcpp/executor_options.hpp:20[m[K,
                 from [01m[K/opt/ros/humble/include/rclcpp/rclcpp/executor.hpp:37[m[K,
                 from [01m[K/opt/ros/humble/include/rclcpp/rclcpp/executors/multi_threaded_executor.hpp:25[m[K,
                 from [01m[K/opt/ros/humble/include/rclcpp/rclcpp/executors.hpp:21[m[K,
                 from [01m[K/opt/ros/humble/include/rclcpp/rclcpp/rclcpp.hpp:155[m[K,
                 from [01m[K/home/student/ros2_ws/src/eced3901/src/part1.cpp:5[m[K:
[01m[K/home/student/ros2_ws/src/eced3901/src/part1.cpp:163:59:[m[K [01;31m[Kerror: [m[Kinvalid use of ‘[01m[Kthis[m[K’ in non-member function
  163 |             case 10: correct_with_wall(0.32); RCLCPP_INFO([01;31m[Kthis[m[K->get_logger(), "Case 10"); break;
      |                                                           [01;31m[K^~~~[m[K
[01m[K/home/student/ros2_ws/src/eced3901/src/part1.cpp:163:59:[m[K [01;31m[Kerror: [m[Kinvalid use of ‘[01m[Kthis[m[K’ in non-member function
[01m[K/home/student/ros2_ws/src/eced3901/src/part1.cpp:163:47:[m[K [01;31m[Kerror: [m[Ktemplate argument 1 is invalid
  163 |             case 10: correct_with_wall(0.32); [01;31m[KRCLCPP_INFO[m[K(this->get_logger(), "Case 10"); break;
      |                                               [01;31m[K^~~~~~~~~~~[m[K
In file included from [01m[K/opt/ros/humble/include/rclcpp/rclcpp/logging.hpp:24[m[K,
                 from [01m[K/opt/ros/humble/include/rclcpp/rclcpp/client.hpp:40[m[K,
                 from [01m[K/opt/ros/humble/include/rclcpp/rclcpp/callback_group.hpp:24[m[K,
                 from [01m[K/opt/ros/humble/include/rclcpp/rclcpp/any_executable.hpp:20[m[K,
                 from [01m[K/opt/ros/humble/include/rclcpp/rclcpp/memory_strategy.hpp:25[m[K,
                 from [01m[K/opt/ros/humble/include/rclcpp/rclcpp/memory_strategies.hpp:18[m[K,
                 from [01m[K/opt/ros/humble/include/rclcpp/rclcpp/executor_options.hpp:20[m[K,
                 from [01m[K/opt/ros/humble/include/rclcpp/rclcpp/executor.hpp:37[m[K,
                 from [01m[K/opt/ros/humble/include/rclcpp/rclcpp/executors/multi_threaded_executor.hpp:25[m[K,
                 from [01m[K/opt/ros/humble/include/rclcpp/rclcpp/executors.hpp:21[m[K,
                 from [01m[K/opt/ros/humble/include/rclcpp/rclcpp/rclcpp.hpp:155[m[K,
                 from [01m[K/home/student/ros2_ws/src/eced3901/src/part1.cpp:5[m[K:
[01m[K/home/student/ros2_ws/src/eced3901/src/part1.cpp:163:59:[m[K [01;31m[Kerror: [m[Kinvalid use of ‘[01m[Kthis[m[K’ in non-member function
  163 |             case 10: correct_with_wall(0.32); RCLCPP_INFO([01;31m[Kthis[m[K->get_logger(), "Case 10"); break;
      |                                                           [01;31m[K^~~~[m[K
[01m[K/home/student/ros2_ws/src/eced3901/src/part1.cpp:163:59:[m[K [01;31m[Kerror: [m[Kinvalid use of ‘[01m[Kthis[m[K’ in non-member function
  163 |             case 10: correct_with_wall(0.32); RCLCPP_INFO([01;31m[Kthis[m[K->get_logger(), "Case 10"); break;
      |                                                           [01;31m[K^~~~[m[K
In file included from [01m[K/opt/ros/humble/include/rclcpp/rclcpp/client.hpp:40[m[K,
                 from [01m[K/opt/ros/humble/include/rclcpp/rclcpp/callback_group.hpp:24[m[K,
                 from [01m[K/opt/ros/humble/include/rclcpp/rclcpp/any_executable.hpp:20[m[K,
                 from [01m[K/opt/ros/humble/include/rclcpp/rclcpp/memory_strategy.hpp:25[m[K,
                 from [01m[K/opt/ros/humble/include/rclcpp/rclcpp/memory_strategies.hpp:18[m[K,
                 from [01m[K/opt/ros/humble/include/rclcpp/rclcpp/executor_options.hpp:20[m[K,
                 from [01m[K/opt/ros/humble/include/rclcpp/rclcpp/executor.hpp:37[m[K,
                 from [01m[K/opt/ros/humble/include/rclcpp/rclcpp/executors/multi_threaded_executor.hpp:25[m[K,
                 from [01m[K/opt/ros/humble/include/rclcpp/rclcpp/executors.hpp:21[m[K,
                 from [01m[K/opt/ros/humble/include/rclcpp/rclcpp/rclcpp.hpp:155[m[K,
                 from [01m[K/home/student/ros2_ws/src/eced3901/src/part1.cpp:5[m[K:
[01m[K/home/student/ros2_ws/src/eced3901/src/part1.cpp:164:56:[m[K [01;31m[Kerror: [m[Kinvalid use of ‘[01m[Kthis[m[K’ in non-member function
  164 |             case 11: turn_angle(M_PI / 2); RCLCPP_INFO([01;31m[Kthis[m[K->get_logger(), "Case 11"); break;  // turn left 90°
      |                                                        [01;31m[K^~~~[m[K
[01m[K/home/student/ros2_ws/src/eced3901/src/part1.cpp:164:56:[m[K [01;31m[Kerror: [m[Kinvalid use of ‘[01m[Kthis[m[K’ in non-member function
[01m[K/home/student/ros2_ws/src/eced3901/src/part1.cpp:164:44:[m[K [01;31m[Kerror: [m[Ktemplate argument 1 is invalid
  164 |             case 11: turn_angle(M_PI / 2); [01;31m[KRCLCPP_INFO[m[K(this->get_logger(), "Case 11"); break;  // turn left 90°
      |                                            [01;31m[K^~~~~~~~~~~[m[K
In file included from [01m[K/opt/ros/humble/include/rclcpp/rclcpp/logging.hpp:24[m[K,
                 from [01m[K/opt/ros/humble/include/rclcpp/rclcpp/client.hpp:40[m[K,
                 from [01m[K/opt/ros/humble/include/rclcpp/rclcpp/callback_group.hpp:24[m[K,
                 from [01m[K/opt/ros/humble/include/rclcpp/rclcpp/any_executable.hpp:20[m[K,
                 from [01m[K/opt/ros/humble/include/rclcpp/rclcpp/memory_strategy.hpp:25[m[K,
                 from [01m[K/opt/ros/humble/include/rclcpp/rclcpp/memory_strategies.hpp:18[m[K,
                 from [01m[K/opt/ros/humble/include/rclcpp/rclcpp/executor_options.hpp:20[m[K,
                 from [01m[K/opt/ros/humble/include/rclcpp/rclcpp/executor.hpp:37[m[K,
                 from [01m[K/opt/ros/humble/include/rclcpp/rclcpp/executors/multi_threaded_executor.hpp:25[m[K,
                 from [01m[K/opt/ros/humble/include/rclcpp/rclcpp/executors.hpp:21[m[K,
                 from [01m[K/opt/ros/humble/include/rclcpp/rclcpp/rclcpp.hpp:155[m[K,
                 from [01m[K/home/student/ros2_ws/src/eced3901/src/part1.cpp:5[m[K:
[01m[K/home/student/ros2_ws/src/eced3901/src/part1.cpp:164:56:[m[K [01;31m[Kerror: [m[Kinvalid use of ‘[01m[Kthis[m[K’ in non-member function
  164 |             case 11: turn_angle(M_PI / 2); RCLCPP_INFO([01;31m[Kthis[m[K->get_logger(), "Case 11"); break;  // turn left 90°
      |                                                        [01;31m[K^~~~[m[K
[01m[K/home/student/ros2_ws/src/eced3901/src/part1.cpp:164:56:[m[K [01;31m[Kerror: [m[Kinvalid use of ‘[01m[Kthis[m[K’ in non-member function
  164 |             case 11: turn_angle(M_PI / 2); RCLCPP_INFO([01;31m[Kthis[m[K->get_logger(), "Case 11"); break;  // turn left 90°
      |                                                        [01;31m[K^~~~[m[K
In file included from [01m[K/opt/ros/humble/include/rclcpp/rclcpp/client.hpp:40[m[K,
                 from [01m[K/opt/ros/humble/include/rclcpp/rclcpp/callback_group.hpp:24[m[K,
                 from [01m[K/opt/ros/humble/include/rclcpp/rclcpp/any_executable.hpp:20[m[K,
                 from [01m[K/opt/ros/humble/include/rclcpp/rclcpp/memory_strategy.hpp:25[m[K,
                 from [01m[K/opt/ros/humble/include/rclcpp/rclcpp/memory_strategies.hpp:18[m[K,
                 from [01m[K/opt/ros/humble/include/rclcpp/rclcpp/executor_options.hpp:20[m[K,
                 from [01m[K/opt/ros/humble/include/rclcpp/rclcpp/executor.hpp:37[m[K,
                 from [01m[K/opt/ros/humble/include/rclcpp/rclcpp/executors/multi_threaded_executor.hpp:25[m[K,
                 from [01m[K/opt/ros/humble/include/rclcpp/rclcpp/executors.hpp:21[m[K,
                 from [01m[K/opt/ros/humble/include/rclcpp/rclcpp/rclcpp.hpp:155[m[K,
                 from [01m[K/home/student/ros2_ws/src/eced3901/src/part1.cpp:5[m[K:
[01m[K/home/student/ros2_ws/src/eced3901/src/part1.cpp:165:57:[m[K [01;31m[Kerror: [m[Kinvalid use of ‘[01m[Kthis[m[K’ in non-member function
  165 |             case 12: move_distance(1.2192); RCLCPP_INFO([01;31m[Kthis[m[K->get_logger(), "Case 12"); break; // 4 ft final leg
      |                                                         [01;31m[K^~~~[m[K
[01m[K/home/student/ros2_ws/src/eced3901/src/part1.cpp:165:57:[m[K [01;31m[Kerror: [m[Kinvalid use of ‘[01m[Kthis[m[K’ in non-member function
[01m[K/home/student/ros2_ws/src/eced3901/src/part1.cpp:165:45:[m[K [01;31m[Kerror: [m[Ktemplate argument 1 is invalid
  165 |             case 12: move_distance(1.2192); [01;31m[KRCLCPP_INFO[m[K(this->get_logger(), "Case 12"); break; // 4 ft final leg
      |                                             [01;31m[K^~~~~~~~~~~[m[K
In file included from [01m[K/opt/ros/humble/include/rclcpp/rclcpp/logging.hpp:24[m[K,
                 from [01m[K/opt/ros/humble/include/rclcpp/rclcpp/client.hpp:40[m[K,
                 from [01m[K/opt/ros/humble/include/rclcpp/rclcpp/callback_group.hpp:24[m[K,
                 from [01m[K/opt/ros/humble/include/rclcpp/rclcpp/any_executable.hpp:20[m[K,
                 from [01m[K/opt/ros/humble/include/rclcpp/rclcpp/memory_strategy.hpp:25[m[K,
                 from [01m[K/opt/ros/humble/include/rclcpp/rclcpp/memory_strategies.hpp:18[m[K,
                 from [01m[K/opt/ros/humble/include/rclcpp/rclcpp/executor_options.hpp:20[m[K,
                 from [01m[K/opt/ros/humble/include/rclcpp/rclcpp/executor.hpp:37[m[K,
                 from [01m[K/opt/ros/humble/include/rclcpp/rclcpp/executors/multi_threaded_executor.hpp:25[m[K,
                 from [01m[K/opt/ros/humble/include/rclcpp/rclcpp/executors.hpp:21[m[K,
                 from [01m[K/opt/ros/humble/include/rclcpp/rclcpp/rclcpp.hpp:155[m[K,
                 from [01m[K/home/student/ros2_ws/src/eced3901/src/part1.cpp:5[m[K:
[01m[K/home/student/ros2_ws/src/eced3901/src/part1.cpp:165:57:[m[K [01;31m[Kerror: [m[Kinvalid use of ‘[01m[Kthis[m[K’ in non-member function
  165 |             case 12: move_distance(1.2192); RCLCPP_INFO([01;31m[Kthis[m[K->get_logger(), "Case 12"); break; // 4 ft final leg
      |                                                         [01;31m[K^~~~[m[K
[01m[K/home/student/ros2_ws/src/eced3901/src/part1.cpp:165:57:[m[K [01;31m[Kerror: [m[Kinvalid use of ‘[01m[Kthis[m[K’ in non-member function
  165 |             case 12: move_distance(1.2192); RCLCPP_INFO([01;31m[Kthis[m[K->get_logger(), "Case 12"); break; // 4 ft final leg
      |                                                         [01;31m[K^~~~[m[K
In file included from [01m[K/opt/ros/humble/include/rclcpp/rclcpp/client.hpp:40[m[K,
                 from [01m[K/opt/ros/humble/include/rclcpp/rclcpp/callback_group.hpp:24[m[K,
                 from [01m[K/opt/ros/humble/include/rclcpp/rclcpp/any_executable.hpp:20[m[K,
                 from [01m[K/opt/ros/humble/include/rclcpp/rclcpp/memory_strategy.hpp:25[m[K,
                 from [01m[K/opt/ros/humble/include/rclcpp/rclcpp/memory_strategies.hpp:18[m[K,
                 from [01m[K/opt/ros/humble/include/rclcpp/rclcpp/executor_options.hpp:20[m[K,
                 from [01m[K/opt/ros/humble/include/rclcpp/rclcpp/executor.hpp:37[m[K,
                 from [01m[K/opt/ros/humble/include/rclcpp/rclcpp/executors/multi_threaded_executor.hpp:25[m[K,
                 from [01m[K/opt/ros/humble/include/rclcpp/rclcpp/executors.hpp:21[m[K,
                 from [01m[K/opt/ros/humble/include/rclcpp/rclcpp/rclcpp.hpp:155[m[K,
                 from [01m[K/home/student/ros2_ws/src/eced3901/src/part1.cpp:5[m[K:
[01m[K/home/student/ros2_ws/src/eced3901/src/part1.cpp:166:59:[m[K [01;31m[Kerror: [m[Kinvalid use of ‘[01m[Kthis[m[K’ in non-member function
  166 |             case 13: correct_with_wall(0.32); RCLCPP_INFO([01;31m[Kthis[m[K->get_logger(), "Case 13"); break;
      |                                                           [01;31m[K^~~~[m[K
[01m[K/home/student/ros2_ws/src/eced3901/src/part1.cpp:166:59:[m[K [01;31m[Kerror: [m[Kinvalid use of ‘[01m[Kthis[m[K’ in non-member function
[01m[K/home/student/ros2_ws/src/eced3901/src/part1.cpp:166:47:[m[K [01;31m[Kerror: [m[Ktemplate argument 1 is invalid
  166 |             case 13: correct_with_wall(0.32); [01;31m[KRCLCPP_INFO[m[K(this->get_logger(), "Case 13"); break;
      |                                               [01;31m[K^~~~~~~~~~~[m[K
In file included from [01m[K/opt/ros/humble/include/rclcpp/rclcpp/logging.hpp:24[m[K,
                 from [01m[K/opt/ros/humble/include/rclcpp/rclcpp/client.hpp:40[m[K,
                 from [01m[K/opt/ros/humble/include/rclcpp/rclcpp/callback_group.hpp:24[m[K,
                 from [01m[K/opt/ros/humble/include/rclcpp/rclcpp/any_executable.hpp:20[m[K,
                 from [01m[K/opt/ros/humble/include/rclcpp/rclcpp/memory_strategy.hpp:25[m[K,
                 from [01m[K/opt/ros/humble/include/rclcpp/rclcpp/memory_strategies.hpp:18[m[K,
                 from [01m[K/opt/ros/humble/include/rclcpp/rclcpp/executor_options.hpp:20[m[K,
                 from [01m[K/opt/ros/humble/include/rclcpp/rclcpp/executor.hpp:37[m[K,
                 from [01m[K/opt/ros/humble/include/rclcpp/rclcpp/executors/multi_threaded_executor.hpp:25[m[K,
                 from [01m[K/opt/ros/humble/include/rclcpp/rclcpp/executors.hpp:21[m[K,
                 from [01m[K/opt/ros/humble/include/rclcpp/rclcpp/rclcpp.hpp:155[m[K,
                 from [01m[K/home/student/ros2_ws/src/eced3901/src/part1.cpp:5[m[K:
[01m[K/home/student/ros2_ws/src/eced3901/src/part1.cpp:166:59:[m[K [01;31m[Kerror: [m[Kinvalid use of ‘[01m[Kthis[m[K’ in non-member function
  166 |             case 13: correct_with_wall(0.32); RCLCPP_INFO([01;31m[Kthis[m[K->get_logger(), "Case 13"); break;
      |                                                           [01;31m[K^~~~[m[K
[01m[K/home/student/ros2_ws/src/eced3901/src/part1.cpp:166:59:[m[K [01;31m[Kerror: [m[Kinvalid use of ‘[01m[Kthis[m[K’ in non-member function
  166 |             case 13: correct_with_wall(0.32); RCLCPP_INFO([01;31m[Kthis[m[K->get_logger(), "Case 13"); break;
      |                                                           [01;31m[K^~~~[m[K
[01m[K/home/student/ros2_ws/src/eced3901/src/part1.cpp:[m[K In function ‘[01m[Kvoid move_distance(double)[m[K’:
[01m[K/home/student/ros2_ws/src/eced3901/src/part1.cpp:174:9:[m[K [01;31m[Kerror: [m[K‘[01m[Kd_aim[m[K’ was not declared in this scope
  174 |         [01;31m[Kd_aim[m[K = distance;
      |         [01;31m[K^~~~~[m[K
[01m[K/home/student/ros2_ws/src/eced3901/src/part1.cpp:175:9:[m[K [01;31m[Kerror: [m[K‘[01m[Kx_init[m[K’ was not declared in this scope; did you mean ‘[01m[Ku_int[m[K’?
  175 |         [01;31m[Kx_init[m[K = x_now;
      |         [01;31m[K^~~~~~[m[K
      |         [32m[Ku_int[m[K
[01m[K/home/student/ros2_ws/src/eced3901/src/part1.cpp:175:18:[m[K [01;31m[Kerror: [m[K‘[01m[Kx_now[m[K’ was not declared in this scope
  175 |         x_init = [01;31m[Kx_now[m[K;
      |                  [01;31m[K^~~~~[m[K
[01m[K/home/student/ros2_ws/src/eced3901/src/part1.cpp:176:9:[m[K [01;31m[Kerror: [m[K‘[01m[Ky_init[m[K’ was not declared in this scope; did you mean ‘[01m[Ku_int[m[K’?
  176 |         [01;31m[Ky_init[m[K = y_now;
      |         [01;31m[K^~~~~~[m[K
      |         [32m[Ku_int[m[K
[01m[K/home/student/ros2_ws/src/eced3901/src/part1.cpp:176:18:[m[K [01;31m[Kerror: [m[K‘[01m[Ky_now[m[K’ was not declared in this scope
  176 |         y_init = [01;31m[Ky_now[m[K;
      |                  [01;31m[K^~~~~[m[K
[01m[K/home/student/ros2_ws/src/eced3901/src/part1.cpp:177:9:[m[K [01;31m[Kerror: [m[K‘[01m[Kcount_[m[K’ was not declared in this scope
  177 |         [01;31m[Kcount_[m[K++;
      |         [01;31m[K^~~~~~[m[K
[01m[K/home/student/ros2_ws/src/eced3901/src/part1.cpp:178:9:[m[K [01;31m[Kerror: [m[K‘[01m[Kcurrent_action_[m[K’ was not declared in this scope
  178 |         [01;31m[Kcurrent_action_[m[K = Action::MOVE;
      |         [01;31m[K^~~~~~~~~~~~~~~[m[K
[01m[K/home/student/ros2_ws/src/eced3901/src/part1.cpp:178:27:[m[K [01;31m[Kerror: [m[K‘[01m[KAction[m[K’ has not been declared
  178 |         current_action_ = [01;31m[KAction[m[K::MOVE;
      |                           [01;31m[K^~~~~~[m[K
[01m[K/home/student/ros2_ws/src/eced3901/src/part1.cpp:[m[K In function ‘[01m[Kvoid turn_angle(double)[m[K’:
[01m[K/home/student/ros2_ws/src/eced3901/src/part1.cpp:183:9:[m[K [01;31m[Kerror: [m[K‘[01m[Kth_aim[m[K’ was not declared in this scope
  183 |         [01;31m[Kth_aim[m[K = angle;
      |         [01;31m[K^~~~~~[m[K
[01m[K/home/student/ros2_ws/src/eced3901/src/part1.cpp:184:9:[m[K [01;31m[Kerror: [m[K‘[01m[Kth_init[m[K’ was not declared in this scope; did you mean ‘[01m[Ku_int[m[K’?
  184 |         [01;31m[Kth_init[m[K = th_now;
      |         [01;31m[K^~~~~~~[m[K
      |         [32m[Ku_int[m[K
[01m[K/home/student/ros2_ws/src/eced3901/src/part1.cpp:184:19:[m[K [01;31m[Kerror: [m[K‘[01m[Kth_now[m[K’ was not declared in this scope
  184 |         th_init = [01;31m[Kth_now[m[K;
      |                   [01;31m[K^~~~~~[m[K
[01m[K/home/student/ros2_ws/src/eced3901/src/part1.cpp:185:9:[m[K [01;31m[Kerror: [m[K‘[01m[Kcount_[m[K’ was not declared in this scope
  185 |         [01;31m[Kcount_[m[K++;
      |         [01;31m[K^~~~~~[m[K
[01m[K/home/student/ros2_ws/src/eced3901/src/part1.cpp:186:9:[m[K [01;31m[Kerror: [m[K‘[01m[Kcurrent_action_[m[K’ was not declared in this scope
  186 |         [01;31m[Kcurrent_action_[m[K = Action::TURN;
      |         [01;31m[K^~~~~~~~~~~~~~~[m[K
[01m[K/home/student/ros2_ws/src/eced3901/src/part1.cpp:186:27:[m[K [01;31m[Kerror: [m[K‘[01m[KAction[m[K’ has not been declared
  186 |         current_action_ = [01;31m[KAction[m[K::TURN;
      |                           [01;31m[K^~~~~~[m[K
In file included from [01m[K/opt/ros/humble/include/rclcpp/rclcpp/client.hpp:40[m[K,
                 from [01m[K/opt/ros/humble/include/rclcpp/rclcpp/callback_group.hpp:24[m[K,
                 from [01m[K/opt/ros/humble/include/rclcpp/rclcpp/any_executable.hpp:20[m[K,
                 from [01m[K/opt/ros/humble/include/rclcpp/rclcpp/memory_strategy.hpp:25[m[K,
                 from [01m[K/opt/ros/humble/include/rclcpp/rclcpp/memory_strategies.hpp:18[m[K,
                 from [01m[K/opt/ros/humble/include/rclcpp/rclcpp/executor_options.hpp:20[m[K,
                 from [01m[K/opt/ros/humble/include/rclcpp/rclcpp/executor.hpp:37[m[K,
                 from [01m[K/opt/ros/humble/include/rclcpp/rclcpp/executors/multi_threaded_executor.hpp:25[m[K,
                 from [01m[K/opt/ros/humble/include/rclcpp/rclcpp/executors.hpp:21[m[K,
                 from [01m[K/opt/ros/humble/include/rclcpp/rclcpp/rclcpp.hpp:155[m[K,
                 from [01m[K/home/student/ros2_ws/src/eced3901/src/part1.cpp:5[m[K:
[01m[K/home/student/ros2_ws/src/eced3901/src/part1.cpp:[m[K In function ‘[01m[Kvoid correct_with_wall(double)[m[K’:
[01m[K/home/student/ros2_ws/src/eced3901/src/part1.cpp:198:21:[m[K [01;31m[Kerror: [m[Kinvalid use of ‘[01m[Kthis[m[K’ in non-member function
  198 |         RCLCPP_INFO([01;31m[Kthis[m[K->get_logger(), "Front wall: %f", front_wall_dist);
      |                     [01;31m[K^~~~[m[K
[01m[K/home/student/ros2_ws/src/eced3901/src/part1.cpp:198:21:[m[K [01;31m[Kerror: [m[Kinvalid use of ‘[01m[Kthis[m[K’ in non-member function
[01m[K/home/student/ros2_ws/src/eced3901/src/part1.cpp:198:9:[m[K [01;31m[Kerror: [m[Ktemplate argument 1 is invalid
  198 |         [01;31m[KRCLCPP_INFO[m[K(this->get_logger(), "Front wall: %f", front_wall_dist);
      |         [01;31m[K^~~~~~~~~~~[m[K
In file included from [01m[K/opt/ros/humble/include/rclcpp/rclcpp/logging.hpp:24[m[K,
                 from [01m[K/opt/ros/humble/include/rclcpp/rclcpp/client.hpp:40[m[K,
                 from [01m[K/opt/ros/humble/include/rclcpp/rclcpp/callback_group.hpp:24[m[K,
                 from [01m[K/opt/ros/humble/include/rclcpp/rclcpp/any_executable.hpp:20[m[K,
                 from [01m[K/opt/ros/humble/include/rclcpp/rclcpp/memory_strategy.hpp:25[m[K,
                 from [01m[K/opt/ros/humble/include/rclcpp/rclcpp/memory_strategies.hpp:18[m[K,
                 from [01m[K/opt/ros/humble/include/rclcpp/rclcpp/executor_options.hpp:20[m[K,
                 from [01m[K/opt/ros/humble/include/rclcpp/rclcpp/executor.hpp:37[m[K,
                 from [01m[K/opt/ros/humble/include/rclcpp/rclcpp/executors/multi_threaded_executor.hpp:25[m[K,
                 from [01m[K/opt/ros/humble/include/rclcpp/rclcpp/executors.hpp:21[m[K,
                 from [01m[K/opt/ros/humble/include/rclcpp/rclcpp/rclcpp.hpp:155[m[K,
                 from [01m[K/home/student/ros2_ws/src/eced3901/src/part1.cpp:5[m[K:
[01m[K/home/student/ros2_ws/src/eced3901/src/part1.cpp:198:21:[m[K [01;31m[Kerror: [m[Kinvalid use of ‘[01m[Kthis[m[K’ in non-member function
  198 |         RCLCPP_INFO([01;31m[Kthis[m[K->get_logger(), "Front wall: %f", front_wall_dist);
      |                     [01;31m[K^~~~[m[K
[01m[K/home/student/ros2_ws/src/eced3901/src/part1.cpp:198:21:[m[K [01;31m[Kerror: [m[Kinvalid use of ‘[01m[Kthis[m[K’ in non-member function
  198 |         RCLCPP_INFO([01;31m[Kthis[m[K->get_logger(), "Front wall: %f", front_wall_dist);
      |                     [01;31m[K^~~~[m[K
[01m[K/home/student/ros2_ws/src/eced3901/src/part1.cpp:198:59:[m[K [01;31m[Kerror: [m[K‘[01m[Kfront_wall_dist[m[K’ was not declared in this scope
  198 |         RCLCPP_INFO(this->get_logger(), "Front wall: %f", [01;31m[Kfront_wall_dist[m[K);
      |                                                           [01;31m[K^~~~~~~~~~~~~~~[m[K
[01m[K/home/student/ros2_ws/src/eced3901/src/part1.cpp:199:24:[m[K [01;31m[Kerror: [m[K‘[01m[Kfront_wall_dist[m[K’ was not declared in this scope
  199 |         double error = [01;31m[Kfront_wall_dist[m[K - target_dist; // positive if too far, negative if too close
      |                        [01;31m[K^~~~~~~~~~~~~~~[m[K
[01m[K/home/student/ros2_ws/src/eced3901/src/part1.cpp:202:17:[m[K [01;31m[Kerror: [m[K‘[01m[Kx_vel[m[K’ was not declared in this scope
  202 |                 [01;31m[Kx_vel[m[K = (error > 0) ? 0.05 : -0.05; // move forward if too far, backward if too close
      |                 [01;31m[K^~~~~[m[K
[01m[K/home/student/ros2_ws/src/eced3901/src/part1.cpp:208:17:[m[K [01;31m[Kerror: [m[K‘[01m[Kcount_[m[K’ was not declared in this scope
  208 |                 [01;31m[Kcount_[m[K++;
      |                 [01;31m[K^~~~~~[m[K
[01m[K/home/student/ros2_ws/src/eced3901/src/part1.cpp:209:17:[m[K [01;31m[Kerror: [m[K‘[01m[Klast_state_complete[m[K’ was not declared in this scope
  209 |                 [01;31m[Klast_state_complete[m[K = 1;
      |                 [01;31m[K^~~~~~~~~~~~~~~~~~~[m[K
[01m[K/home/student/ros2_ws/src/eced3901/src/part1.cpp:[m[K At global scope:
[01m[K/home/student/ros2_ws/src/eced3901/src/part1.cpp:236:1:[m[K [01;31m[Kerror: [m[Kexpected declaration before ‘[01m[K}[m[K’ token
  236 | [01;31m[K}[m[K;
      | [01;31m[K^[m[K
gmake[2]: *** [CMakeFiles/part1.dir/build.make:76: CMakeFiles/part1.dir/src/part1.cpp.o] Error 1
gmake[1]: *** [CMakeFiles/Makefile2:251: CMakeFiles/part1.dir/all] Error 2
gmake[1]: *** Waiting for unfinished jobs....
gmake: *** [Makefile:146: all] Error 2
