[0.014s] Invoking command in '/home/student/ros2_ws/src/eced3901/build/eced3901': CMAKE_PREFIX_PATH=${CMAKE_PREFIX_PATH}:/home/student/imu_ws/install/bno055:/home/student/motor_ws/install/dalmotor:/opt/ros/humble /usr/bin/cmake --build /home/student/ros2_ws/src/eced3901/build/eced3901 -- -j4 -l4
[0.065s] -- Found ament_cmake: 1.3.12 (/opt/ros/humble/share/ament_cmake/cmake)
[0.206s] -- Found rclcpp: 16.0.17 (/opt/ros/humble/share/rclcpp/cmake)
[0.241s] -- Found rosidl_generator_c: 3.1.8 (/opt/ros/humble/share/rosidl_generator_c/cmake)
[0.244s] -- Found rosidl_adapter: 3.1.8 (/opt/ros/humble/share/rosidl_adapter/cmake)
[0.251s] -- Found rosidl_generator_cpp: 3.1.8 (/opt/ros/humble/share/rosidl_generator_cpp/cmake)
[0.264s] -- Using all available rosidl_typesupport_c: rosidl_typesupport_fastrtps_c;rosidl_typesupport_introspection_c
[0.276s] -- Using all available rosidl_typesupport_cpp: rosidl_typesupport_fastrtps_cpp;rosidl_typesupport_introspection_cpp
[0.311s] -- Found rmw_implementation_cmake: 6.1.2 (/opt/ros/humble/share/rmw_implementation_cmake/cmake)
[0.313s] -- Found rmw_fastrtps_cpp: 6.2.9 (/opt/ros/humble/share/rmw_fastrtps_cpp/cmake)
[0.411s] -- Using RMW implementation 'rmw_fastrtps_cpp' as default
[0.468s] -- Found rclpy: 3.3.19 (/opt/ros/humble/share/rclpy/cmake)
[0.469s] -- Found geometry_msgs: 4.9.0 (/opt/ros/humble/share/geometry_msgs/cmake)
[0.481s] -- Found nav_msgs: 4.9.0 (/opt/ros/humble/share/nav_msgs/cmake)
[0.498s] -- Found sensor_msgs: 4.9.0 (/opt/ros/humble/share/sensor_msgs/cmake)
[0.515s] -- Found tf2: 0.25.18 (/opt/ros/humble/share/tf2/cmake)
[0.529s] -- Found ament_lint_auto: 0.12.14 (/opt/ros/humble/share/ament_lint_auto/cmake)
[0.676s] -- Added test 'cppcheck' to perform static code analysis on C / C++ code
[0.677s] -- Configured cppcheck include dirs: 
[0.677s] -- Configured cppcheck exclude dirs and/or files: 
[0.690s] -- Added test 'flake8' to check Python code syntax and style conventions
[0.709s] -- Added test 'lint_cmake' to check CMake code style
[0.719s] -- Added test 'pep257' to check Python code against some of the docstring style conventions in PEP 257
[0.793s] -- Added test 'uncrustify' to check C / C++ code style
[0.793s] -- Configured uncrustify additional arguments: 
[0.804s] -- Added test 'xmllint' to check XML markup files
[0.805s] -- Configuring done
[0.832s] -- Generating done
[0.843s] -- Build files have been written to: /home/student/ros2_ws/src/eced3901/build/eced3901
[0.873s] [35m[1mConsolidate compiler generated dependencies of target talker[0m
[0.874s] [35m[1mConsolidate compiler generated dependencies of target Demo2[0m
[0.874s] [35m[1mConsolidate compiler generated dependencies of target dt1[0m
[0.874s] [35m[1mConsolidate compiler generated dependencies of target Demo[0m
[0.895s] [ 33%] Built target talker
[0.896s] [ 33%] Built target dt1
[0.896s] [ 50%] Built target Demo2
[0.897s] [ 66%] Built target Demo
[0.906s] [35m[1mConsolidate compiler generated dependencies of target part1[0m
[0.915s] [ 75%] [32mBuilding CXX object CMakeFiles/openo.dir/src/openo.cpp.o[0m
[0.922s] [ 83%] [32mBuilding CXX object CMakeFiles/part1.dir/src/part1.cpp.o[0m
[3.513s] [01m[K/home/student/ros2_ws/src/eced3901/src/part1.cpp:83:2:[m[K [01;31m[Kerror: [m[Kexpected ‘[01m[K;[m[K’ after class definition
[3.513s]    83 | }
[3.513s]       |  [01;31m[K^[m[K
[3.513s]       |  [32m[K;[m[K
[3.523s] [01m[K/home/student/ros2_ws/src/eced3901/src/part1.cpp:[m[K In constructor ‘[01m[KSquareRoutine::SquareRoutine()[m[K’:
[3.523s] [01m[K/home/student/ros2_ws/src/eced3901/src/part1.cpp:22:9:[m[K [01;31m[Kerror: [m[K‘[01m[Ksubscription_[m[K’ was not declared in this scope; did you mean ‘[01m[Krmw_subscription_t[m[K’?
[3.523s]    22 |         [01;31m[Ksubscription_[m[K = this->create_subscription<nav_msgs::msg::Odometry>(
[3.523s]       |         [01;31m[K^~~~~~~~~~~~~[m[K
[3.523s]       |         [32m[Krmw_subscription_t[m[K
[3.523s] [01m[K/home/student/ros2_ws/src/eced3901/src/part1.cpp:23:51:[m[K [01;31m[Kerror: [m[K‘[01m[Ktopic_callback[m[K’ is not a member of ‘[01m[KSquareRoutine[m[K’
[3.523s]    23 |             "odom", 10, std::bind(&SquareRoutine::[01;31m[Ktopic_callback[m[K, this, _1));
[3.524s]       |                                                   [01;31m[K^~~~~~~~~~~~~~[m[K
[3.530s] [01m[K/home/student/ros2_ws/src/eced3901/src/part1.cpp:25:9:[m[K [01;31m[Kerror: [m[K‘[01m[Kpublisher_[m[K’ was not declared in this scope; did you mean ‘[01m[Krmw_publisher_t[m[K’?
[3.530s]    25 |         [01;31m[Kpublisher_[m[K = this->create_publisher<geometry_msgs::msg::Twist>("cmd_vel", 10);
[3.530s]       |         [01;31m[K^~~~~~~~~~[m[K
[3.530s]       |         [32m[Krmw_publisher_t[m[K
[3.541s] [01m[K/home/student/ros2_ws/src/eced3901/src/part1.cpp:26:9:[m[K [01;31m[Kerror: [m[K‘[01m[Ktimer_[m[K’ was not declared in this scope; did you mean ‘[01m[Ktimer_t[m[K’?
[3.541s]    26 |         [01;31m[Ktimer_[m[K = this->create_wall_timer(100ms, std::bind(&SquareRoutine::timer_callback, this));
[3.541s]       |         [01;31m[K^~~~~~[m[K
[3.541s]       |         [32m[Ktimer_t[m[K
[3.541s] [01m[K/home/student/ros2_ws/src/eced3901/src/part1.cpp:26:75:[m[K [01;31m[Kerror: [m[K‘[01m[Ktimer_callback[m[K’ is not a member of ‘[01m[KSquareRoutine[m[K’
[3.542s]    26 |         timer_ = this->create_wall_timer(100ms, std::bind(&SquareRoutine::[01;31m[Ktimer_callback[m[K, this));
[3.542s]       |                                                                           [01;31m[K^~~~~~~~~~~~~~[m[K
[3.546s] [01m[K/home/student/ros2_ws/src/eced3901/src/part1.cpp:29:9:[m[K [01;31m[Kerror: [m[K‘[01m[Kcount_[m[K’ was not declared in this scope
[3.547s]    29 |         [01;31m[Kcount_[m[K = 0;
[3.547s]       |         [01;31m[K^~~~~~[m[K
[3.557s] [01m[K/home/student/ros2_ws/src/eced3901/src/part1.cpp:30:9:[m[K [01;31m[Kerror: [m[K‘[01m[Klast_state_complete[m[K’ was not declared in this scope
[3.557s]    30 |         [01;31m[Klast_state_complete[m[K = 1; // ready for first step
[3.557s]       |         [01;31m[K^~~~~~~~~~~~~~~~~~~[m[K
[3.566s] [01m[K/home/student/ros2_ws/src/eced3901/src/part1.cpp:31:9:[m[K [01;31m[Kerror: [m[K‘[01m[Kcurrent_action_[m[K’ was not declared in this scope
[3.566s]    31 |         [01;31m[Kcurrent_action_[m[K = Action::IDLE;
[3.566s]       |         [01;31m[K^~~~~~~~~~~~~~~[m[K
[3.567s] [01m[K/home/student/ros2_ws/src/eced3901/src/part1.cpp:31:27:[m[K [01;31m[Kerror: [m[K‘[01m[KAction[m[K’ has not been declared
[3.567s]    31 |         current_action_ = [01;31m[KAction[m[K::IDLE;
[3.567s]       |                           [01;31m[K^~~~~~[m[K
[3.576s] [01m[K/home/student/ros2_ws/src/eced3901/src/part1.cpp:38:9:[m[K [01;31m[Kerror: [m[K‘[01m[Klidar_sub_[m[K’ was not declared in this scope
[3.577s]    38 |         [01;31m[Klidar_sub_[m[K = this->create_subscription<sensor_msgs::msg::LaserScan>("/scan",qos,std::bind(&SquareRoutine::lidar_callback, this, _1));
[3.577s]       |         [01;31m[K^~~~~~~~~~[m[K
[3.633s] [01m[K/home/student/ros2_ws/src/eced3901/src/part1.cpp:[m[K In member function ‘[01m[Kvoid SquareRoutine::lidar_callback(sensor_msgs::msg::LaserScan_<std::allocator<void> >::SharedPtr)[m[K’:
[3.633s] [01m[K/home/student/ros2_ws/src/eced3901/src/part1.cpp:61:33:[m[K [01;31m[Kerror: [m[K‘[01m[Kfront_wall_dist[m[K’ was not declared in this scope
[3.633s]    61 |                                 [01;31m[Kfront_wall_dist[m[K=front_window[front_window.size()/2];
[3.633s]       |                                 [01;31m[K^~~~~~~~~~~~~~~[m[K
[3.638s] [01m[K/home/student/ros2_ws/src/eced3901/src/part1.cpp:[m[K In function ‘[01m[Kvoid topic_callback(nav_msgs::msg::Odometry_<std::allocator<void> >::SharedPtr)[m[K’:
[3.639s] [01m[K/home/student/ros2_ws/src/eced3901/src/part1.cpp:86:9:[m[K [01;31m[Kerror: [m[K‘[01m[Kx_now[m[K’ was not declared in this scope
[3.639s]    86 |         [01;31m[Kx_now[m[K = msg->pose.pose.position.x;
[3.639s]       |         [01;31m[K^~~~~[m[K
[3.642s] [01m[K/home/student/ros2_ws/src/eced3901/src/part1.cpp:87:9:[m[K [01;31m[Kerror: [m[K‘[01m[Ky_now[m[K’ was not declared in this scope
[3.642s]    87 |         [01;31m[Ky_now[m[K = msg->pose.pose.position.y;
[3.642s]       |         [01;31m[K^~~~~[m[K
[3.646s] [01m[K/home/student/ros2_ws/src/eced3901/src/part1.cpp:88:9:[m[K [01;31m[Kerror: [m[K‘[01m[Kq_x[m[K’ was not declared in this scope
[3.646s]    88 |         [01;31m[Kq_x[m[K = msg->pose.pose.orientation.x;
[3.646s]       |         [01;31m[K^~~[m[K
[3.649s] [01m[K/home/student/ros2_ws/src/eced3901/src/part1.cpp:89:9:[m[K [01;31m[Kerror: [m[K‘[01m[Kq_y[m[K’ was not declared in this scope
[3.650s]    89 |         [01;31m[Kq_y[m[K = msg->pose.pose.orientation.y;
[3.650s]       |         [01;31m[K^~~[m[K
[3.653s] [01m[K/home/student/ros2_ws/src/eced3901/src/part1.cpp:90:9:[m[K [01;31m[Kerror: [m[K‘[01m[Kq_z[m[K’ was not declared in this scope
[3.653s]    90 |         [01;31m[Kq_z[m[K = msg->pose.pose.orientation.z;
[3.653s]       |         [01;31m[K^~~[m[K
[3.656s] [01m[K/home/student/ros2_ws/src/eced3901/src/part1.cpp:91:9:[m[K [01;31m[Kerror: [m[K‘[01m[Kq_w[m[K’ was not declared in this scope
[3.656s]    91 |         [01;31m[Kq_w[m[K = msg->pose.pose.orientation.w;
[3.656s]       |         [01;31m[K^~~[m[K
[3.659s] [01m[K/home/student/ros2_ws/src/eced3901/src/part1.cpp:[m[K In function ‘[01m[Kvoid timer_callback()[m[K’:
[3.659s] [01m[K/home/student/ros2_ws/src/eced3901/src/part1.cpp:99:27:[m[K [01;31m[Kerror: [m[K‘[01m[Kq_x[m[K’ was not declared in this scope
[3.659s]    99 |         tf2::Quaternion q([01;31m[Kq_x[m[K, q_y, q_z, q_w);
[3.659s]       |                           [01;31m[K^~~[m[K
[3.662s] [01m[K/home/student/ros2_ws/src/eced3901/src/part1.cpp:99:32:[m[K [01;31m[Kerror: [m[K‘[01m[Kq_y[m[K’ was not declared in this scope
[3.662s]    99 |         tf2::Quaternion q(q_x, [01;31m[Kq_y[m[K, q_z, q_w);
[3.662s]       |                                [01;31m[K^~~[m[K
[3.665s] [01m[K/home/student/ros2_ws/src/eced3901/src/part1.cpp:99:37:[m[K [01;31m[Kerror: [m[K‘[01m[Kq_z[m[K’ was not declared in this scope
[3.666s]    99 |         tf2::Quaternion q(q_x, q_y, [01;31m[Kq_z[m[K, q_w);
[3.666s]       |                                     [01;31m[K^~~[m[K
[3.669s] [01m[K/home/student/ros2_ws/src/eced3901/src/part1.cpp:99:42:[m[K [01;31m[Kerror: [m[K‘[01m[Kq_w[m[K’ was not declared in this scope
[3.669s]    99 |         tf2::Quaternion q(q_x, q_y, q_z, [01;31m[Kq_w[m[K);
[3.669s]       |                                          [01;31m[K^~~[m[K
[3.674s] [01m[K/home/student/ros2_ws/src/eced3901/src/part1.cpp:103:9:[m[K [01;31m[Kerror: [m[K‘[01m[Kth_now[m[K’ was not declared in this scope
[3.674s]   103 |         [01;31m[Kth_now[m[K = yaw;
[3.674s]       |         [01;31m[K^~~~~~[m[K
[3.678s] [01m[K/home/student/ros2_ws/src/eced3901/src/part1.cpp:106:9:[m[K [01;31m[Kerror: [m[K‘[01m[Kd_now[m[K’ was not declared in this scope
[3.678s]   106 |         [01;31m[Kd_now[m[K = std::hypot(x_now - x_init, y_now - y_init);
[3.678s]       |         [01;31m[K^~~~~[m[K
[3.681s] [01m[K/home/student/ros2_ws/src/eced3901/src/part1.cpp:106:28:[m[K [01;31m[Kerror: [m[K‘[01m[Kx_now[m[K’ was not declared in this scope
[3.681s]   106 |         d_now = std::hypot([01;31m[Kx_now[m[K - x_init, y_now - y_init);
[3.681s]       |                            [01;31m[K^~~~~[m[K
[3.685s] [01m[K/home/student/ros2_ws/src/eced3901/src/part1.cpp:106:36:[m[K [01;31m[Kerror: [m[K‘[01m[Kx_init[m[K’ was not declared in this scope; did you mean ‘[01m[Ku_int[m[K’?
[3.685s]   106 |         d_now = std::hypot(x_now - [01;31m[Kx_init[m[K, y_now - y_init);
[3.685s]       |                                    [01;31m[K^~~~~~[m[K
[3.685s]       |                                    [32m[Ku_int[m[K
[3.688s] [01m[K/home/student/ros2_ws/src/eced3901/src/part1.cpp:106:44:[m[K [01;31m[Kerror: [m[K‘[01m[Ky_now[m[K’ was not declared in this scope
[3.688s]   106 |         d_now = std::hypot(x_now - x_init, [01;31m[Ky_now[m[K - y_init);
[3.688s]       |                                            [01;31m[K^~~~~[m[K
[3.692s] [01m[K/home/student/ros2_ws/src/eced3901/src/part1.cpp:106:52:[m[K [01;31m[Kerror: [m[K‘[01m[Ky_init[m[K’ was not declared in this scope; did you mean ‘[01m[Ku_int[m[K’?
[3.692s]   106 |         d_now = std::hypot(x_now - x_init, y_now - [01;31m[Ky_init[m[K);
[3.692s]       |                                                    [01;31m[K^~~~~~[m[K
[3.692s]       |                                                    [32m[Ku_int[m[K
[3.697s] [01m[K/home/student/ros2_ws/src/eced3901/src/part1.cpp:108:13:[m[K [01;31m[Kerror: [m[K‘[01m[Kcurrent_action_[m[K’ was not declared in this scope
[3.697s]   108 |         if ([01;31m[Kcurrent_action_[m[K == Action::MOVE)
[3.698s]       |             [01;31m[K^~~~~~~~~~~~~~~[m[K
[3.698s] [01m[K/home/student/ros2_ws/src/eced3901/src/part1.cpp:108:32:[m[K [01;31m[Kerror: [m[K‘[01m[KAction[m[K’ has not been declared
[3.698s]   108 |         if (current_action_ == [01;31m[KAction[m[K::MOVE)
[3.698s]       |                                [01;31m[K^~~~~~[m[K
[3.701s] [01m[K/home/student/ros2_ws/src/eced3901/src/part1.cpp:110:24:[m[K [01;31m[Kerror: [m[K‘[01m[Kx_vel[m[K’ was not declared in this scope
[3.701s]   110 |         msg.linear.x = [01;31m[Kx_vel[m[K;
[3.701s]       |                        [01;31m[K^~~~~[m[K
[3.704s] [01m[K/home/student/ros2_ws/src/eced3901/src/part1.cpp:111:28:[m[K [01;31m[Kerror: [m[K‘[01m[Kd_aim[m[K’ was not declared in this scope
[3.704s]   111 |             double error = [01;31m[Kd_aim[m[K - d_now;
[3.704s]       |                            [01;31m[K^~~~~[m[K
[3.709s] [01m[K/home/student/ros2_ws/src/eced3901/src/part1.cpp:114:33:[m[K [01;31m[Kerror: [m[K‘[01m[Kfront_wall_dist[m[K’ was not declared in this scope
[3.710s]   114 |             if (error < 0.01 || [01;31m[Kfront_wall_dist[m[K < 0.32) // 1 cm tolerance
[3.710s]       |                                 [01;31m[K^~~~~~~~~~~~~~~[m[K
[3.710s] [01m[K/home/student/ros2_ws/src/eced3901/src/part1.cpp:118:35:[m[K [01;31m[Kerror: [m[K‘[01m[KAction[m[K’ has not been declared
[3.710s]   118 |                 current_action_ = [01;31m[KAction[m[K::IDLE;
[3.710s]       |                                   [01;31m[K^~~~~~[m[K
[3.716s] [01m[K/home/student/ros2_ws/src/eced3901/src/part1.cpp:119:17:[m[K [01;31m[Kerror: [m[K‘[01m[Klast_state_complete[m[K’ was not declared in this scope
[3.716s]   119 |                 [01;31m[Klast_state_complete[m[K = 1;
[3.716s]       |                 [01;31m[K^~~~~~~~~~~~~~~~~~~[m[K
[3.716s] [01m[K/home/student/ros2_ws/src/eced3901/src/part1.cpp:124:37:[m[K [01;31m[Kerror: [m[K‘[01m[KAction[m[K’ has not been declared
[3.716s]   124 |         else if (current_action_ == [01;31m[KAction[m[K::TURN)
[3.717s]       |                                     [01;31m[K^~~~~~[m[K
[3.720s] [01m[K/home/student/ros2_ws/src/eced3901/src/part1.cpp:126:55:[m[K [01;31m[Kerror: [m[K‘[01m[Kth_init[m[K’ was not declared in this scope; did you mean ‘[01m[Ku_int[m[K’?
[3.720s]   126 |             double angle_turned = wrap_angle(th_now - [01;31m[Kth_init[m[K);
[3.720s]       |                                                       [01;31m[K^~~~~~~[m[K
[3.720s]       |                                                       [32m[Ku_int[m[K
[3.726s] [01m[K/home/student/ros2_ws/src/eced3901/src/part1.cpp:126:35:[m[K [01;31m[Kerror: [m[K‘[01m[Kwrap_angle[m[K’ was not declared in this scope
[3.727s]   126 |             double angle_turned = [01;31m[Kwrap_angle[m[K(th_now - th_init);
[3.727s]       |                                   [01;31m[K^~~~~~~~~~[m[K
[3.730s] [01m[K/home/student/ros2_ws/src/eced3901/src/part1.cpp:127:32:[m[K [01;31m[Kerror: [m[K‘[01m[Kth_aim[m[K’ was not declared in this scope
[3.730s]   127 |             double remaining = [01;31m[Kth_aim[m[K - angle_turned;
[3.730s]       |                                [01;31m[K^~~~~~[m[K
[3.734s] [01m[K/home/student/ros2_ws/src/eced3901/src/part1.cpp:131:50:[m[K [01;31m[Kerror: [m[K‘[01m[Kth_vel[m[K’ was not declared in this scope
[3.734s]   131 |                 msg.angular.z = (remaining > 0 ? [01;31m[Kth_vel[m[K : -th_vel);
[3.734s]       |                                                  [01;31m[K^~~~~~[m[K
[3.734s] [01m[K/home/student/ros2_ws/src/eced3901/src/part1.cpp:136:35:[m[K [01;31m[Kerror: [m[K‘[01m[KAction[m[K’ has not been declared
[3.734s]   136 |                 current_action_ = [01;31m[KAction[m[K::IDLE;
[3.734s]       |                                   [01;31m[K^~~~~~[m[K
[3.741s] [01m[K/home/student/ros2_ws/src/eced3901/src/part1.cpp:137:17:[m[K [01;31m[Kerror: [m[K‘[01m[Klast_state_complete[m[K’ was not declared in this scope
[3.741s]   137 |                 [01;31m[Klast_state_complete[m[K = 1;
[3.741s]       |                 [01;31m[K^~~~~~~~~~~~~~~~~~~[m[K
[3.745s] [01m[K/home/student/ros2_ws/src/eced3901/src/part1.cpp:141:9:[m[K [01;31m[Kerror: [m[K‘[01m[Kpublisher_[m[K’ was not declared in this scope; did you mean ‘[01m[Krmw_publisher_t[m[K’?
[3.745s]   141 |         [01;31m[Kpublisher_[m[K->publish(msg);
[3.745s]       |         [01;31m[K^~~~~~~~~~[m[K
[3.746s]       |         [32m[Krmw_publisher_t[m[K
[3.752s] [01m[K/home/student/ros2_ws/src/eced3901/src/part1.cpp:142:9:[m[K [01;31m[Kerror: [m[K‘[01m[Ksequence_statemachine[m[K’ was not declared in this scope
[3.753s]   142 |         [01;31m[Ksequence_statemachine[m[K();
[3.753s]       |         [01;31m[K^~~~~~~~~~~~~~~~~~~~~[m[K
[3.759s] [01m[K/home/student/ros2_ws/src/eced3901/src/part1.cpp:[m[K In function ‘[01m[Kvoid sequence_statemachine()[m[K’:
[3.759s] [01m[K/home/student/ros2_ws/src/eced3901/src/part1.cpp:147:13:[m[K [01;31m[Kerror: [m[K‘[01m[Klast_state_complete[m[K’ was not declared in this scope
[3.759s]   147 |         if ([01;31m[Klast_state_complete[m[K)
[3.759s]       |             [01;31m[K^~~~~~~~~~~~~~~~~~~[m[K
[3.763s] [01m[K/home/student/ros2_ws/src/eced3901/src/part1.cpp:151:21:[m[K [01;31m[Kerror: [m[K‘[01m[Kcount_[m[K’ was not declared in this scope
[3.763s]   151 |             switch ([01;31m[Kcount_[m[K)
[3.763s]       |                     [01;31m[K^~~~~~[m[K
[3.768s] [01m[K/home/student/ros2_ws/src/eced3901/src/part1.cpp:153:21:[m[K [01;31m[Kerror: [m[K‘[01m[Kmove_distance[m[K’ was not declared in this scope
[3.768s]   153 |             case 0: [01;31m[Kmove_distance[m[K(1.2192); RCLCPP_INFO(this->get_logger(), "Case 0"); break; // 4 ft forward
[3.768s]       |                     [01;31m[K^~~~~~~~~~~~~[m[K
[3.768s] In file included from [01m[K/opt/ros/humble/include/rclcpp/rclcpp/client.hpp:40[m[K,
[3.768s]                  from [01m[K/opt/ros/humble/include/rclcpp/rclcpp/callback_group.hpp:24[m[K,
[3.768s]                  from [01m[K/opt/ros/humble/include/rclcpp/rclcpp/any_executable.hpp:20[m[K,
[3.768s]                  from [01m[K/opt/ros/humble/include/rclcpp/rclcpp/memory_strategy.hpp:25[m[K,
[3.769s]                  from [01m[K/opt/ros/humble/include/rclcpp/rclcpp/memory_strategies.hpp:18[m[K,
[3.769s]                  from [01m[K/opt/ros/humble/include/rclcpp/rclcpp/executor_options.hpp:20[m[K,
[3.769s]                  from [01m[K/opt/ros/humble/include/rclcpp/rclcpp/executor.hpp:37[m[K,
[3.769s]                  from [01m[K/opt/ros/humble/include/rclcpp/rclcpp/executors/multi_threaded_executor.hpp:25[m[K,
[3.769s]                  from [01m[K/opt/ros/humble/include/rclcpp/rclcpp/executors.hpp:21[m[K,
[3.769s]                  from [01m[K/opt/ros/humble/include/rclcpp/rclcpp/rclcpp.hpp:155[m[K,
[3.769s]                  from [01m[K/home/student/ros2_ws/src/eced3901/src/part1.cpp:5[m[K:
[3.769s] [01m[K/home/student/ros2_ws/src/eced3901/src/part1.cpp:153:56:[m[K [01;31m[Kerror: [m[Kinvalid use of ‘[01m[Kthis[m[K’ in non-member function
[3.769s]   153 |             case 0: move_distance(1.2192); RCLCPP_INFO([01;31m[Kthis[m[K->get_logger(), "Case 0"); break; // 4 ft forward
[3.769s]       |                                                        [01;31m[K^~~~[m[K
[3.769s] [01m[K/home/student/ros2_ws/src/eced3901/src/part1.cpp:153:56:[m[K [01;31m[Kerror: [m[Kinvalid use of ‘[01m[Kthis[m[K’ in non-member function
[3.769s] [01m[K/home/student/ros2_ws/src/eced3901/src/part1.cpp:153:44:[m[K [01;31m[Kerror: [m[Ktemplate argument 1 is invalid
[3.769s]   153 |             case 0: move_distance(1.2192); [01;31m[KRCLCPP_INFO[m[K(this->get_logger(), "Case 0"); break; // 4 ft forward
[3.769s]       |                                            [01;31m[K^~~~~~~~~~~[m[K
[3.770s] In file included from [01m[K/opt/ros/humble/include/rclcpp/rclcpp/logging.hpp:24[m[K,
[3.770s]                  from [01m[K/opt/ros/humble/include/rclcpp/rclcpp/client.hpp:40[m[K,
[3.770s]                  from [01m[K/opt/ros/humble/include/rclcpp/rclcpp/callback_group.hpp:24[m[K,
[3.770s]                  from [01m[K/opt/ros/humble/include/rclcpp/rclcpp/any_executable.hpp:20[m[K,
[3.770s]                  from [01m[K/opt/ros/humble/include/rclcpp/rclcpp/memory_strategy.hpp:25[m[K,
[3.770s]                  from [01m[K/opt/ros/humble/include/rclcpp/rclcpp/memory_strategies.hpp:18[m[K,
[3.770s]                  from [01m[K/opt/ros/humble/include/rclcpp/rclcpp/executor_options.hpp:20[m[K,
[3.770s]                  from [01m[K/opt/ros/humble/include/rclcpp/rclcpp/executor.hpp:37[m[K,
[3.770s]                  from [01m[K/opt/ros/humble/include/rclcpp/rclcpp/executors/multi_threaded_executor.hpp:25[m[K,
[3.770s]                  from [01m[K/opt/ros/humble/include/rclcpp/rclcpp/executors.hpp:21[m[K,
[3.770s]                  from [01m[K/opt/ros/humble/include/rclcpp/rclcpp/rclcpp.hpp:155[m[K,
[3.770s]                  from [01m[K/home/student/ros2_ws/src/eced3901/src/part1.cpp:5[m[K:
[3.771s] [01m[K/home/student/ros2_ws/src/eced3901/src/part1.cpp:153:56:[m[K [01;31m[Kerror: [m[Kinvalid use of ‘[01m[Kthis[m[K’ in non-member function
[3.771s]   153 |             case 0: move_distance(1.2192); RCLCPP_INFO([01;31m[Kthis[m[K->get_logger(), "Case 0"); break; // 4 ft forward
[3.771s]       |                                                        [01;31m[K^~~~[m[K
[3.771s] [01m[K/home/student/ros2_ws/src/eced3901/src/part1.cpp:153:56:[m[K [01;31m[Kerror: [m[Kinvalid use of ‘[01m[Kthis[m[K’ in non-member function
[3.771s]   153 |             case 0: move_distance(1.2192); RCLCPP_INFO([01;31m[Kthis[m[K->get_logger(), "Case 0"); break; // 4 ft forward
[3.771s]       |                                                        [01;31m[K^~~~[m[K
[3.777s] [01m[K/home/student/ros2_ws/src/eced3901/src/part1.cpp:154:21:[m[K [01;31m[Kerror: [m[K‘[01m[Kcorrect_with_wall[m[K’ was not declared in this scope
[3.777s]   154 |             case 1: [01;31m[Kcorrect_with_wall[m[K(0.32); RCLCPP_INFO(this->get_logger(), "Case 1"); break;
[3.777s]       |                     [01;31m[K^~~~~~~~~~~~~~~~~[m[K
[3.777s] In file included from [01m[K/opt/ros/humble/include/rclcpp/rclcpp/client.hpp:40[m[K,
[3.777s]                  from [01m[K/opt/ros/humble/include/rclcpp/rclcpp/callback_group.hpp:24[m[K,
[3.778s]                  from [01m[K/opt/ros/humble/include/rclcpp/rclcpp/any_executable.hpp:20[m[K,
[3.778s]                  from [01m[K/opt/ros/humble/include/rclcpp/rclcpp/memory_strategy.hpp:25[m[K,
[3.778s]                  from [01m[K/opt/ros/humble/include/rclcpp/rclcpp/memory_strategies.hpp:18[m[K,
[3.778s]                  from [01m[K/opt/ros/humble/include/rclcpp/rclcpp/executor_options.hpp:20[m[K,
[3.778s]                  from [01m[K/opt/ros/humble/include/rclcpp/rclcpp/executor.hpp:37[m[K,
[3.778s]                  from [01m[K/opt/ros/humble/include/rclcpp/rclcpp/executors/multi_threaded_executor.hpp:25[m[K,
[3.778s]                  from [01m[K/opt/ros/humble/include/rclcpp/rclcpp/executors.hpp:21[m[K,
[3.778s]                  from [01m[K/opt/ros/humble/include/rclcpp/rclcpp/rclcpp.hpp:155[m[K,
[3.778s]                  from [01m[K/home/student/ros2_ws/src/eced3901/src/part1.cpp:5[m[K:
[3.778s] [01m[K/home/student/ros2_ws/src/eced3901/src/part1.cpp:154:58:[m[K [01;31m[Kerror: [m[Kinvalid use of ‘[01m[Kthis[m[K’ in non-member function
[3.778s]   154 |             case 1: correct_with_wall(0.32); RCLCPP_INFO([01;31m[Kthis[m[K->get_logger(), "Case 1"); break;
[3.778s]       |                                                          [01;31m[K^~~~[m[K
[3.778s] [01m[K/home/student/ros2_ws/src/eced3901/src/part1.cpp:154:58:[m[K [01;31m[Kerror: [m[Kinvalid use of ‘[01m[Kthis[m[K’ in non-member function
[3.778s] [01m[K/home/student/ros2_ws/src/eced3901/src/part1.cpp:154:46:[m[K [01;31m[Kerror: [m[Ktemplate argument 1 is invalid
[3.778s]   154 |             case 1: correct_with_wall(0.32); [01;31m[KRCLCPP_INFO[m[K(this->get_logger(), "Case 1"); break;
[3.779s]       |                                              [01;31m[K^~~~~~~~~~~[m[K
[3.779s] In file included from [01m[K/opt/ros/humble/include/rclcpp/rclcpp/logging.hpp:24[m[K,
[3.779s]                  from [01m[K/opt/ros/humble/include/rclcpp/rclcpp/client.hpp:40[m[K,
[3.779s]                  from [01m[K/opt/ros/humble/include/rclcpp/rclcpp/callback_group.hpp:24[m[K,
[3.779s]                  from [01m[K/opt/ros/humble/include/rclcpp/rclcpp/any_executable.hpp:20[m[K,
[3.779s]                  from [01m[K/opt/ros/humble/include/rclcpp/rclcpp/memory_strategy.hpp:25[m[K,
[3.779s]                  from [01m[K/opt/ros/humble/include/rclcpp/rclcpp/memory_strategies.hpp:18[m[K,
[3.779s]                  from [01m[K/opt/ros/humble/include/rclcpp/rclcpp/executor_options.hpp:20[m[K,
[3.779s]                  from [01m[K/opt/ros/humble/include/rclcpp/rclcpp/executor.hpp:37[m[K,
[3.779s]                  from [01m[K/opt/ros/humble/include/rclcpp/rclcpp/executors/multi_threaded_executor.hpp:25[m[K,
[3.779s]                  from [01m[K/opt/ros/humble/include/rclcpp/rclcpp/executors.hpp:21[m[K,
[3.779s]                  from [01m[K/opt/ros/humble/include/rclcpp/rclcpp/rclcpp.hpp:155[m[K,
[3.779s]                  from [01m[K/home/student/ros2_ws/src/eced3901/src/part1.cpp:5[m[K:
[3.779s] [01m[K/home/student/ros2_ws/src/eced3901/src/part1.cpp:154:58:[m[K [01;31m[Kerror: [m[Kinvalid use of ‘[01m[Kthis[m[K’ in non-member function
[3.780s]   154 |             case 1: correct_with_wall(0.32); RCLCPP_INFO([01;31m[Kthis[m[K->get_logger(), "Case 1"); break;
[3.780s]       |                                                          [01;31m[K^~~~[m[K
[3.780s] [01m[K/home/student/ros2_ws/src/eced3901/src/part1.cpp:154:58:[m[K [01;31m[Kerror: [m[Kinvalid use of ‘[01m[Kthis[m[K’ in non-member function
[3.780s]   154 |             case 1: correct_with_wall(0.32); RCLCPP_INFO([01;31m[Kthis[m[K->get_logger(), "Case 1"); break;
[3.780s]       |                                                          [01;31m[K^~~~[m[K
[3.782s] [01m[K/home/student/ros2_ws/src/eced3901/src/part1.cpp:155:21:[m[K [01;31m[Kerror: [m[K‘[01m[Kturn_angle[m[K’ was not declared in this scope
[3.782s]   155 |             case 2: [01;31m[Kturn_angle[m[K(M_PI / 2); RCLCPP_INFO(this->get_logger(), "Case 2"); break;  // turn left 90°
[3.782s]       |                     [01;31m[K^~~~~~~~~~[m[K
[3.782s] In file included from [01m[K/opt/ros/humble/include/rclcpp/rclcpp/client.hpp:40[m[K,
[3.782s]                  from [01m[K/opt/ros/humble/include/rclcpp/rclcpp/callback_group.hpp:24[m[K,
[3.782s]                  from [01m[K/opt/ros/humble/include/rclcpp/rclcpp/any_executable.hpp:20[m[K,
[3.782s]                  from [01m[K/opt/ros/humble/include/rclcpp/rclcpp/memory_strategy.hpp:25[m[K,
[3.782s]                  from [01m[K/opt/ros/humble/include/rclcpp/rclcpp/memory_strategies.hpp:18[m[K,
[3.782s]                  from [01m[K/opt/ros/humble/include/rclcpp/rclcpp/executor_options.hpp:20[m[K,
[3.783s]                  from [01m[K/opt/ros/humble/include/rclcpp/rclcpp/executor.hpp:37[m[K,
[3.783s]                  from [01m[K/opt/ros/humble/include/rclcpp/rclcpp/executors/multi_threaded_executor.hpp:25[m[K,
[3.783s]                  from [01m[K/opt/ros/humble/include/rclcpp/rclcpp/executors.hpp:21[m[K,
[3.783s]                  from [01m[K/opt/ros/humble/include/rclcpp/rclcpp/rclcpp.hpp:155[m[K,
[3.783s]                  from [01m[K/home/student/ros2_ws/src/eced3901/src/part1.cpp:5[m[K:
[3.783s] [01m[K/home/student/ros2_ws/src/eced3901/src/part1.cpp:155:55:[m[K [01;31m[Kerror: [m[Kinvalid use of ‘[01m[Kthis[m[K’ in non-member function
[3.783s]   155 |             case 2: turn_angle(M_PI / 2); RCLCPP_INFO([01;31m[Kthis[m[K->get_logger(), "Case 2"); break;  // turn left 90°
[3.784s]       |                                                       [01;31m[K^~~~[m[K
[3.784s] [01m[K/home/student/ros2_ws/src/eced3901/src/part1.cpp:155:55:[m[K [01;31m[Kerror: [m[Kinvalid use of ‘[01m[Kthis[m[K’ in non-member function
[3.784s] [01m[K/home/student/ros2_ws/src/eced3901/src/part1.cpp:155:43:[m[K [01;31m[Kerror: [m[Ktemplate argument 1 is invalid
[3.784s]   155 |             case 2: turn_angle(M_PI / 2); [01;31m[KRCLCPP_INFO[m[K(this->get_logger(), "Case 2"); break;  // turn left 90°
[3.784s]       |                                           [01;31m[K^~~~~~~~~~~[m[K
[3.784s] In file included from [01m[K/opt/ros/humble/include/rclcpp/rclcpp/logging.hpp:24[m[K,
[3.784s]                  from [01m[K/opt/ros/humble/include/rclcpp/rclcpp/client.hpp:40[m[K,
[3.784s]                  from [01m[K/opt/ros/humble/include/rclcpp/rclcpp/callback_group.hpp:24[m[K,
[3.784s]                  from [01m[K/opt/ros/humble/include/rclcpp/rclcpp/any_executable.hpp:20[m[K,
[3.785s]                  from [01m[K/opt/ros/humble/include/rclcpp/rclcpp/memory_strategy.hpp:25[m[K,
[3.785s]                  from [01m[K/opt/ros/humble/include/rclcpp/rclcpp/memory_strategies.hpp:18[m[K,
[3.785s]                  from [01m[K/opt/ros/humble/include/rclcpp/rclcpp/executor_options.hpp:20[m[K,
[3.785s]                  from [01m[K/opt/ros/humble/include/rclcpp/rclcpp/executor.hpp:37[m[K,
[3.785s]                  from [01m[K/opt/ros/humble/include/rclcpp/rclcpp/executors/multi_threaded_executor.hpp:25[m[K,
[3.785s]                  from [01m[K/opt/ros/humble/include/rclcpp/rclcpp/executors.hpp:21[m[K,
[3.785s]                  from [01m[K/opt/ros/humble/include/rclcpp/rclcpp/rclcpp.hpp:155[m[K,
[3.785s]                  from [01m[K/home/student/ros2_ws/src/eced3901/src/part1.cpp:5[m[K:
[3.785s] [01m[K/home/student/ros2_ws/src/eced3901/src/part1.cpp:155:55:[m[K [01;31m[Kerror: [m[Kinvalid use of ‘[01m[Kthis[m[K’ in non-member function
[3.785s]   155 |             case 2: turn_angle(M_PI / 2); RCLCPP_INFO([01;31m[Kthis[m[K->get_logger(), "Case 2"); break;  // turn left 90°
[3.785s]       |                                                       [01;31m[K^~~~[m[K
[3.785s] [01m[K/home/student/ros2_ws/src/eced3901/src/part1.cpp:155:55:[m[K [01;31m[Kerror: [m[Kinvalid use of ‘[01m[Kthis[m[K’ in non-member function
[3.785s]   155 |             case 2: turn_angle(M_PI / 2); RCLCPP_INFO([01;31m[Kthis[m[K->get_logger(), "Case 2"); break;  // turn left 90°
[3.785s]       |                                                       [01;31m[K^~~~[m[K
[3.785s] In file included from [01m[K/opt/ros/humble/include/rclcpp/rclcpp/client.hpp:40[m[K,
[3.786s]                  from [01m[K/opt/ros/humble/include/rclcpp/rclcpp/callback_group.hpp:24[m[K,
[3.786s]                  from [01m[K/opt/ros/humble/include/rclcpp/rclcpp/any_executable.hpp:20[m[K,
[3.786s]                  from [01m[K/opt/ros/humble/include/rclcpp/rclcpp/memory_strategy.hpp:25[m[K,
[3.786s]                  from [01m[K/opt/ros/humble/include/rclcpp/rclcpp/memory_strategies.hpp:18[m[K,
[3.786s]                  from [01m[K/opt/ros/humble/include/rclcpp/rclcpp/executor_options.hpp:20[m[K,
[3.786s]                  from [01m[K/opt/ros/humble/include/rclcpp/rclcpp/executor.hpp:37[m[K,
[3.786s]                  from [01m[K/opt/ros/humble/include/rclcpp/rclcpp/executors/multi_threaded_executor.hpp:25[m[K,
[3.786s]                  from [01m[K/opt/ros/humble/include/rclcpp/rclcpp/executors.hpp:21[m[K,
[3.786s]                  from [01m[K/opt/ros/humble/include/rclcpp/rclcpp/rclcpp.hpp:155[m[K,
[3.786s]                  from [01m[K/home/student/ros2_ws/src/eced3901/src/part1.cpp:5[m[K:
[3.786s] [01m[K/home/student/ros2_ws/src/eced3901/src/part1.cpp:156:56:[m[K [01;31m[Kerror: [m[Kinvalid use of ‘[01m[Kthis[m[K’ in non-member function
[3.786s]   156 |             case 3: move_distance(0.3068); RCLCPP_INFO([01;31m[Kthis[m[K->get_logger(), "Case 3"); break; // 1 ft forward
[3.786s]       |                                                        [01;31m[K^~~~[m[K
[3.786s] [01m[K/home/student/ros2_ws/src/eced3901/src/part1.cpp:156:56:[m[K [01;31m[Kerror: [m[Kinvalid use of ‘[01m[Kthis[m[K’ in non-member function
[3.786s] [01m[K/home/student/ros2_ws/src/eced3901/src/part1.cpp:156:44:[m[K [01;31m[Kerror: [m[Ktemplate argument 1 is invalid
[3.787s]   156 |             case 3: move_distance(0.3068); [01;31m[KRCLCPP_INFO[m[K(this->get_logger(), "Case 3"); break; // 1 ft forward
[3.787s]       |                                            [01;31m[K^~~~~~~~~~~[m[K
[3.787s] In file included from [01m[K/opt/ros/humble/include/rclcpp/rclcpp/logging.hpp:24[m[K,
[3.787s]                  from [01m[K/opt/ros/humble/include/rclcpp/rclcpp/client.hpp:40[m[K,
[3.787s]                  from [01m[K/opt/ros/humble/include/rclcpp/rclcpp/callback_group.hpp:24[m[K,
[3.787s]                  from [01m[K/opt/ros/humble/include/rclcpp/rclcpp/any_executable.hpp:20[m[K,
[3.787s]                  from [01m[K/opt/ros/humble/include/rclcpp/rclcpp/memory_strategy.hpp:25[m[K,
[3.788s]                  from [01m[K/opt/ros/humble/include/rclcpp/rclcpp/memory_strategies.hpp:18[m[K,
[3.788s]                  from [01m[K/opt/ros/humble/include/rclcpp/rclcpp/executor_options.hpp:20[m[K,
[3.788s]                  from [01m[K/opt/ros/humble/include/rclcpp/rclcpp/executor.hpp:37[m[K,
[3.788s]                  from [01m[K/opt/ros/humble/include/rclcpp/rclcpp/executors/multi_threaded_executor.hpp:25[m[K,
[3.788s]                  from [01m[K/opt/ros/humble/include/rclcpp/rclcpp/executors.hpp:21[m[K,
[3.788s]                  from [01m[K/opt/ros/humble/include/rclcpp/rclcpp/rclcpp.hpp:155[m[K,
[3.788s]                  from [01m[K/home/student/ros2_ws/src/eced3901/src/part1.cpp:5[m[K:
[3.788s] [01m[K/home/student/ros2_ws/src/eced3901/src/part1.cpp:156:56:[m[K [01;31m[Kerror: [m[Kinvalid use of ‘[01m[Kthis[m[K’ in non-member function
[3.788s]   156 |             case 3: move_distance(0.3068); RCLCPP_INFO([01;31m[Kthis[m[K->get_logger(), "Case 3"); break; // 1 ft forward
[3.788s]       |                                                        [01;31m[K^~~~[m[K
[3.788s] [01m[K/home/student/ros2_ws/src/eced3901/src/part1.cpp:156:56:[m[K [01;31m[Kerror: [m[Kinvalid use of ‘[01m[Kthis[m[K’ in non-member function
[3.788s]   156 |             case 3: move_distance(0.3068); RCLCPP_INFO([01;31m[Kthis[m[K->get_logger(), "Case 3"); break; // 1 ft forward
[3.788s]       |                                                        [01;31m[K^~~~[m[K
[3.788s] In file included from [01m[K/opt/ros/humble/include/rclcpp/rclcpp/client.hpp:40[m[K,
[3.788s]                  from [01m[K/opt/ros/humble/include/rclcpp/rclcpp/callback_group.hpp:24[m[K,
[3.789s]                  from [01m[K/opt/ros/humble/include/rclcpp/rclcpp/any_executable.hpp:20[m[K,
[3.789s]                  from [01m[K/opt/ros/humble/include/rclcpp/rclcpp/memory_strategy.hpp:25[m[K,
[3.789s]                  from [01m[K/opt/ros/humble/include/rclcpp/rclcpp/memory_strategies.hpp:18[m[K,
[3.789s]                  from [01m[K/opt/ros/humble/include/rclcpp/rclcpp/executor_options.hpp:20[m[K,
[3.789s]                  from [01m[K/opt/ros/humble/include/rclcpp/rclcpp/executor.hpp:37[m[K,
[3.789s]                  from [01m[K/opt/ros/humble/include/rclcpp/rclcpp/executors/multi_threaded_executor.hpp:25[m[K,
[3.789s]                  from [01m[K/opt/ros/humble/include/rclcpp/rclcpp/executors.hpp:21[m[K,
[3.789s]                  from [01m[K/opt/ros/humble/include/rclcpp/rclcpp/rclcpp.hpp:155[m[K,
[3.789s]                  from [01m[K/home/student/ros2_ws/src/eced3901/src/part1.cpp:5[m[K:
[3.789s] [01m[K/home/student/ros2_ws/src/eced3901/src/part1.cpp:157:58:[m[K [01;31m[Kerror: [m[Kinvalid use of ‘[01m[Kthis[m[K’ in non-member function
[3.789s]   157 |             case 4: correct_with_wall(0.32); RCLCPP_INFO([01;31m[Kthis[m[K->get_logger(), "Case 4"); break;
[3.789s]       |                                                          [01;31m[K^~~~[m[K
[3.789s] [01m[K/home/student/ros2_ws/src/eced3901/src/part1.cpp:157:58:[m[K [01;31m[Kerror: [m[Kinvalid use of ‘[01m[Kthis[m[K’ in non-member function
[3.789s] [01m[K/home/student/ros2_ws/src/eced3901/src/part1.cpp:157:46:[m[K [01;31m[Kerror: [m[Ktemplate argument 1 is invalid
[3.789s]   157 |             case 4: correct_with_wall(0.32); [01;31m[KRCLCPP_INFO[m[K(this->get_logger(), "Case 4"); break;
[3.789s]       |                                              [01;31m[K^~~~~~~~~~~[m[K
[3.790s] In file included from [01m[K/opt/ros/humble/include/rclcpp/rclcpp/logging.hpp:24[m[K,
[3.790s]                  from [01m[K/opt/ros/humble/include/rclcpp/rclcpp/client.hpp:40[m[K,
[3.790s]                  from [01m[K/opt/ros/humble/include/rclcpp/rclcpp/callback_group.hpp:24[m[K,
[3.790s]                  from [01m[K/opt/ros/humble/include/rclcpp/rclcpp/any_executable.hpp:20[m[K,
[3.790s]                  from [01m[K/opt/ros/humble/include/rclcpp/rclcpp/memory_strategy.hpp:25[m[K,
[3.790s]                  from [01m[K/opt/ros/humble/include/rclcpp/rclcpp/memory_strategies.hpp:18[m[K,
[3.790s]                  from [01m[K/opt/ros/humble/include/rclcpp/rclcpp/executor_options.hpp:20[m[K,
[3.790s]                  from [01m[K/opt/ros/humble/include/rclcpp/rclcpp/executor.hpp:37[m[K,
[3.790s]                  from [01m[K/opt/ros/humble/include/rclcpp/rclcpp/executors/multi_threaded_executor.hpp:25[m[K,
[3.790s]                  from [01m[K/opt/ros/humble/include/rclcpp/rclcpp/executors.hpp:21[m[K,
[3.790s]                  from [01m[K/opt/ros/humble/include/rclcpp/rclcpp/rclcpp.hpp:155[m[K,
[3.790s]                  from [01m[K/home/student/ros2_ws/src/eced3901/src/part1.cpp:5[m[K:
[3.790s] [01m[K/home/student/ros2_ws/src/eced3901/src/part1.cpp:157:58:[m[K [01;31m[Kerror: [m[Kinvalid use of ‘[01m[Kthis[m[K’ in non-member function
[3.790s]   157 |             case 4: correct_with_wall(0.32); RCLCPP_INFO([01;31m[Kthis[m[K->get_logger(), "Case 4"); break;
[3.790s]       |                                                          [01;31m[K^~~~[m[K
[3.790s] [01m[K/home/student/ros2_ws/src/eced3901/src/part1.cpp:157:58:[m[K [01;31m[Kerror: [m[Kinvalid use of ‘[01m[Kthis[m[K’ in non-member function
[3.791s]   157 |             case 4: correct_with_wall(0.32); RCLCPP_INFO([01;31m[Kthis[m[K->get_logger(), "Case 4"); break;
[3.791s]       |                                                          [01;31m[K^~~~[m[K
[3.791s] In file included from [01m[K/opt/ros/humble/include/rclcpp/rclcpp/client.hpp:40[m[K,
[3.791s]                  from [01m[K/opt/ros/humble/include/rclcpp/rclcpp/callback_group.hpp:24[m[K,
[3.791s]                  from [01m[K/opt/ros/humble/include/rclcpp/rclcpp/any_executable.hpp:20[m[K,
[3.791s]                  from [01m[K/opt/ros/humble/include/rclcpp/rclcpp/memory_strategy.hpp:25[m[K,
[3.791s]                  from [01m[K/opt/ros/humble/include/rclcpp/rclcpp/memory_strategies.hpp:18[m[K,
[3.791s]                  from [01m[K/opt/ros/humble/include/rclcpp/rclcpp/executor_options.hpp:20[m[K,
[3.791s]                  from [01m[K/opt/ros/humble/include/rclcpp/rclcpp/executor.hpp:37[m[K,
[3.791s]                  from [01m[K/opt/ros/humble/include/rclcpp/rclcpp/executors/multi_threaded_executor.hpp:25[m[K,
[3.791s]                  from [01m[K/opt/ros/humble/include/rclcpp/rclcpp/executors.hpp:21[m[K,
[3.791s]                  from [01m[K/opt/ros/humble/include/rclcpp/rclcpp/rclcpp.hpp:155[m[K,
[3.791s]                  from [01m[K/home/student/ros2_ws/src/eced3901/src/part1.cpp:5[m[K:
[3.791s] [01m[K/home/student/ros2_ws/src/eced3901/src/part1.cpp:158:56:[m[K [01;31m[Kerror: [m[Kinvalid use of ‘[01m[Kthis[m[K’ in non-member function
[3.792s]   158 |             case 5: turn_angle(-M_PI / 2); RCLCPP_INFO([01;31m[Kthis[m[K->get_logger(), "Case 5"); break; // turn right 90°
[3.792s]       |                                                        [01;31m[K^~~~[m[K
[3.792s] [01m[K/home/student/ros2_ws/src/eced3901/src/part1.cpp:158:56:[m[K [01;31m[Kerror: [m[Kinvalid use of ‘[01m[Kthis[m[K’ in non-member function
[3.792s] [01m[K/home/student/ros2_ws/src/eced3901/src/part1.cpp:158:44:[m[K [01;31m[Kerror: [m[Ktemplate argument 1 is invalid
[3.792s]   158 |             case 5: turn_angle(-M_PI / 2); [01;31m[KRCLCPP_INFO[m[K(this->get_logger(), "Case 5"); break; // turn right 90°
[3.792s]       |                                            [01;31m[K^~~~~~~~~~~[m[K
[3.792s] In file included from [01m[K/opt/ros/humble/include/rclcpp/rclcpp/logging.hpp:24[m[K,
[3.792s]                  from [01m[K/opt/ros/humble/include/rclcpp/rclcpp/client.hpp:40[m[K,
[3.792s]                  from [01m[K/opt/ros/humble/include/rclcpp/rclcpp/callback_group.hpp:24[m[K,
[3.792s]                  from [01m[K/opt/ros/humble/include/rclcpp/rclcpp/any_executable.hpp:20[m[K,
[3.792s]                  from [01m[K/opt/ros/humble/include/rclcpp/rclcpp/memory_strategy.hpp:25[m[K,
[3.792s]                  from [01m[K/opt/ros/humble/include/rclcpp/rclcpp/memory_strategies.hpp:18[m[K,
[3.792s]                  from [01m[K/opt/ros/humble/include/rclcpp/rclcpp/executor_options.hpp:20[m[K,
[3.792s]                  from [01m[K/opt/ros/humble/include/rclcpp/rclcpp/executor.hpp:37[m[K,
[3.793s]                  from [01m[K/opt/ros/humble/include/rclcpp/rclcpp/executors/multi_threaded_executor.hpp:25[m[K,
[3.793s]                  from [01m[K/opt/ros/humble/include/rclcpp/rclcpp/executors.hpp:21[m[K,
[3.793s]                  from [01m[K/opt/ros/humble/include/rclcpp/rclcpp/rclcpp.hpp:155[m[K,
[3.793s]                  from [01m[K/home/student/ros2_ws/src/eced3901/src/part1.cpp:5[m[K:
[3.793s] [01m[K/home/student/ros2_ws/src/eced3901/src/part1.cpp:158:56:[m[K [01;31m[Kerror: [m[Kinvalid use of ‘[01m[Kthis[m[K’ in non-member function
[3.793s]   158 |             case 5: turn_angle(-M_PI / 2); RCLCPP_INFO([01;31m[Kthis[m[K->get_logger(), "Case 5"); break; // turn right 90°
[3.793s]       |                                                        [01;31m[K^~~~[m[K
[3.793s] [01m[K/home/student/ros2_ws/src/eced3901/src/part1.cpp:158:56:[m[K [01;31m[Kerror: [m[Kinvalid use of ‘[01m[Kthis[m[K’ in non-member function
[3.793s]   158 |             case 5: turn_angle(-M_PI / 2); RCLCPP_INFO([01;31m[Kthis[m[K->get_logger(), "Case 5"); break; // turn right 90°
[3.793s]       |                                                        [01;31m[K^~~~[m[K
[3.793s] In file included from [01m[K/opt/ros/humble/include/rclcpp/rclcpp/client.hpp:40[m[K,
[3.793s]                  from [01m[K/opt/ros/humble/include/rclcpp/rclcpp/callback_group.hpp:24[m[K,
[3.793s]                  from [01m[K/opt/ros/humble/include/rclcpp/rclcpp/any_executable.hpp:20[m[K,
[3.793s]                  from [01m[K/opt/ros/humble/include/rclcpp/rclcpp/memory_strategy.hpp:25[m[K,
[3.793s]                  from [01m[K/opt/ros/humble/include/rclcpp/rclcpp/memory_strategies.hpp:18[m[K,
[3.793s]                  from [01m[K/opt/ros/humble/include/rclcpp/rclcpp/executor_options.hpp:20[m[K,
[3.794s]                  from [01m[K/opt/ros/humble/include/rclcpp/rclcpp/executor.hpp:37[m[K,
[3.794s]                  from [01m[K/opt/ros/humble/include/rclcpp/rclcpp/executors/multi_threaded_executor.hpp:25[m[K,
[3.794s]                  from [01m[K/opt/ros/humble/include/rclcpp/rclcpp/executors.hpp:21[m[K,
[3.794s]                  from [01m[K/opt/ros/humble/include/rclcpp/rclcpp/rclcpp.hpp:155[m[K,
[3.794s]                  from [01m[K/home/student/ros2_ws/src/eced3901/src/part1.cpp:5[m[K:
[3.794s] [01m[K/home/student/ros2_ws/src/eced3901/src/part1.cpp:159:56:[m[K [01;31m[Kerror: [m[Kinvalid use of ‘[01m[Kthis[m[K’ in non-member function
[3.794s]   159 |             case 6: move_distance(1.2192); RCLCPP_INFO([01;31m[Kthis[m[K->get_logger(), "Case 6"); break; // 4 ft forward
[3.794s]       |                                                        [01;31m[K^~~~[m[K
[3.794s] [01m[K/home/student/ros2_ws/src/eced3901/src/part1.cpp:159:56:[m[K [01;31m[Kerror: [m[Kinvalid use of ‘[01m[Kthis[m[K’ in non-member function
[3.794s] [01m[K/home/student/ros2_ws/src/eced3901/src/part1.cpp:159:44:[m[K [01;31m[Kerror: [m[Ktemplate argument 1 is invalid
[3.794s]   159 |             case 6: move_distance(1.2192); [01;31m[KRCLCPP_INFO[m[K(this->get_logger(), "Case 6"); break; // 4 ft forward
[3.794s]       |                                            [01;31m[K^~~~~~~~~~~[m[K
[3.794s] In file included from [01m[K/opt/ros/humble/include/rclcpp/rclcpp/logging.hpp:24[m[K,
[3.794s]                  from [01m[K/opt/ros/humble/include/rclcpp/rclcpp/client.hpp:40[m[K,
[3.794s]                  from [01m[K/opt/ros/humble/include/rclcpp/rclcpp/callback_group.hpp:24[m[K,
[3.794s]                  from [01m[K/opt/ros/humble/include/rclcpp/rclcpp/any_executable.hpp:20[m[K,
[3.795s]                  from [01m[K/opt/ros/humble/include/rclcpp/rclcpp/memory_strategy.hpp:25[m[K,
[3.795s]                  from [01m[K/opt/ros/humble/include/rclcpp/rclcpp/memory_strategies.hpp:18[m[K,
[3.795s]                  from [01m[K/opt/ros/humble/include/rclcpp/rclcpp/executor_options.hpp:20[m[K,
[3.795s]                  from [01m[K/opt/ros/humble/include/rclcpp/rclcpp/executor.hpp:37[m[K,
[3.795s]                  from [01m[K/opt/ros/humble/include/rclcpp/rclcpp/executors/multi_threaded_executor.hpp:25[m[K,
[3.795s]                  from [01m[K/opt/ros/humble/include/rclcpp/rclcpp/executors.hpp:21[m[K,
[3.795s]                  from [01m[K/opt/ros/humble/include/rclcpp/rclcpp/rclcpp.hpp:155[m[K,
[3.795s]                  from [01m[K/home/student/ros2_ws/src/eced3901/src/part1.cpp:5[m[K:
[3.795s] [01m[K/home/student/ros2_ws/src/eced3901/src/part1.cpp:159:56:[m[K [01;31m[Kerror: [m[Kinvalid use of ‘[01m[Kthis[m[K’ in non-member function
[3.795s]   159 |             case 6: move_distance(1.2192); RCLCPP_INFO([01;31m[Kthis[m[K->get_logger(), "Case 6"); break; // 4 ft forward
[3.795s]       |                                                        [01;31m[K^~~~[m[K
[3.795s] [01m[K/home/student/ros2_ws/src/eced3901/src/part1.cpp:159:56:[m[K [01;31m[Kerror: [m[Kinvalid use of ‘[01m[Kthis[m[K’ in non-member function
[3.795s]   159 |             case 6: move_distance(1.2192); RCLCPP_INFO([01;31m[Kthis[m[K->get_logger(), "Case 6"); break; // 4 ft forward
[3.795s]       |                                                        [01;31m[K^~~~[m[K
[3.796s] In file included from [01m[K/opt/ros/humble/include/rclcpp/rclcpp/client.hpp:40[m[K,
[3.796s]                  from [01m[K/opt/ros/humble/include/rclcpp/rclcpp/callback_group.hpp:24[m[K,
[3.796s]                  from [01m[K/opt/ros/humble/include/rclcpp/rclcpp/any_executable.hpp:20[m[K,
[3.796s]                  from [01m[K/opt/ros/humble/include/rclcpp/rclcpp/memory_strategy.hpp:25[m[K,
[3.796s]                  from [01m[K/opt/ros/humble/include/rclcpp/rclcpp/memory_strategies.hpp:18[m[K,
[3.796s]                  from [01m[K/opt/ros/humble/include/rclcpp/rclcpp/executor_options.hpp:20[m[K,
[3.796s]                  from [01m[K/opt/ros/humble/include/rclcpp/rclcpp/executor.hpp:37[m[K,
[3.796s]                  from [01m[K/opt/ros/humble/include/rclcpp/rclcpp/executors/multi_threaded_executor.hpp:25[m[K,
[3.796s]                  from [01m[K/opt/ros/humble/include/rclcpp/rclcpp/executors.hpp:21[m[K,
[3.796s]                  from [01m[K/opt/ros/humble/include/rclcpp/rclcpp/rclcpp.hpp:155[m[K,
[3.796s]                  from [01m[K/home/student/ros2_ws/src/eced3901/src/part1.cpp:5[m[K:
[3.796s] [01m[K/home/student/ros2_ws/src/eced3901/src/part1.cpp:160:58:[m[K [01;31m[Kerror: [m[Kinvalid use of ‘[01m[Kthis[m[K’ in non-member function
[3.796s]   160 |             case 7: correct_with_wall(0.32); RCLCPP_INFO([01;31m[Kthis[m[K->get_logger(), "Case 7"); break;
[3.796s]       |                                                          [01;31m[K^~~~[m[K
[3.796s] [01m[K/home/student/ros2_ws/src/eced3901/src/part1.cpp:160:58:[m[K [01;31m[Kerror: [m[Kinvalid use of ‘[01m[Kthis[m[K’ in non-member function
[3.796s] [01m[K/home/student/ros2_ws/src/eced3901/src/part1.cpp:160:46:[m[K [01;31m[Kerror: [m[Ktemplate argument 1 is invalid
[3.797s]   160 |             case 7: correct_with_wall(0.32); [01;31m[KRCLCPP_INFO[m[K(this->get_logger(), "Case 7"); break;
[3.797s]       |                                              [01;31m[K^~~~~~~~~~~[m[K
[3.797s] In file included from [01m[K/opt/ros/humble/include/rclcpp/rclcpp/logging.hpp:24[m[K,
[3.797s]                  from [01m[K/opt/ros/humble/include/rclcpp/rclcpp/client.hpp:40[m[K,
[3.797s]                  from [01m[K/opt/ros/humble/include/rclcpp/rclcpp/callback_group.hpp:24[m[K,
[3.797s]                  from [01m[K/opt/ros/humble/include/rclcpp/rclcpp/any_executable.hpp:20[m[K,
[3.797s]                  from [01m[K/opt/ros/humble/include/rclcpp/rclcpp/memory_strategy.hpp:25[m[K,
[3.797s]                  from [01m[K/opt/ros/humble/include/rclcpp/rclcpp/memory_strategies.hpp:18[m[K,
[3.797s]                  from [01m[K/opt/ros/humble/include/rclcpp/rclcpp/executor_options.hpp:20[m[K,
[3.797s]                  from [01m[K/opt/ros/humble/include/rclcpp/rclcpp/executor.hpp:37[m[K,
[3.797s]                  from [01m[K/opt/ros/humble/include/rclcpp/rclcpp/executors/multi_threaded_executor.hpp:25[m[K,
[3.797s]                  from [01m[K/opt/ros/humble/include/rclcpp/rclcpp/executors.hpp:21[m[K,
[3.797s]                  from [01m[K/opt/ros/humble/include/rclcpp/rclcpp/rclcpp.hpp:155[m[K,
[3.797s]                  from [01m[K/home/student/ros2_ws/src/eced3901/src/part1.cpp:5[m[K:
[3.797s] [01m[K/home/student/ros2_ws/src/eced3901/src/part1.cpp:160:58:[m[K [01;31m[Kerror: [m[Kinvalid use of ‘[01m[Kthis[m[K’ in non-member function
[3.798s]   160 |             case 7: correct_with_wall(0.32); RCLCPP_INFO([01;31m[Kthis[m[K->get_logger(), "Case 7"); break;
[3.798s]       |                                                          [01;31m[K^~~~[m[K
[3.798s] [01m[K/home/student/ros2_ws/src/eced3901/src/part1.cpp:160:58:[m[K [01;31m[Kerror: [m[Kinvalid use of ‘[01m[Kthis[m[K’ in non-member function
[3.798s]   160 |             case 7: correct_with_wall(0.32); RCLCPP_INFO([01;31m[Kthis[m[K->get_logger(), "Case 7"); break;
[3.798s]       |                                                          [01;31m[K^~~~[m[K
[3.798s] In file included from [01m[K/opt/ros/humble/include/rclcpp/rclcpp/client.hpp:40[m[K,
[3.798s]                  from [01m[K/opt/ros/humble/include/rclcpp/rclcpp/callback_group.hpp:24[m[K,
[3.798s]                  from [01m[K/opt/ros/humble/include/rclcpp/rclcpp/any_executable.hpp:20[m[K,
[3.798s]                  from [01m[K/opt/ros/humble/include/rclcpp/rclcpp/memory_strategy.hpp:25[m[K,
[3.798s]                  from [01m[K/opt/ros/humble/include/rclcpp/rclcpp/memory_strategies.hpp:18[m[K,
[3.798s]                  from [01m[K/opt/ros/humble/include/rclcpp/rclcpp/executor_options.hpp:20[m[K,
[3.798s]                  from [01m[K/opt/ros/humble/include/rclcpp/rclcpp/executor.hpp:37[m[K,
[3.798s]                  from [01m[K/opt/ros/humble/include/rclcpp/rclcpp/executors/multi_threaded_executor.hpp:25[m[K,
[3.798s]                  from [01m[K/opt/ros/humble/include/rclcpp/rclcpp/executors.hpp:21[m[K,
[3.798s]                  from [01m[K/opt/ros/humble/include/rclcpp/rclcpp/rclcpp.hpp:155[m[K,
[3.798s]                  from [01m[K/home/student/ros2_ws/src/eced3901/src/part1.cpp:5[m[K:
[3.799s] [01m[K/home/student/ros2_ws/src/eced3901/src/part1.cpp:161:56:[m[K [01;31m[Kerror: [m[Kinvalid use of ‘[01m[Kthis[m[K’ in non-member function
[3.799s]   161 |             case 8: turn_angle(-M_PI / 2); RCLCPP_INFO([01;31m[Kthis[m[K->get_logger(), "Case 8"); break; // turn right 90°
[3.799s]       |                                                        [01;31m[K^~~~[m[K
[3.799s] [01m[K/home/student/ros2_ws/src/eced3901/src/part1.cpp:161:56:[m[K [01;31m[Kerror: [m[Kinvalid use of ‘[01m[Kthis[m[K’ in non-member function
[3.799s] [01m[K/home/student/ros2_ws/src/eced3901/src/part1.cpp:161:44:[m[K [01;31m[Kerror: [m[Ktemplate argument 1 is invalid
[3.799s]   161 |             case 8: turn_angle(-M_PI / 2); [01;31m[KRCLCPP_INFO[m[K(this->get_logger(), "Case 8"); break; // turn right 90°
[3.799s]       |                                            [01;31m[K^~~~~~~~~~~[m[K
[3.799s] In file included from [01m[K/opt/ros/humble/include/rclcpp/rclcpp/logging.hpp:24[m[K,
[3.799s]                  from [01m[K/opt/ros/humble/include/rclcpp/rclcpp/client.hpp:40[m[K,
[3.799s]                  from [01m[K/opt/ros/humble/include/rclcpp/rclcpp/callback_group.hpp:24[m[K,
[3.799s]                  from [01m[K/opt/ros/humble/include/rclcpp/rclcpp/any_executable.hpp:20[m[K,
[3.799s]                  from [01m[K/opt/ros/humble/include/rclcpp/rclcpp/memory_strategy.hpp:25[m[K,
[3.799s]                  from [01m[K/opt/ros/humble/include/rclcpp/rclcpp/memory_strategies.hpp:18[m[K,
[3.799s]                  from [01m[K/opt/ros/humble/include/rclcpp/rclcpp/executor_options.hpp:20[m[K,
[3.799s]                  from [01m[K/opt/ros/humble/include/rclcpp/rclcpp/executor.hpp:37[m[K,
[3.800s]                  from [01m[K/opt/ros/humble/include/rclcpp/rclcpp/executors/multi_threaded_executor.hpp:25[m[K,
[3.800s]                  from [01m[K/opt/ros/humble/include/rclcpp/rclcpp/executors.hpp:21[m[K,
[3.800s]                  from [01m[K/opt/ros/humble/include/rclcpp/rclcpp/rclcpp.hpp:155[m[K,
[3.800s]                  from [01m[K/home/student/ros2_ws/src/eced3901/src/part1.cpp:5[m[K:
[3.800s] [01m[K/home/student/ros2_ws/src/eced3901/src/part1.cpp:161:56:[m[K [01;31m[Kerror: [m[Kinvalid use of ‘[01m[Kthis[m[K’ in non-member function
[3.800s]   161 |             case 8: turn_angle(-M_PI / 2); RCLCPP_INFO([01;31m[Kthis[m[K->get_logger(), "Case 8"); break; // turn right 90°
[3.800s]       |                                                        [01;31m[K^~~~[m[K
[3.800s] [01m[K/home/student/ros2_ws/src/eced3901/src/part1.cpp:161:56:[m[K [01;31m[Kerror: [m[Kinvalid use of ‘[01m[Kthis[m[K’ in non-member function
[3.800s]   161 |             case 8: turn_angle(-M_PI / 2); RCLCPP_INFO([01;31m[Kthis[m[K->get_logger(), "Case 8"); break; // turn right 90°
[3.800s]       |                                                        [01;31m[K^~~~[m[K
[3.800s] In file included from [01m[K/opt/ros/humble/include/rclcpp/rclcpp/client.hpp:40[m[K,
[3.800s]                  from [01m[K/opt/ros/humble/include/rclcpp/rclcpp/callback_group.hpp:24[m[K,
[3.800s]                  from [01m[K/opt/ros/humble/include/rclcpp/rclcpp/any_executable.hpp:20[m[K,
[3.800s]                  from [01m[K/opt/ros/humble/include/rclcpp/rclcpp/memory_strategy.hpp:25[m[K,
[3.800s]                  from [01m[K/opt/ros/humble/include/rclcpp/rclcpp/memory_strategies.hpp:18[m[K,
[3.801s]                  from [01m[K/opt/ros/humble/include/rclcpp/rclcpp/executor_options.hpp:20[m[K,
[3.801s]                  from [01m[K/opt/ros/humble/include/rclcpp/rclcpp/executor.hpp:37[m[K,
[3.801s]                  from [01m[K/opt/ros/humble/include/rclcpp/rclcpp/executors/multi_threaded_executor.hpp:25[m[K,
[3.801s]                  from [01m[K/opt/ros/humble/include/rclcpp/rclcpp/executors.hpp:21[m[K,
[3.801s]                  from [01m[K/opt/ros/humble/include/rclcpp/rclcpp/rclcpp.hpp:155[m[K,
[3.801s]                  from [01m[K/home/student/ros2_ws/src/eced3901/src/part1.cpp:5[m[K:
[3.801s] [01m[K/home/student/ros2_ws/src/eced3901/src/part1.cpp:162:54:[m[K [01;31m[Kerror: [m[Kinvalid use of ‘[01m[Kthis[m[K’ in non-member function
[3.801s]   162 |             case 9: move_distance(0.35); RCLCPP_INFO([01;31m[Kthis[m[K->get_logger(), "Case 9"); break; // 1 ft forward
[3.801s]       |                                                      [01;31m[K^~~~[m[K
[3.801s] [01m[K/home/student/ros2_ws/src/eced3901/src/part1.cpp:162:54:[m[K [01;31m[Kerror: [m[Kinvalid use of ‘[01m[Kthis[m[K’ in non-member function
[3.801s] [01m[K/home/student/ros2_ws/src/eced3901/src/part1.cpp:162:42:[m[K [01;31m[Kerror: [m[Ktemplate argument 1 is invalid
[3.801s]   162 |             case 9: move_distance(0.35); [01;31m[KRCLCPP_INFO[m[K(this->get_logger(), "Case 9"); break; // 1 ft forward
[3.801s]       |                                          [01;31m[K^~~~~~~~~~~[m[K
[3.801s] In file included from [01m[K/opt/ros/humble/include/rclcpp/rclcpp/logging.hpp:24[m[K,
[3.801s]                  from [01m[K/opt/ros/humble/include/rclcpp/rclcpp/client.hpp:40[m[K,
[3.801s]                  from [01m[K/opt/ros/humble/include/rclcpp/rclcpp/callback_group.hpp:24[m[K,
[3.802s]                  from [01m[K/opt/ros/humble/include/rclcpp/rclcpp/any_executable.hpp:20[m[K,
[3.802s]                  from [01m[K/opt/ros/humble/include/rclcpp/rclcpp/memory_strategy.hpp:25[m[K,
[3.802s]                  from [01m[K/opt/ros/humble/include/rclcpp/rclcpp/memory_strategies.hpp:18[m[K,
[3.802s]                  from [01m[K/opt/ros/humble/include/rclcpp/rclcpp/executor_options.hpp:20[m[K,
[3.802s]                  from [01m[K/opt/ros/humble/include/rclcpp/rclcpp/executor.hpp:37[m[K,
[3.802s]                  from [01m[K/opt/ros/humble/include/rclcpp/rclcpp/executors/multi_threaded_executor.hpp:25[m[K,
[3.802s]                  from [01m[K/opt/ros/humble/include/rclcpp/rclcpp/executors.hpp:21[m[K,
[3.802s]                  from [01m[K/opt/ros/humble/include/rclcpp/rclcpp/rclcpp.hpp:155[m[K,
[3.802s]                  from [01m[K/home/student/ros2_ws/src/eced3901/src/part1.cpp:5[m[K:
[3.802s] [01m[K/home/student/ros2_ws/src/eced3901/src/part1.cpp:162:54:[m[K [01;31m[Kerror: [m[Kinvalid use of ‘[01m[Kthis[m[K’ in non-member function
[3.802s]   162 |             case 9: move_distance(0.35); RCLCPP_INFO([01;31m[Kthis[m[K->get_logger(), "Case 9"); break; // 1 ft forward
[3.802s]       |                                                      [01;31m[K^~~~[m[K
[3.802s] [01m[K/home/student/ros2_ws/src/eced3901/src/part1.cpp:162:54:[m[K [01;31m[Kerror: [m[Kinvalid use of ‘[01m[Kthis[m[K’ in non-member function
[3.802s]   162 |             case 9: move_distance(0.35); RCLCPP_INFO([01;31m[Kthis[m[K->get_logger(), "Case 9"); break; // 1 ft forward
[3.802s]       |                                                      [01;31m[K^~~~[m[K
[3.803s] In file included from [01m[K/opt/ros/humble/include/rclcpp/rclcpp/client.hpp:40[m[K,
[3.803s]                  from [01m[K/opt/ros/humble/include/rclcpp/rclcpp/callback_group.hpp:24[m[K,
[3.803s]                  from [01m[K/opt/ros/humble/include/rclcpp/rclcpp/any_executable.hpp:20[m[K,
[3.803s]                  from [01m[K/opt/ros/humble/include/rclcpp/rclcpp/memory_strategy.hpp:25[m[K,
[3.803s]                  from [01m[K/opt/ros/humble/include/rclcpp/rclcpp/memory_strategies.hpp:18[m[K,
[3.803s]                  from [01m[K/opt/ros/humble/include/rclcpp/rclcpp/executor_options.hpp:20[m[K,
[3.803s]                  from [01m[K/opt/ros/humble/include/rclcpp/rclcpp/executor.hpp:37[m[K,
[3.803s]                  from [01m[K/opt/ros/humble/include/rclcpp/rclcpp/executors/multi_threaded_executor.hpp:25[m[K,
[3.803s]                  from [01m[K/opt/ros/humble/include/rclcpp/rclcpp/executors.hpp:21[m[K,
[3.803s]                  from [01m[K/opt/ros/humble/include/rclcpp/rclcpp/rclcpp.hpp:155[m[K,
[3.803s]                  from [01m[K/home/student/ros2_ws/src/eced3901/src/part1.cpp:5[m[K:
[3.803s] [01m[K/home/student/ros2_ws/src/eced3901/src/part1.cpp:163:59:[m[K [01;31m[Kerror: [m[Kinvalid use of ‘[01m[Kthis[m[K’ in non-member function
[3.803s]   163 |             case 10: correct_with_wall(0.32); RCLCPP_INFO([01;31m[Kthis[m[K->get_logger(), "Case 10"); break;
[3.803s]       |                                                           [01;31m[K^~~~[m[K
[3.804s] [01m[K/home/student/ros2_ws/src/eced3901/src/part1.cpp:163:59:[m[K [01;31m[Kerror: [m[Kinvalid use of ‘[01m[Kthis[m[K’ in non-member function
[3.804s] [01m[K/home/student/ros2_ws/src/eced3901/src/part1.cpp:163:47:[m[K [01;31m[Kerror: [m[Ktemplate argument 1 is invalid
[3.804s]   163 |             case 10: correct_with_wall(0.32); [01;31m[KRCLCPP_INFO[m[K(this->get_logger(), "Case 10"); break;
[3.804s]       |                                               [01;31m[K^~~~~~~~~~~[m[K
[3.804s] In file included from [01m[K/opt/ros/humble/include/rclcpp/rclcpp/logging.hpp:24[m[K,
[3.804s]                  from [01m[K/opt/ros/humble/include/rclcpp/rclcpp/client.hpp:40[m[K,
[3.804s]                  from [01m[K/opt/ros/humble/include/rclcpp/rclcpp/callback_group.hpp:24[m[K,
[3.804s]                  from [01m[K/opt/ros/humble/include/rclcpp/rclcpp/any_executable.hpp:20[m[K,
[3.804s]                  from [01m[K/opt/ros/humble/include/rclcpp/rclcpp/memory_strategy.hpp:25[m[K,
[3.804s]                  from [01m[K/opt/ros/humble/include/rclcpp/rclcpp/memory_strategies.hpp:18[m[K,
[3.804s]                  from [01m[K/opt/ros/humble/include/rclcpp/rclcpp/executor_options.hpp:20[m[K,
[3.804s]                  from [01m[K/opt/ros/humble/include/rclcpp/rclcpp/executor.hpp:37[m[K,
[3.804s]                  from [01m[K/opt/ros/humble/include/rclcpp/rclcpp/executors/multi_threaded_executor.hpp:25[m[K,
[3.804s]                  from [01m[K/opt/ros/humble/include/rclcpp/rclcpp/executors.hpp:21[m[K,
[3.804s]                  from [01m[K/opt/ros/humble/include/rclcpp/rclcpp/rclcpp.hpp:155[m[K,
[3.804s]                  from [01m[K/home/student/ros2_ws/src/eced3901/src/part1.cpp:5[m[K:
[3.805s] [01m[K/home/student/ros2_ws/src/eced3901/src/part1.cpp:163:59:[m[K [01;31m[Kerror: [m[Kinvalid use of ‘[01m[Kthis[m[K’ in non-member function
[3.805s]   163 |             case 10: correct_with_wall(0.32); RCLCPP_INFO([01;31m[Kthis[m[K->get_logger(), "Case 10"); break;
[3.805s]       |                                                           [01;31m[K^~~~[m[K
[3.805s] [01m[K/home/student/ros2_ws/src/eced3901/src/part1.cpp:163:59:[m[K [01;31m[Kerror: [m[Kinvalid use of ‘[01m[Kthis[m[K’ in non-member function
[3.805s]   163 |             case 10: correct_with_wall(0.32); RCLCPP_INFO([01;31m[Kthis[m[K->get_logger(), "Case 10"); break;
[3.805s]       |                                                           [01;31m[K^~~~[m[K
[3.805s] In file included from [01m[K/opt/ros/humble/include/rclcpp/rclcpp/client.hpp:40[m[K,
[3.805s]                  from [01m[K/opt/ros/humble/include/rclcpp/rclcpp/callback_group.hpp:24[m[K,
[3.805s]                  from [01m[K/opt/ros/humble/include/rclcpp/rclcpp/any_executable.hpp:20[m[K,
[3.805s]                  from [01m[K/opt/ros/humble/include/rclcpp/rclcpp/memory_strategy.hpp:25[m[K,
[3.805s]                  from [01m[K/opt/ros/humble/include/rclcpp/rclcpp/memory_strategies.hpp:18[m[K,
[3.805s]                  from [01m[K/opt/ros/humble/include/rclcpp/rclcpp/executor_options.hpp:20[m[K,
[3.805s]                  from [01m[K/opt/ros/humble/include/rclcpp/rclcpp/executor.hpp:37[m[K,
[3.805s]                  from [01m[K/opt/ros/humble/include/rclcpp/rclcpp/executors/multi_threaded_executor.hpp:25[m[K,
[3.805s]                  from [01m[K/opt/ros/humble/include/rclcpp/rclcpp/executors.hpp:21[m[K,
[3.805s]                  from [01m[K/opt/ros/humble/include/rclcpp/rclcpp/rclcpp.hpp:155[m[K,
[3.806s]                  from [01m[K/home/student/ros2_ws/src/eced3901/src/part1.cpp:5[m[K:
[3.806s] [01m[K/home/student/ros2_ws/src/eced3901/src/part1.cpp:164:56:[m[K [01;31m[Kerror: [m[Kinvalid use of ‘[01m[Kthis[m[K’ in non-member function
[3.806s]   164 |             case 11: turn_angle(M_PI / 2); RCLCPP_INFO([01;31m[Kthis[m[K->get_logger(), "Case 11"); break;  // turn left 90°
[3.806s]       |                                                        [01;31m[K^~~~[m[K
[3.806s] [01m[K/home/student/ros2_ws/src/eced3901/src/part1.cpp:164:56:[m[K [01;31m[Kerror: [m[Kinvalid use of ‘[01m[Kthis[m[K’ in non-member function
[3.806s] [01m[K/home/student/ros2_ws/src/eced3901/src/part1.cpp:164:44:[m[K [01;31m[Kerror: [m[Ktemplate argument 1 is invalid
[3.806s]   164 |             case 11: turn_angle(M_PI / 2); [01;31m[KRCLCPP_INFO[m[K(this->get_logger(), "Case 11"); break;  // turn left 90°
[3.806s]       |                                            [01;31m[K^~~~~~~~~~~[m[K
[3.806s] In file included from [01m[K/opt/ros/humble/include/rclcpp/rclcpp/logging.hpp:24[m[K,
[3.806s]                  from [01m[K/opt/ros/humble/include/rclcpp/rclcpp/client.hpp:40[m[K,
[3.806s]                  from [01m[K/opt/ros/humble/include/rclcpp/rclcpp/callback_group.hpp:24[m[K,
[3.806s]                  from [01m[K/opt/ros/humble/include/rclcpp/rclcpp/any_executable.hpp:20[m[K,
[3.806s]                  from [01m[K/opt/ros/humble/include/rclcpp/rclcpp/memory_strategy.hpp:25[m[K,
[3.806s]                  from [01m[K/opt/ros/humble/include/rclcpp/rclcpp/memory_strategies.hpp:18[m[K,
[3.807s]                  from [01m[K/opt/ros/humble/include/rclcpp/rclcpp/executor_options.hpp:20[m[K,
[3.807s]                  from [01m[K/opt/ros/humble/include/rclcpp/rclcpp/executor.hpp:37[m[K,
[3.807s]                  from [01m[K/opt/ros/humble/include/rclcpp/rclcpp/executors/multi_threaded_executor.hpp:25[m[K,
[3.807s]                  from [01m[K/opt/ros/humble/include/rclcpp/rclcpp/executors.hpp:21[m[K,
[3.807s]                  from [01m[K/opt/ros/humble/include/rclcpp/rclcpp/rclcpp.hpp:155[m[K,
[3.807s]                  from [01m[K/home/student/ros2_ws/src/eced3901/src/part1.cpp:5[m[K:
[3.807s] [01m[K/home/student/ros2_ws/src/eced3901/src/part1.cpp:164:56:[m[K [01;31m[Kerror: [m[Kinvalid use of ‘[01m[Kthis[m[K’ in non-member function
[3.807s]   164 |             case 11: turn_angle(M_PI / 2); RCLCPP_INFO([01;31m[Kthis[m[K->get_logger(), "Case 11"); break;  // turn left 90°
[3.807s]       |                                                        [01;31m[K^~~~[m[K
[3.807s] [01m[K/home/student/ros2_ws/src/eced3901/src/part1.cpp:164:56:[m[K [01;31m[Kerror: [m[Kinvalid use of ‘[01m[Kthis[m[K’ in non-member function
[3.807s]   164 |             case 11: turn_angle(M_PI / 2); RCLCPP_INFO([01;31m[Kthis[m[K->get_logger(), "Case 11"); break;  // turn left 90°
[3.807s]       |                                                        [01;31m[K^~~~[m[K
[3.807s] In file included from [01m[K/opt/ros/humble/include/rclcpp/rclcpp/client.hpp:40[m[K,
[3.807s]                  from [01m[K/opt/ros/humble/include/rclcpp/rclcpp/callback_group.hpp:24[m[K,
[3.807s]                  from [01m[K/opt/ros/humble/include/rclcpp/rclcpp/any_executable.hpp:20[m[K,
[3.807s]                  from [01m[K/opt/ros/humble/include/rclcpp/rclcpp/memory_strategy.hpp:25[m[K,
[3.808s]                  from [01m[K/opt/ros/humble/include/rclcpp/rclcpp/memory_strategies.hpp:18[m[K,
[3.808s]                  from [01m[K/opt/ros/humble/include/rclcpp/rclcpp/executor_options.hpp:20[m[K,
[3.808s]                  from [01m[K/opt/ros/humble/include/rclcpp/rclcpp/executor.hpp:37[m[K,
[3.808s]                  from [01m[K/opt/ros/humble/include/rclcpp/rclcpp/executors/multi_threaded_executor.hpp:25[m[K,
[3.808s]                  from [01m[K/opt/ros/humble/include/rclcpp/rclcpp/executors.hpp:21[m[K,
[3.808s]                  from [01m[K/opt/ros/humble/include/rclcpp/rclcpp/rclcpp.hpp:155[m[K,
[3.808s]                  from [01m[K/home/student/ros2_ws/src/eced3901/src/part1.cpp:5[m[K:
[3.808s] [01m[K/home/student/ros2_ws/src/eced3901/src/part1.cpp:165:57:[m[K [01;31m[Kerror: [m[Kinvalid use of ‘[01m[Kthis[m[K’ in non-member function
[3.808s]   165 |             case 12: move_distance(1.2192); RCLCPP_INFO([01;31m[Kthis[m[K->get_logger(), "Case 12"); break; // 4 ft final leg
[3.808s]       |                                                         [01;31m[K^~~~[m[K
[3.808s] [01m[K/home/student/ros2_ws/src/eced3901/src/part1.cpp:165:57:[m[K [01;31m[Kerror: [m[Kinvalid use of ‘[01m[Kthis[m[K’ in non-member function
[3.808s] [01m[K/home/student/ros2_ws/src/eced3901/src/part1.cpp:165:45:[m[K [01;31m[Kerror: [m[Ktemplate argument 1 is invalid
[3.808s]   165 |             case 12: move_distance(1.2192); [01;31m[KRCLCPP_INFO[m[K(this->get_logger(), "Case 12"); break; // 4 ft final leg
[3.808s]       |                                             [01;31m[K^~~~~~~~~~~[m[K
[3.809s] In file included from [01m[K/opt/ros/humble/include/rclcpp/rclcpp/logging.hpp:24[m[K,
[3.809s]                  from [01m[K/opt/ros/humble/include/rclcpp/rclcpp/client.hpp:40[m[K,
[3.809s]                  from [01m[K/opt/ros/humble/include/rclcpp/rclcpp/callback_group.hpp:24[m[K,
[3.809s]                  from [01m[K/opt/ros/humble/include/rclcpp/rclcpp/any_executable.hpp:20[m[K,
[3.809s]                  from [01m[K/opt/ros/humble/include/rclcpp/rclcpp/memory_strategy.hpp:25[m[K,
[3.809s]                  from [01m[K/opt/ros/humble/include/rclcpp/rclcpp/memory_strategies.hpp:18[m[K,
[3.809s]                  from [01m[K/opt/ros/humble/include/rclcpp/rclcpp/executor_options.hpp:20[m[K,
[3.809s]                  from [01m[K/opt/ros/humble/include/rclcpp/rclcpp/executor.hpp:37[m[K,
[3.809s]                  from [01m[K/opt/ros/humble/include/rclcpp/rclcpp/executors/multi_threaded_executor.hpp:25[m[K,
[3.809s]                  from [01m[K/opt/ros/humble/include/rclcpp/rclcpp/executors.hpp:21[m[K,
[3.809s]                  from [01m[K/opt/ros/humble/include/rclcpp/rclcpp/rclcpp.hpp:155[m[K,
[3.809s]                  from [01m[K/home/student/ros2_ws/src/eced3901/src/part1.cpp:5[m[K:
[3.809s] [01m[K/home/student/ros2_ws/src/eced3901/src/part1.cpp:165:57:[m[K [01;31m[Kerror: [m[Kinvalid use of ‘[01m[Kthis[m[K’ in non-member function
[3.809s]   165 |             case 12: move_distance(1.2192); RCLCPP_INFO([01;31m[Kthis[m[K->get_logger(), "Case 12"); break; // 4 ft final leg
[3.810s]       |                                                         [01;31m[K^~~~[m[K
[3.810s] [01m[K/home/student/ros2_ws/src/eced3901/src/part1.cpp:165:57:[m[K [01;31m[Kerror: [m[Kinvalid use of ‘[01m[Kthis[m[K’ in non-member function
[3.810s]   165 |             case 12: move_distance(1.2192); RCLCPP_INFO([01;31m[Kthis[m[K->get_logger(), "Case 12"); break; // 4 ft final leg
[3.810s]       |                                                         [01;31m[K^~~~[m[K
[3.810s] In file included from [01m[K/opt/ros/humble/include/rclcpp/rclcpp/client.hpp:40[m[K,
[3.810s]                  from [01m[K/opt/ros/humble/include/rclcpp/rclcpp/callback_group.hpp:24[m[K,
[3.810s]                  from [01m[K/opt/ros/humble/include/rclcpp/rclcpp/any_executable.hpp:20[m[K,
[3.810s]                  from [01m[K/opt/ros/humble/include/rclcpp/rclcpp/memory_strategy.hpp:25[m[K,
[3.810s]                  from [01m[K/opt/ros/humble/include/rclcpp/rclcpp/memory_strategies.hpp:18[m[K,
[3.810s]                  from [01m[K/opt/ros/humble/include/rclcpp/rclcpp/executor_options.hpp:20[m[K,
[3.810s]                  from [01m[K/opt/ros/humble/include/rclcpp/rclcpp/executor.hpp:37[m[K,
[3.810s]                  from [01m[K/opt/ros/humble/include/rclcpp/rclcpp/executors/multi_threaded_executor.hpp:25[m[K,
[3.810s]                  from [01m[K/opt/ros/humble/include/rclcpp/rclcpp/executors.hpp:21[m[K,
[3.810s]                  from [01m[K/opt/ros/humble/include/rclcpp/rclcpp/rclcpp.hpp:155[m[K,
[3.811s]                  from [01m[K/home/student/ros2_ws/src/eced3901/src/part1.cpp:5[m[K:
[3.811s] [01m[K/home/student/ros2_ws/src/eced3901/src/part1.cpp:166:59:[m[K [01;31m[Kerror: [m[Kinvalid use of ‘[01m[Kthis[m[K’ in non-member function
[3.811s]   166 |             case 13: correct_with_wall(0.32); RCLCPP_INFO([01;31m[Kthis[m[K->get_logger(), "Case 13"); break;
[3.811s]       |                                                           [01;31m[K^~~~[m[K
[3.811s] [01m[K/home/student/ros2_ws/src/eced3901/src/part1.cpp:166:59:[m[K [01;31m[Kerror: [m[Kinvalid use of ‘[01m[Kthis[m[K’ in non-member function
[3.811s] [01m[K/home/student/ros2_ws/src/eced3901/src/part1.cpp:166:47:[m[K [01;31m[Kerror: [m[Ktemplate argument 1 is invalid
[3.811s]   166 |             case 13: correct_with_wall(0.32); [01;31m[KRCLCPP_INFO[m[K(this->get_logger(), "Case 13"); break;
[3.811s]       |                                               [01;31m[K^~~~~~~~~~~[m[K
[3.811s] In file included from [01m[K/opt/ros/humble/include/rclcpp/rclcpp/logging.hpp:24[m[K,
[3.811s]                  from [01m[K/opt/ros/humble/include/rclcpp/rclcpp/client.hpp:40[m[K,
[3.811s]                  from [01m[K/opt/ros/humble/include/rclcpp/rclcpp/callback_group.hpp:24[m[K,
[3.811s]                  from [01m[K/opt/ros/humble/include/rclcpp/rclcpp/any_executable.hpp:20[m[K,
[3.811s]                  from [01m[K/opt/ros/humble/include/rclcpp/rclcpp/memory_strategy.hpp:25[m[K,
[3.811s]                  from [01m[K/opt/ros/humble/include/rclcpp/rclcpp/memory_strategies.hpp:18[m[K,
[3.811s]                  from [01m[K/opt/ros/humble/include/rclcpp/rclcpp/executor_options.hpp:20[m[K,
[3.812s]                  from [01m[K/opt/ros/humble/include/rclcpp/rclcpp/executor.hpp:37[m[K,
[3.812s]                  from [01m[K/opt/ros/humble/include/rclcpp/rclcpp/executors/multi_threaded_executor.hpp:25[m[K,
[3.812s]                  from [01m[K/opt/ros/humble/include/rclcpp/rclcpp/executors.hpp:21[m[K,
[3.812s]                  from [01m[K/opt/ros/humble/include/rclcpp/rclcpp/rclcpp.hpp:155[m[K,
[3.812s]                  from [01m[K/home/student/ros2_ws/src/eced3901/src/part1.cpp:5[m[K:
[3.812s] [01m[K/home/student/ros2_ws/src/eced3901/src/part1.cpp:166:59:[m[K [01;31m[Kerror: [m[Kinvalid use of ‘[01m[Kthis[m[K’ in non-member function
[3.812s]   166 |             case 13: correct_with_wall(0.32); RCLCPP_INFO([01;31m[Kthis[m[K->get_logger(), "Case 13"); break;
[3.812s]       |                                                           [01;31m[K^~~~[m[K
[3.812s] [01m[K/home/student/ros2_ws/src/eced3901/src/part1.cpp:166:59:[m[K [01;31m[Kerror: [m[Kinvalid use of ‘[01m[Kthis[m[K’ in non-member function
[3.812s]   166 |             case 13: correct_with_wall(0.32); RCLCPP_INFO([01;31m[Kthis[m[K->get_logger(), "Case 13"); break;
[3.812s]       |                                                           [01;31m[K^~~~[m[K
[3.812s] [01m[K/home/student/ros2_ws/src/eced3901/src/part1.cpp:[m[K In function ‘[01m[Kvoid move_distance(double)[m[K’:
[3.812s] [01m[K/home/student/ros2_ws/src/eced3901/src/part1.cpp:174:9:[m[K [01;31m[Kerror: [m[K‘[01m[Kd_aim[m[K’ was not declared in this scope
[3.812s]   174 |         [01;31m[Kd_aim[m[K = distance;
[3.812s]       |         [01;31m[K^~~~~[m[K
[3.812s] [01m[K/home/student/ros2_ws/src/eced3901/src/part1.cpp:175:9:[m[K [01;31m[Kerror: [m[K‘[01m[Kx_init[m[K’ was not declared in this scope; did you mean ‘[01m[Ku_int[m[K’?
[3.813s]   175 |         [01;31m[Kx_init[m[K = x_now;
[3.813s]       |         [01;31m[K^~~~~~[m[K
[3.813s]       |         [32m[Ku_int[m[K
[3.813s] [01m[K/home/student/ros2_ws/src/eced3901/src/part1.cpp:175:18:[m[K [01;31m[Kerror: [m[K‘[01m[Kx_now[m[K’ was not declared in this scope
[3.813s]   175 |         x_init = [01;31m[Kx_now[m[K;
[3.813s]       |                  [01;31m[K^~~~~[m[K
[3.813s] [01m[K/home/student/ros2_ws/src/eced3901/src/part1.cpp:176:9:[m[K [01;31m[Kerror: [m[K‘[01m[Ky_init[m[K’ was not declared in this scope; did you mean ‘[01m[Ku_int[m[K’?
[3.813s]   176 |         [01;31m[Ky_init[m[K = y_now;
[3.813s]       |         [01;31m[K^~~~~~[m[K
[3.813s]       |         [32m[Ku_int[m[K
[3.813s] [01m[K/home/student/ros2_ws/src/eced3901/src/part1.cpp:176:18:[m[K [01;31m[Kerror: [m[K‘[01m[Ky_now[m[K’ was not declared in this scope
[3.813s]   176 |         y_init = [01;31m[Ky_now[m[K;
[3.813s]       |                  [01;31m[K^~~~~[m[K
[3.813s] [01m[K/home/student/ros2_ws/src/eced3901/src/part1.cpp:177:9:[m[K [01;31m[Kerror: [m[K‘[01m[Kcount_[m[K’ was not declared in this scope
[3.813s]   177 |         [01;31m[Kcount_[m[K++;
[3.813s]       |         [01;31m[K^~~~~~[m[K
[3.816s] [01m[K/home/student/ros2_ws/src/eced3901/src/part1.cpp:178:9:[m[K [01;31m[Kerror: [m[K‘[01m[Kcurrent_action_[m[K’ was not declared in this scope
[3.816s]   178 |         [01;31m[Kcurrent_action_[m[K = Action::MOVE;
[3.816s]       |         [01;31m[K^~~~~~~~~~~~~~~[m[K
[3.816s] [01m[K/home/student/ros2_ws/src/eced3901/src/part1.cpp:178:27:[m[K [01;31m[Kerror: [m[K‘[01m[KAction[m[K’ has not been declared
[3.817s]   178 |         current_action_ = [01;31m[KAction[m[K::MOVE;
[3.817s]       |                           [01;31m[K^~~~~~[m[K
[3.820s] [01m[K/home/student/ros2_ws/src/eced3901/src/part1.cpp:[m[K In function ‘[01m[Kvoid turn_angle(double)[m[K’:
[3.820s] [01m[K/home/student/ros2_ws/src/eced3901/src/part1.cpp:183:9:[m[K [01;31m[Kerror: [m[K‘[01m[Kth_aim[m[K’ was not declared in this scope
[3.820s]   183 |         [01;31m[Kth_aim[m[K = angle;
[3.820s]       |         [01;31m[K^~~~~~[m[K
[3.824s] [01m[K/home/student/ros2_ws/src/eced3901/src/part1.cpp:184:9:[m[K [01;31m[Kerror: [m[K‘[01m[Kth_init[m[K’ was not declared in this scope; did you mean ‘[01m[Ku_int[m[K’?
[3.824s]   184 |         [01;31m[Kth_init[m[K = th_now;
[3.824s]       |         [01;31m[K^~~~~~~[m[K
[3.824s]       |         [32m[Ku_int[m[K
[3.827s] [01m[K/home/student/ros2_ws/src/eced3901/src/part1.cpp:184:19:[m[K [01;31m[Kerror: [m[K‘[01m[Kth_now[m[K’ was not declared in this scope
[3.828s]   184 |         th_init = [01;31m[Kth_now[m[K;
[3.828s]       |                   [01;31m[K^~~~~~[m[K
[3.831s] [01m[K/home/student/ros2_ws/src/eced3901/src/part1.cpp:185:9:[m[K [01;31m[Kerror: [m[K‘[01m[Kcount_[m[K’ was not declared in this scope
[3.831s]   185 |         [01;31m[Kcount_[m[K++;
[3.831s]       |         [01;31m[K^~~~~~[m[K
[3.837s] [01m[K/home/student/ros2_ws/src/eced3901/src/part1.cpp:186:9:[m[K [01;31m[Kerror: [m[K‘[01m[Kcurrent_action_[m[K’ was not declared in this scope
[3.837s]   186 |         [01;31m[Kcurrent_action_[m[K = Action::TURN;
[3.837s]       |         [01;31m[K^~~~~~~~~~~~~~~[m[K
[3.837s] [01m[K/home/student/ros2_ws/src/eced3901/src/part1.cpp:186:27:[m[K [01;31m[Kerror: [m[K‘[01m[KAction[m[K’ has not been declared
[3.837s]   186 |         current_action_ = [01;31m[KAction[m[K::TURN;
[3.837s]       |                           [01;31m[K^~~~~~[m[K
[3.837s] In file included from [01m[K/opt/ros/humble/include/rclcpp/rclcpp/client.hpp:40[m[K,
[3.837s]                  from [01m[K/opt/ros/humble/include/rclcpp/rclcpp/callback_group.hpp:24[m[K,
[3.837s]                  from [01m[K/opt/ros/humble/include/rclcpp/rclcpp/any_executable.hpp:20[m[K,
[3.837s]                  from [01m[K/opt/ros/humble/include/rclcpp/rclcpp/memory_strategy.hpp:25[m[K,
[3.837s]                  from [01m[K/opt/ros/humble/include/rclcpp/rclcpp/memory_strategies.hpp:18[m[K,
[3.837s]                  from [01m[K/opt/ros/humble/include/rclcpp/rclcpp/executor_options.hpp:20[m[K,
[3.838s]                  from [01m[K/opt/ros/humble/include/rclcpp/rclcpp/executor.hpp:37[m[K,
[3.838s]                  from [01m[K/opt/ros/humble/include/rclcpp/rclcpp/executors/multi_threaded_executor.hpp:25[m[K,
[3.838s]                  from [01m[K/opt/ros/humble/include/rclcpp/rclcpp/executors.hpp:21[m[K,
[3.838s]                  from [01m[K/opt/ros/humble/include/rclcpp/rclcpp/rclcpp.hpp:155[m[K,
[3.838s]                  from [01m[K/home/student/ros2_ws/src/eced3901/src/part1.cpp:5[m[K:
[3.838s] [01m[K/home/student/ros2_ws/src/eced3901/src/part1.cpp:[m[K In function ‘[01m[Kvoid correct_with_wall(double)[m[K’:
[3.838s] [01m[K/home/student/ros2_ws/src/eced3901/src/part1.cpp:198:21:[m[K [01;31m[Kerror: [m[Kinvalid use of ‘[01m[Kthis[m[K’ in non-member function
[3.838s]   198 |         RCLCPP_INFO([01;31m[Kthis[m[K->get_logger(), "Front wall: %f", front_wall_dist);
[3.838s]       |                     [01;31m[K^~~~[m[K
[3.838s] [01m[K/home/student/ros2_ws/src/eced3901/src/part1.cpp:198:21:[m[K [01;31m[Kerror: [m[Kinvalid use of ‘[01m[Kthis[m[K’ in non-member function
[3.838s] [01m[K/home/student/ros2_ws/src/eced3901/src/part1.cpp:198:9:[m[K [01;31m[Kerror: [m[Ktemplate argument 1 is invalid
[3.838s]   198 |         [01;31m[KRCLCPP_INFO[m[K(this->get_logger(), "Front wall: %f", front_wall_dist);
[3.838s]       |         [01;31m[K^~~~~~~~~~~[m[K
[3.838s] In file included from [01m[K/opt/ros/humble/include/rclcpp/rclcpp/logging.hpp:24[m[K,
[3.838s]                  from [01m[K/opt/ros/humble/include/rclcpp/rclcpp/client.hpp:40[m[K,
[3.839s]                  from [01m[K/opt/ros/humble/include/rclcpp/rclcpp/callback_group.hpp:24[m[K,
[3.839s]                  from [01m[K/opt/ros/humble/include/rclcpp/rclcpp/any_executable.hpp:20[m[K,
[3.839s]                  from [01m[K/opt/ros/humble/include/rclcpp/rclcpp/memory_strategy.hpp:25[m[K,
[3.839s]                  from [01m[K/opt/ros/humble/include/rclcpp/rclcpp/memory_strategies.hpp:18[m[K,
[3.839s]                  from [01m[K/opt/ros/humble/include/rclcpp/rclcpp/executor_options.hpp:20[m[K,
[3.839s]                  from [01m[K/opt/ros/humble/include/rclcpp/rclcpp/executor.hpp:37[m[K,
[3.839s]                  from [01m[K/opt/ros/humble/include/rclcpp/rclcpp/executors/multi_threaded_executor.hpp:25[m[K,
[3.839s]                  from [01m[K/opt/ros/humble/include/rclcpp/rclcpp/executors.hpp:21[m[K,
[3.839s]                  from [01m[K/opt/ros/humble/include/rclcpp/rclcpp/rclcpp.hpp:155[m[K,
[3.839s]                  from [01m[K/home/student/ros2_ws/src/eced3901/src/part1.cpp:5[m[K:
[3.839s] [01m[K/home/student/ros2_ws/src/eced3901/src/part1.cpp:198:21:[m[K [01;31m[Kerror: [m[Kinvalid use of ‘[01m[Kthis[m[K’ in non-member function
[3.839s]   198 |         RCLCPP_INFO([01;31m[Kthis[m[K->get_logger(), "Front wall: %f", front_wall_dist);
[3.839s]       |                     [01;31m[K^~~~[m[K
[3.839s] [01m[K/home/student/ros2_ws/src/eced3901/src/part1.cpp:198:21:[m[K [01;31m[Kerror: [m[Kinvalid use of ‘[01m[Kthis[m[K’ in non-member function
[3.839s]   198 |         RCLCPP_INFO([01;31m[Kthis[m[K->get_logger(), "Front wall: %f", front_wall_dist);
[3.839s]       |                     [01;31m[K^~~~[m[K
[3.844s] [01m[K/home/student/ros2_ws/src/eced3901/src/part1.cpp:198:59:[m[K [01;31m[Kerror: [m[K‘[01m[Kfront_wall_dist[m[K’ was not declared in this scope
[3.844s]   198 |         RCLCPP_INFO(this->get_logger(), "Front wall: %f", [01;31m[Kfront_wall_dist[m[K);
[3.844s]       |                                                           [01;31m[K^~~~~~~~~~~~~~~[m[K
[3.849s] [01m[K/home/student/ros2_ws/src/eced3901/src/part1.cpp:199:24:[m[K [01;31m[Kerror: [m[K‘[01m[Kfront_wall_dist[m[K’ was not declared in this scope
[3.849s]   199 |         double error = [01;31m[Kfront_wall_dist[m[K - target_dist; // positive if too far, negative if too close
[3.849s]       |                        [01;31m[K^~~~~~~~~~~~~~~[m[K
[3.853s] [01m[K/home/student/ros2_ws/src/eced3901/src/part1.cpp:202:17:[m[K [01;31m[Kerror: [m[K‘[01m[Kx_vel[m[K’ was not declared in this scope
[3.853s]   202 |                 [01;31m[Kx_vel[m[K = (error > 0) ? 0.05 : -0.05; // move forward if too far, backward if too close
[3.853s]       |                 [01;31m[K^~~~~[m[K
[3.856s] [01m[K/home/student/ros2_ws/src/eced3901/src/part1.cpp:208:17:[m[K [01;31m[Kerror: [m[K‘[01m[Kcount_[m[K’ was not declared in this scope
[3.856s]   208 |                 [01;31m[Kcount_[m[K++;
[3.857s]       |                 [01;31m[K^~~~~~[m[K
[3.863s] [01m[K/home/student/ros2_ws/src/eced3901/src/part1.cpp:209:17:[m[K [01;31m[Kerror: [m[K‘[01m[Klast_state_complete[m[K’ was not declared in this scope
[3.863s]   209 |                 [01;31m[Klast_state_complete[m[K = 1;
[3.863s]       |                 [01;31m[K^~~~~~~~~~~~~~~~~~~[m[K
[3.910s] [01m[K/home/student/ros2_ws/src/eced3901/src/part1.cpp:[m[K At global scope:
[3.910s] [01m[K/home/student/ros2_ws/src/eced3901/src/part1.cpp:236:1:[m[K [01;31m[Kerror: [m[Kexpected declaration before ‘[01m[K}[m[K’ token
[3.911s]   236 | [01;31m[K}[m[K;
[3.911s]       | [01;31m[K^[m[K
[6.361s] gmake[2]: *** [CMakeFiles/part1.dir/build.make:76: CMakeFiles/part1.dir/src/part1.cpp.o] Error 1
[6.361s] gmake[1]: *** [CMakeFiles/Makefile2:251: CMakeFiles/part1.dir/all] Error 2
[6.361s] gmake[1]: *** Waiting for unfinished jobs....
[9.721s] [ 91%] [32m[1mLinking CXX executable openo[0m
[10.186s] [ 91%] Built target openo
[10.187s] gmake: *** [Makefile:146: all] Error 2
[10.189s] Invoked command in '/home/student/ros2_ws/src/eced3901/build/eced3901' returned '2': CMAKE_PREFIX_PATH=${CMAKE_PREFIX_PATH}:/home/student/imu_ws/install/bno055:/home/student/motor_ws/install/dalmotor:/opt/ros/humble /usr/bin/cmake --build /home/student/ros2_ws/src/eced3901/build/eced3901 -- -j4 -l4
