[0.011s] Invoking command in '/home/student/ros2_ws/src/eced3901/build/eced3901': CMAKE_PREFIX_PATH=${CMAKE_PREFIX_PATH}:/home/student/imu_ws/install/bno055:/home/student/motor_ws/install/dalmotor:/opt/ros/humble /usr/bin/cmake --build /home/student/ros2_ws/src/eced3901/build/eced3901 -- -j4 -l4
[0.036s] -- Found ament_cmake: 1.3.12 (/opt/ros/humble/share/ament_cmake/cmake)
[0.164s] -- Found rclcpp: 16.0.17 (/opt/ros/humble/share/rclcpp/cmake)
[0.191s] -- Found rosidl_generator_c: 3.1.8 (/opt/ros/humble/share/rosidl_generator_c/cmake)
[0.193s] -- Found rosidl_adapter: 3.1.8 (/opt/ros/humble/share/rosidl_adapter/cmake)
[0.199s] -- Found rosidl_generator_cpp: 3.1.8 (/opt/ros/humble/share/rosidl_generator_cpp/cmake)
[0.207s] -- Using all available rosidl_typesupport_c: rosidl_typesupport_fastrtps_c;rosidl_typesupport_introspection_c
[0.218s] -- Using all available rosidl_typesupport_cpp: rosidl_typesupport_fastrtps_cpp;rosidl_typesupport_introspection_cpp
[0.248s] -- Found rmw_implementation_cmake: 6.1.2 (/opt/ros/humble/share/rmw_implementation_cmake/cmake)
[0.249s] -- Found rmw_fastrtps_cpp: 6.2.9 (/opt/ros/humble/share/rmw_fastrtps_cpp/cmake)
[0.343s] -- Using RMW implementation 'rmw_fastrtps_cpp' as default
[0.389s] -- Found rclpy: 3.3.19 (/opt/ros/humble/share/rclpy/cmake)
[0.389s] -- Found geometry_msgs: 4.9.0 (/opt/ros/humble/share/geometry_msgs/cmake)
[0.401s] -- Found nav_msgs: 4.9.0 (/opt/ros/humble/share/nav_msgs/cmake)
[0.416s] -- Found sensor_msgs: 4.9.0 (/opt/ros/humble/share/sensor_msgs/cmake)
[0.431s] -- Found tf2: 0.25.18 (/opt/ros/humble/share/tf2/cmake)
[0.443s] -- Found ament_lint_auto: 0.12.14 (/opt/ros/humble/share/ament_lint_auto/cmake)
[0.558s] -- Added test 'cppcheck' to perform static code analysis on C / C++ code
[0.558s] -- Configured cppcheck include dirs: 
[0.558s] -- Configured cppcheck exclude dirs and/or files: 
[0.566s] -- Added test 'flake8' to check Python code syntax and style conventions
[0.579s] -- Added test 'lint_cmake' to check CMake code style
[0.585s] -- Added test 'pep257' to check Python code against some of the docstring style conventions in PEP 257
[0.635s] -- Added test 'uncrustify' to check C / C++ code style
[0.635s] -- Configured uncrustify additional arguments: 
[0.642s] -- Added test 'xmllint' to check XML markup files
[0.643s] -- Configuring done
[0.664s] -- Generating done
[0.673s] -- Build files have been written to: /home/student/ros2_ws/src/eced3901/build/eced3901
[0.697s] [35m[1mConsolidate compiler generated dependencies of target talker[0m
[0.697s] [35m[1mConsolidate compiler generated dependencies of target Demo2[0m
[0.698s] [35m[1mConsolidate compiler generated dependencies of target Demo[0m
[0.698s] [35m[1mConsolidate compiler generated dependencies of target dt1[0m
[0.714s] [ 80%] Built target dt1
[0.714s] [ 80%] Built target Demo2
[0.714s] [ 80%] Built target talker
[0.714s] [ 80%] Built target Demo
[0.723s] [35m[1mConsolidate compiler generated dependencies of target part1[0m
[0.738s] [ 90%] [32mBuilding CXX object CMakeFiles/part1.dir/src/part1.cpp.o[0m
[3.044s] [01m[K/home/student/ros2_ws/src/eced3901/src/part1.cpp:[m[K In constructor ‘[01m[KSquareRoutine::SquareRoutine()[m[K’:
[3.044s] [01m[K/home/student/ros2_ws/src/eced3901/src/part1.cpp:35:9:[m[K [01;31m[Kerror: [m[K‘[01m[Klidar_sub[m[K’ was not declared in this scope
[3.044s]    35 |         [01;31m[Klidar_sub[m[K = this->create_subscription<sensor_msgs::msg::LaserScan>("scan", 10, std::bind(&SquareRoutine::lidar_callback, this, _1));
[3.044s]       |         [01;31m[K^~~~~~~~~[m[K
[6.233s] gmake[2]: *** [CMakeFiles/part1.dir/build.make:76: CMakeFiles/part1.dir/src/part1.cpp.o] Error 1
[6.233s] gmake[1]: *** [CMakeFiles/Makefile2:249: CMakeFiles/part1.dir/all] Error 2
[6.234s] gmake: *** [Makefile:146: all] Error 2
[6.235s] Invoked command in '/home/student/ros2_ws/src/eced3901/build/eced3901' returned '2': CMAKE_PREFIX_PATH=${CMAKE_PREFIX_PATH}:/home/student/imu_ws/install/bno055:/home/student/motor_ws/install/dalmotor:/opt/ros/humble /usr/bin/cmake --build /home/student/ros2_ws/src/eced3901/build/eced3901 -- -j4 -l4
