[0.012s] Invoking command in '/home/student/ros2_ws/src/eced3901/build/eced3901': CMAKE_PREFIX_PATH=${CMAKE_PREFIX_PATH}:/home/student/imu_ws/install/bno055:/home/student/motor_ws/install/dalmotor:/opt/ros/humble /usr/bin/cmake --build /home/student/ros2_ws/src/eced3901/build/eced3901 -- -j4 -l4
[0.035s] -- Found ament_cmake: 1.3.12 (/opt/ros/humble/share/ament_cmake/cmake)
[0.162s] -- Found rclcpp: 16.0.17 (/opt/ros/humble/share/rclcpp/cmake)
[0.190s] -- Found rosidl_generator_c: 3.1.8 (/opt/ros/humble/share/rosidl_generator_c/cmake)
[0.192s] -- Found rosidl_adapter: 3.1.8 (/opt/ros/humble/share/rosidl_adapter/cmake)
[0.198s] -- Found rosidl_generator_cpp: 3.1.8 (/opt/ros/humble/share/rosidl_generator_cpp/cmake)
[0.207s] -- Using all available rosidl_typesupport_c: rosidl_typesupport_fastrtps_c;rosidl_typesupport_introspection_c
[0.218s] -- Using all available rosidl_typesupport_cpp: rosidl_typesupport_fastrtps_cpp;rosidl_typesupport_introspection_cpp
[0.249s] -- Found rmw_implementation_cmake: 6.1.2 (/opt/ros/humble/share/rmw_implementation_cmake/cmake)
[0.251s] -- Found rmw_fastrtps_cpp: 6.2.9 (/opt/ros/humble/share/rmw_fastrtps_cpp/cmake)
[0.344s] -- Using RMW implementation 'rmw_fastrtps_cpp' as default
[0.390s] -- Found rclpy: 3.3.19 (/opt/ros/humble/share/rclpy/cmake)
[0.390s] -- Found geometry_msgs: 4.9.0 (/opt/ros/humble/share/geometry_msgs/cmake)
[0.401s] -- Found nav_msgs: 4.9.0 (/opt/ros/humble/share/nav_msgs/cmake)
[0.416s] -- Found sensor_msgs: 4.9.0 (/opt/ros/humble/share/sensor_msgs/cmake)
[0.431s] -- Found tf2: 0.25.18 (/opt/ros/humble/share/tf2/cmake)
[0.442s] -- Found ament_lint_auto: 0.12.14 (/opt/ros/humble/share/ament_lint_auto/cmake)
[0.533s] -- Added test 'cppcheck' to perform static code analysis on C / C++ code
[0.533s] -- Configured cppcheck include dirs: 
[0.533s] -- Configured cppcheck exclude dirs and/or files: 
[0.537s] -- Added test 'flake8' to check Python code syntax and style conventions
[0.543s] -- Added test 'lint_cmake' to check CMake code style
[0.546s] -- Added test 'pep257' to check Python code against some of the docstring style conventions in PEP 257
[0.571s] -- Added test 'uncrustify' to check C / C++ code style
[0.571s] -- Configured uncrustify additional arguments: 
[0.574s] -- Added test 'xmllint' to check XML markup files
[0.578s] -- Configuring done
[0.599s] -- Generating done
[0.608s] -- Build files have been written to: /home/student/ros2_ws/src/eced3901/build/eced3901
[0.635s] [35m[1mConsolidate compiler generated dependencies of target talker[0m
[0.635s] [35m[1mConsolidate compiler generated dependencies of target dt1[0m
[0.635s] [35m[1mConsolidate compiler generated dependencies of target Demo2[0m
[0.635s] [35m[1mConsolidate compiler generated dependencies of target Demo[0m
[0.649s] [ 40%] Built target dt1
[0.649s] [ 40%] Built target talker
[0.650s] [ 50%] [32mBuilding CXX object CMakeFiles/Demo2.dir/src/Demo2.cpp.o[0m
[0.652s] [ 70%] Built target Demo
[0.670s] [ 80%] [32mBuilding CXX object CMakeFiles/part1.dir/src/part1.cpp.o[0m
[3.244s] [01m[K/home/student/ros2_ws/src/eced3901/src/part1.cpp:[m[K In member function ‘[01m[Kvoid SquareRoutine::sequence_statemachine()[m[K’:
[3.244s] [01m[K/home/student/ros2_ws/src/eced3901/src/part1.cpp:144:27:[m[K [01;31m[Kerror: [m[Kexpected ‘[01m[K;[m[K’ before ‘[01m[Kdefault[m[K’
[3.244s]   144 |                           [01;31m[Kdefault[m[K:
[3.244s]       |                           [01;31m[K^~~~~~~[m[K
[5.909s] gmake[2]: *** [CMakeFiles/part1.dir/build.make:76: CMakeFiles/part1.dir/src/part1.cpp.o] Error 1
[5.909s] gmake[1]: *** [CMakeFiles/Makefile2:249: CMakeFiles/part1.dir/all] Error 2
[5.910s] gmake[1]: *** Waiting for unfinished jobs....
[12.018s] [ 90%] [32m[1mLinking CXX executable Demo2[0m
[12.646s] [ 90%] Built target Demo2
[12.647s] gmake: *** [Makefile:146: all] Error 2
[12.649s] Invoked command in '/home/student/ros2_ws/src/eced3901/build/eced3901' returned '2': CMAKE_PREFIX_PATH=${CMAKE_PREFIX_PATH}:/home/student/imu_ws/install/bno055:/home/student/motor_ws/install/dalmotor:/opt/ros/humble /usr/bin/cmake --build /home/student/ros2_ws/src/eced3901/build/eced3901 -- -j4 -l4
