[0.011s] Invoking command in '/home/student/ros2_ws/src/eced3901/build/eced3901': CMAKE_PREFIX_PATH=${CMAKE_PREFIX_PATH}:/home/student/imu_ws/install/bno055:/home/student/motor_ws/install/dalmotor:/opt/ros/humble /usr/bin/cmake --build /home/student/ros2_ws/src/eced3901/build/eced3901 -- -j4 -l4
[0.065s] [ 41%] Built target dt1
[0.065s] [ 41%] Built target Demo2
[0.065s] [ 50%] Built target Demo
[0.067s] [ 66%] Built target talker
[0.077s] [35m[1mConsolidate compiler generated dependencies of target part1[0m
[0.091s] [ 83%] Built target openo
[0.096s] [ 91%] [32mBuilding CXX object CMakeFiles/part1.dir/src/part1.cpp.o[0m
[13.452s] [100%] [32m[1mLinking CXX executable part1[0m
[14.236s] [100%] Built target part1
[14.245s] Invoked command in '/home/student/ros2_ws/src/eced3901/build/eced3901' returned '0': CMAKE_PREFIX_PATH=${CMAKE_PREFIX_PATH}:/home/student/imu_ws/install/bno055:/home/student/motor_ws/install/dalmotor:/opt/ros/humble /usr/bin/cmake --build /home/student/ros2_ws/src/eced3901/build/eced3901 -- -j4 -l4
[14.254s] Invoking command in '/home/student/ros2_ws/src/eced3901/build/eced3901': CMAKE_PREFIX_PATH=${CMAKE_PREFIX_PATH}:/home/student/imu_ws/install/bno055:/home/student/motor_ws/install/dalmotor:/opt/ros/humble /usr/bin/cmake --install /home/student/ros2_ws/src/eced3901/build/eced3901
[14.262s] -- Install configuration: ""
[14.263s] -- Up-to-date: /home/student/ros2_ws/src/eced3901/install/eced3901/lib/eced3901/talker
[14.263s] -- Up-to-date: /home/student/ros2_ws/src/eced3901/install/eced3901/lib/eced3901/dt1
[14.264s] -- Up-to-date: /home/student/ros2_ws/src/eced3901/install/eced3901/lib/eced3901/Demo2
[14.264s] -- Up-to-date: /home/student/ros2_ws/src/eced3901/install/eced3901/lib/eced3901/Demo
[14.265s] -- Installing: /home/student/ros2_ws/src/eced3901/install/eced3901/lib/eced3901/part1
[14.271s] -- Set runtime path of "/home/student/ros2_ws/src/eced3901/install/eced3901/lib/eced3901/part1" to ""
[14.272s] -- Up-to-date: /home/student/ros2_ws/src/eced3901/install/eced3901/lib/eced3901/openo
[14.272s] -- Up-to-date: /home/student/ros2_ws/src/eced3901/install/eced3901/share/eced3901/config
[14.273s] -- Up-to-date: /home/student/ros2_ws/src/eced3901/install/eced3901/share/eced3901/config/ekf.yaml
[14.273s] -- Up-to-date: /home/student/ros2_ws/src/eced3901/install/eced3901/share/eced3901/launch
[14.273s] -- Up-to-date: /home/student/ros2_ws/src/eced3901/install/eced3901/share/eced3901/launch/lab3.launch.py
[14.273s] -- Up-to-date: /home/student/ros2_ws/src/eced3901/install/eced3901/share/eced3901/launch/lab4a.launch.py
[14.273s] -- Up-to-date: /home/student/ros2_ws/src/eced3901/install/eced3901/share/eced3901/launch/lab4b.launch.py
[14.274s] -- Up-to-date: /home/student/ros2_ws/src/eced3901/install/eced3901/share/eced3901/launch/lab6a.launch.py
[14.274s] -- Up-to-date: /home/student/ros2_ws/src/eced3901/install/eced3901/share/eced3901/launch/build
[14.274s] -- Up-to-date: /home/student/ros2_ws/src/eced3901/install/eced3901/share/eced3901/launch/build/COLCON_IGNORE
[14.275s] -- Up-to-date: /home/student/ros2_ws/src/eced3901/install/eced3901/share/eced3901/launch/build/.built_by
[14.275s] -- Up-to-date: /home/student/ros2_ws/src/eced3901/install/eced3901/share/eced3901/launch/demo.launch.py
[14.275s] -- Up-to-date: /home/student/ros2_ws/src/eced3901/install/eced3901/share/eced3901/launch/install
[14.275s] -- Up-to-date: /home/student/ros2_ws/src/eced3901/install/eced3901/share/eced3901/launch/install/setup.sh
[14.275s] -- Up-to-date: /home/student/ros2_ws/src/eced3901/install/eced3901/share/eced3901/launch/install/.colcon_install_layout
[14.275s] -- Up-to-date: /home/student/ros2_ws/src/eced3901/install/eced3901/share/eced3901/launch/install/_local_setup_util_ps1.py
[14.275s] -- Up-to-date: /home/student/ros2_ws/src/eced3901/install/eced3901/share/eced3901/launch/install/setup.zsh
[14.276s] -- Up-to-date: /home/student/ros2_ws/src/eced3901/install/eced3901/share/eced3901/launch/install/local_setup.bash
[14.276s] -- Up-to-date: /home/student/ros2_ws/src/eced3901/install/eced3901/share/eced3901/launch/install/COLCON_IGNORE
[14.276s] -- Up-to-date: /home/student/ros2_ws/src/eced3901/install/eced3901/share/eced3901/launch/install/local_setup.zsh
[14.276s] -- Up-to-date: /home/student/ros2_ws/src/eced3901/install/eced3901/share/eced3901/launch/install/local_setup.sh
[14.276s] -- Up-to-date: /home/student/ros2_ws/src/eced3901/install/eced3901/share/eced3901/launch/install/setup.bash
[14.276s] -- Up-to-date: /home/student/ros2_ws/src/eced3901/install/eced3901/share/eced3901/launch/install/setup.ps1
[14.276s] -- Up-to-date: /home/student/ros2_ws/src/eced3901/install/eced3901/share/eced3901/launch/install/local_setup.ps1
[14.276s] -- Up-to-date: /home/student/ros2_ws/src/eced3901/install/eced3901/share/eced3901/launch/install/_local_setup_util_sh.py
[14.276s] -- Up-to-date: /home/student/ros2_ws/src/eced3901/install/eced3901/share/eced3901/launch/log
[14.277s] -- Up-to-date: /home/student/ros2_ws/src/eced3901/install/eced3901/share/eced3901/launch/log/COLCON_IGNORE
[14.277s] -- Up-to-date: /home/student/ros2_ws/src/eced3901/install/eced3901/share/eced3901/launch/log/build_2026-03-05_10-38-55
[14.277s] -- Up-to-date: /home/student/ros2_ws/src/eced3901/install/eced3901/share/eced3901/launch/log/build_2026-03-05_10-38-55/logger_all.log
[14.277s] -- Up-to-date: /home/student/ros2_ws/src/eced3901/install/eced3901/share/eced3901/launch/log/build_2026-03-05_10-38-55/events.log
[14.277s] -- Up-to-date: /home/student/ros2_ws/src/eced3901/install/eced3901/share/eced3901/launch/log/latest_build
[14.277s] -- Up-to-date: /home/student/ros2_ws/src/eced3901/install/eced3901/share/eced3901/launch/log/latest
[14.277s] -- Up-to-date: /home/student/ros2_ws/src/eced3901/install/eced3901/share/eced3901/launch/lab5dt2.launch.py
[14.277s] -- Up-to-date: /home/student/ros2_ws/src/eced3901/install/eced3901/share/eced3901/launch/lab7nav.launch.py
[14.277s] -- Up-to-date: /home/student/ros2_ws/src/eced3901/install/eced3901/share/eced3901/launch/lab5.launch.py
[14.277s] -- Up-to-date: /home/student/ros2_ws/src/eced3901/install/eced3901/share/eced3901/launch/part2.py
[14.277s] -- Up-to-date: /home/student/ros2_ws/src/eced3901/install/eced3901/share/eced3901/launch/lab6b.launch.py
[14.278s] -- Up-to-date: /home/student/ros2_ws/src/eced3901/install/eced3901/share/eced3901/launch/lab7full.launch.py
[14.278s] -- Up-to-date: /home/student/ros2_ws/src/eced3901/install/eced3901/share/eced3901/launch/lab6nav.launch.py
[14.278s] -- Up-to-date: /home/student/ros2_ws/src/eced3901/install/eced3901/share/eced3901/maps
[14.278s] -- Up-to-date: /home/student/ros2_ws/src/eced3901/install/eced3901/share/eced3901/maps/lab4_map.yaml
[14.278s] -- Up-to-date: /home/student/ros2_ws/src/eced3901/install/eced3901/share/eced3901/maps/lab4_map.pgm
[14.278s] -- Up-to-date: /home/student/ros2_ws/src/eced3901/install/eced3901/share/eced3901/models
[14.278s] -- Up-to-date: /home/student/ros2_ws/src/eced3901/install/eced3901/share/eced3901/models/eced3901bot_description
[14.278s] -- Up-to-date: /home/student/ros2_ws/src/eced3901/install/eced3901/share/eced3901/models/eced3901bot_description/model.sdf
[14.278s] -- Up-to-date: /home/student/ros2_ws/src/eced3901/install/eced3901/share/eced3901/models/eced3901bot_description/model.config
[14.279s] -- Up-to-date: /home/student/ros2_ws/src/eced3901/install/eced3901/share/eced3901/models/eced3901_lab4
[14.279s] -- Up-to-date: /home/student/ros2_ws/src/eced3901/install/eced3901/share/eced3901/models/eced3901_lab4/model.sdf
[14.279s] -- Up-to-date: /home/student/ros2_ws/src/eced3901/install/eced3901/share/eced3901/models/eced3901_lab4/model.config
[14.279s] -- Up-to-date: /home/student/ros2_ws/src/eced3901/install/eced3901/share/eced3901/models/eced3901bot.urdf
[14.279s] -- Up-to-date: /home/student/ros2_ws/src/eced3901/install/eced3901/share/eced3901/params
[14.279s] -- Up-to-date: /home/student/ros2_ws/src/eced3901/install/eced3901/share/eced3901/params/nav2_params.yaml
[14.279s] -- Up-to-date: /home/student/ros2_ws/src/eced3901/install/eced3901/share/eced3901/rviz
[14.279s] -- Up-to-date: /home/student/ros2_ws/src/eced3901/install/eced3901/share/eced3901/rviz/nav2_config.rviz
[14.279s] -- Up-to-date: /home/student/ros2_ws/src/eced3901/install/eced3901/share/eced3901/rviz/urdf_config.rviz
[14.279s] -- Up-to-date: /home/student/ros2_ws/src/eced3901/install/eced3901/share/eced3901/rviz/nav2.rviz
[14.279s] -- Up-to-date: /home/student/ros2_ws/src/eced3901/install/eced3901/share/eced3901/src
[14.280s] -- Up-to-date: /home/student/ros2_ws/src/eced3901/install/eced3901/share/eced3901/src/Test5.cpp
[14.280s] -- Up-to-date: /home/student/ros2_ws/src/eced3901/install/eced3901/share/eced3901/src/Demo.cpp
[14.280s] -- Installing: /home/student/ros2_ws/src/eced3901/install/eced3901/share/eced3901/src/part1.cpp
[14.280s] -- Up-to-date: /home/student/ros2_ws/src/eced3901/install/eced3901/share/eced3901/src/publisher_member_function.cpp
[14.280s] -- Up-to-date: /home/student/ros2_ws/src/eced3901/install/eced3901/share/eced3901/src/build
[14.280s] -- Up-to-date: /home/student/ros2_ws/src/eced3901/install/eced3901/share/eced3901/src/build/COLCON_IGNORE
[14.280s] -- Up-to-date: /home/student/ros2_ws/src/eced3901/install/eced3901/share/eced3901/src/build/.built_by
[14.280s] -- Up-to-date: /home/student/ros2_ws/src/eced3901/install/eced3901/share/eced3901/src/Test4.cpp
[14.280s] -- Up-to-date: /home/student/ros2_ws/src/eced3901/install/eced3901/share/eced3901/src/install
[14.280s] -- Up-to-date: /home/student/ros2_ws/src/eced3901/install/eced3901/share/eced3901/src/install/setup.sh
[14.280s] -- Up-to-date: /home/student/ros2_ws/src/eced3901/install/eced3901/share/eced3901/src/install/.colcon_install_layout
[14.280s] -- Up-to-date: /home/student/ros2_ws/src/eced3901/install/eced3901/share/eced3901/src/install/_local_setup_util_ps1.py
[14.280s] -- Up-to-date: /home/student/ros2_ws/src/eced3901/install/eced3901/share/eced3901/src/install/setup.zsh
[14.281s] -- Up-to-date: /home/student/ros2_ws/src/eced3901/install/eced3901/share/eced3901/src/install/local_setup.bash
[14.281s] -- Up-to-date: /home/student/ros2_ws/src/eced3901/install/eced3901/share/eced3901/src/install/COLCON_IGNORE
[14.281s] -- Up-to-date: /home/student/ros2_ws/src/eced3901/install/eced3901/share/eced3901/src/install/local_setup.zsh
[14.281s] -- Up-to-date: /home/student/ros2_ws/src/eced3901/install/eced3901/share/eced3901/src/install/local_setup.sh
[14.281s] -- Up-to-date: /home/student/ros2_ws/src/eced3901/install/eced3901/share/eced3901/src/install/setup.bash
[14.281s] -- Up-to-date: /home/student/ros2_ws/src/eced3901/install/eced3901/share/eced3901/src/install/setup.ps1
[14.281s] -- Up-to-date: /home/student/ros2_ws/src/eced3901/install/eced3901/share/eced3901/src/install/local_setup.ps1
[14.281s] -- Up-to-date: /home/student/ros2_ws/src/eced3901/install/eced3901/share/eced3901/src/install/_local_setup_util_sh.py
[14.281s] -- Up-to-date: /home/student/ros2_ws/src/eced3901/install/eced3901/share/eced3901/src/eced3901_dt1.cpp
[14.281s] -- Up-to-date: /home/student/ros2_ws/src/eced3901/install/eced3901/share/eced3901/src/log
[14.281s] -- Up-to-date: /home/student/ros2_ws/src/eced3901/install/eced3901/share/eced3901/src/log/COLCON_IGNORE
[14.281s] -- Up-to-date: /home/student/ros2_ws/src/eced3901/install/eced3901/share/eced3901/src/log/build_2026-03-04_09-18-31
[14.281s] -- Up-to-date: /home/student/ros2_ws/src/eced3901/install/eced3901/share/eced3901/src/log/build_2026-03-04_09-18-31/logger_all.log
[14.281s] -- Up-to-date: /home/student/ros2_ws/src/eced3901/install/eced3901/share/eced3901/src/log/build_2026-03-04_09-18-31/events.log
[14.282s] -- Up-to-date: /home/student/ros2_ws/src/eced3901/install/eced3901/share/eced3901/src/log/latest_build
[14.282s] -- Up-to-date: /home/student/ros2_ws/src/eced3901/install/eced3901/share/eced3901/src/log/latest
[14.282s] -- Up-to-date: /home/student/ros2_ws/src/eced3901/install/eced3901/share/eced3901/src/log/build_2026-03-04_13-17-03
[14.282s] -- Up-to-date: /home/student/ros2_ws/src/eced3901/install/eced3901/share/eced3901/src/log/build_2026-03-04_13-17-03/logger_all.log
[14.282s] -- Up-to-date: /home/student/ros2_ws/src/eced3901/install/eced3901/share/eced3901/src/log/build_2026-03-04_13-17-03/events.log
[14.282s] -- Up-to-date: /home/student/ros2_ws/src/eced3901/install/eced3901/share/eced3901/src/openo.cpp
[14.282s] -- Up-to-date: /home/student/ros2_ws/src/eced3901/install/eced3901/share/eced3901/src/fulllidar
[14.282s] -- Up-to-date: /home/student/ros2_ws/src/eced3901/install/eced3901/share/eced3901/src/Test3.cpp
[14.282s] -- Up-to-date: /home/student/ros2_ws/src/eced3901/install/eced3901/share/eced3901/src/Demo2.cpp
[14.282s] -- Up-to-date: /home/student/ros2_ws/src/eced3901/install/eced3901/share/eced3901/src/Test1.cpp
[14.282s] -- Up-to-date: /home/student/ros2_ws/src/eced3901/install/eced3901/share/eced3901/src/Test2.cpp
[14.282s] -- Up-to-date: /home/student/ros2_ws/src/eced3901/install/eced3901/share/eced3901/worlds
[14.282s] -- Up-to-date: /home/student/ros2_ws/src/eced3901/install/eced3901/share/eced3901/worlds/eced3901_lab6.world
[14.283s] -- Up-to-date: /home/student/ros2_ws/src/eced3901/install/eced3901/share/eced3901/worlds/empty.world
[14.283s] -- Up-to-date: /home/student/ros2_ws/src/eced3901/install/eced3901/share/eced3901/worlds/eced3901_lab4.world
[14.283s] -- Up-to-date: /home/student/ros2_ws/src/eced3901/install/eced3901/lib/eced3901/wp_follower.py
[14.283s] -- Up-to-date: /home/student/ros2_ws/src/eced3901/install/eced3901/lib/eced3901/demo_inspection.py
[14.283s] -- Up-to-date: /home/student/ros2_ws/src/eced3901/install/eced3901/lib/eced3901/part3.py
[14.283s] -- Up-to-date: /home/student/ros2_ws/src/eced3901/install/eced3901/lib/eced3901/wp_demo.py
[14.283s] -- Up-to-date: /home/student/ros2_ws/src/eced3901/install/eced3901/share/ament_index/resource_index/package_run_dependencies/eced3901
[14.283s] -- Up-to-date: /home/student/ros2_ws/src/eced3901/install/eced3901/share/ament_index/resource_index/parent_prefix_path/eced3901
[14.283s] -- Up-to-date: /home/student/ros2_ws/src/eced3901/install/eced3901/share/eced3901/environment/ament_prefix_path.sh
[14.283s] -- Up-to-date: /home/student/ros2_ws/src/eced3901/install/eced3901/share/eced3901/environment/ament_prefix_path.dsv
[14.283s] -- Up-to-date: /home/student/ros2_ws/src/eced3901/install/eced3901/share/eced3901/environment/path.sh
[14.283s] -- Up-to-date: /home/student/ros2_ws/src/eced3901/install/eced3901/share/eced3901/environment/path.dsv
[14.284s] -- Up-to-date: /home/student/ros2_ws/src/eced3901/install/eced3901/share/eced3901/local_setup.bash
[14.284s] -- Up-to-date: /home/student/ros2_ws/src/eced3901/install/eced3901/share/eced3901/local_setup.sh
[14.284s] -- Up-to-date: /home/student/ros2_ws/src/eced3901/install/eced3901/share/eced3901/local_setup.zsh
[14.284s] -- Up-to-date: /home/student/ros2_ws/src/eced3901/install/eced3901/share/eced3901/local_setup.dsv
[14.284s] -- Installing: /home/student/ros2_ws/src/eced3901/install/eced3901/share/eced3901/package.dsv
[14.284s] -- Up-to-date: /home/student/ros2_ws/src/eced3901/install/eced3901/share/ament_index/resource_index/packages/eced3901
[14.284s] -- Up-to-date: /home/student/ros2_ws/src/eced3901/install/eced3901/share/eced3901/cmake/eced3901Config.cmake
[14.284s] -- Up-to-date: /home/student/ros2_ws/src/eced3901/install/eced3901/share/eced3901/cmake/eced3901Config-version.cmake
[14.284s] -- Up-to-date: /home/student/ros2_ws/src/eced3901/install/eced3901/share/eced3901/package.xml
[14.285s] Invoked command in '/home/student/ros2_ws/src/eced3901/build/eced3901' returned '0': CMAKE_PREFIX_PATH=${CMAKE_PREFIX_PATH}:/home/student/imu_ws/install/bno055:/home/student/motor_ws/install/dalmotor:/opt/ros/humble /usr/bin/cmake --install /home/student/ros2_ws/src/eced3901/build/eced3901
