[0.165s] DEBUG:colcon:Command line arguments: ['/usr/bin/colcon', 'build']
[0.165s] DEBUG:colcon:Parsed command line arguments: Namespace(log_base=None, log_level=None, verb_name='build', build_base='build', install_base='install', merge_install=False, symlink_install=False, test_result_base=None, continue_on_error=False, executor='parallel', parallel_workers=4, event_handlers=None, ignore_user_meta=False, metas=['./colcon.meta'], base_paths=['.'], packages_ignore=None, packages_ignore_regex=None, paths=None, packages_up_to=None, packages_up_to_regex=None, packages_above=None, packages_above_and_dependencies=None, packages_above_depth=None, packages_select_by_dep=None, packages_skip_by_dep=None, packages_skip_up_to=None, packages_select_build_failed=False, packages_skip_build_finished=False, packages_select_test_failures=False, packages_skip_test_passed=False, packages_select=None, packages_skip=None, packages_select_regex=None, packages_skip_regex=None, packages_start=None, packages_end=None, allow_overriding=[], cmake_args=None, cmake_target=None, cmake_target_skip_unavailable=False, cmake_clean_cache=False, cmake_clean_first=False, cmake_force_configure=False, ament_cmake_args=None, catkin_cmake_args=None, catkin_skip_building_tests=False, verb_parser=<colcon_defaults.argument_parser.defaults.DefaultArgumentsDecorator object at 0x7aa56a41fb80>, verb_extension=<colcon_core.verb.build.BuildVerb object at 0x7aa56a5c9390>, main=<bound method BuildVerb.main of <colcon_core.verb.build.BuildVerb object at 0x7aa56a5c9390>>)
[0.360s] Level 1:colcon.colcon_core.package_discovery:discover_packages(colcon_meta) check parameters
[0.360s] Level 1:colcon.colcon_core.package_discovery:discover_packages(recursive) check parameters
[0.360s] Level 1:colcon.colcon_core.package_discovery:discover_packages(ignore) check parameters
[0.360s] Level 1:colcon.colcon_core.package_discovery:discover_packages(path) check parameters
[0.360s] Level 1:colcon.colcon_core.package_discovery:discover_packages(colcon_meta) discover
[0.360s] Level 1:colcon.colcon_core.package_discovery:discover_packages(recursive) discover
[0.360s] INFO:colcon.colcon_core.package_discovery:Crawling recursively for packages in '/home/student/ros2_ws/src/eced3901'
[0.360s] Level 1:colcon.colcon_core.package_identification:_identify(.) by extensions ['ignore', 'ignore_ament_install']
[0.360s] Level 1:colcon.colcon_core.package_identification:_identify(.) by extension 'ignore'
[0.361s] Level 1:colcon.colcon_core.package_identification:_identify(.) by extension 'ignore_ament_install'
[0.361s] Level 1:colcon.colcon_core.package_identification:_identify(.) by extensions ['colcon_pkg']
[0.361s] Level 1:colcon.colcon_core.package_identification:_identify(.) by extension 'colcon_pkg'
[0.361s] Level 1:colcon.colcon_core.package_identification:_identify(.) by extensions ['colcon_meta']
[0.361s] Level 1:colcon.colcon_core.package_identification:_identify(.) by extension 'colcon_meta'
[0.361s] Level 1:colcon.colcon_core.package_identification:_identify(.) by extensions ['ros']
[0.361s] Level 1:colcon.colcon_core.package_identification:_identify(.) by extension 'ros'
[0.375s] DEBUG:colcon.colcon_core.package_identification:Package '.' with type 'ros.ament_cmake' and name 'eced3901'
[0.375s] Level 1:colcon.colcon_core.package_discovery:discover_packages(recursive) using defaults
[0.375s] Level 1:colcon.colcon_core.package_discovery:discover_packages(ignore) discover
[0.375s] Level 1:colcon.colcon_core.package_discovery:discover_packages(ignore) using defaults
[0.375s] Level 1:colcon.colcon_core.package_discovery:discover_packages(path) discover
[0.375s] Level 1:colcon.colcon_core.package_discovery:discover_packages(path) using defaults
[0.399s] Level 1:colcon.colcon_core.package_discovery:discover_packages(prefix_path) check parameters
[0.399s] Level 1:colcon.colcon_core.package_discovery:discover_packages(prefix_path) discover
[0.402s] DEBUG:colcon.colcon_installed_package_information.package_discovery:Found 1 installed packages in /home/student/ros2_ws/install
[0.402s] DEBUG:colcon.colcon_installed_package_information.package_discovery:Found 1 installed packages in /home/student/imu_ws/install
[0.402s] DEBUG:colcon.colcon_installed_package_information.package_discovery:Found 1 installed packages in /home/student/ydlidar_ros2_ws/install
[0.403s] DEBUG:colcon.colcon_installed_package_information.package_discovery:Found 1 installed packages in /home/student/motor_ws/install
[0.404s] DEBUG:colcon.colcon_installed_package_information.package_discovery:Found 363 installed packages in /opt/ros/humble
[0.415s] Level 1:colcon.colcon_core.package_discovery:discover_packages(prefix_path) using defaults
[0.460s] Level 5:colcon.colcon_core.verb:set package 'eced3901' build argument 'cmake_args' from command line to 'None'
[0.460s] Level 5:colcon.colcon_core.verb:set package 'eced3901' build argument 'cmake_target' from command line to 'None'
[0.460s] Level 5:colcon.colcon_core.verb:set package 'eced3901' build argument 'cmake_target_skip_unavailable' from command line to 'False'
[0.460s] Level 5:colcon.colcon_core.verb:set package 'eced3901' build argument 'cmake_clean_cache' from command line to 'False'
[0.460s] Level 5:colcon.colcon_core.verb:set package 'eced3901' build argument 'cmake_clean_first' from command line to 'False'
[0.460s] Level 5:colcon.colcon_core.verb:set package 'eced3901' build argument 'cmake_force_configure' from command line to 'False'
[0.460s] Level 5:colcon.colcon_core.verb:set package 'eced3901' build argument 'ament_cmake_args' from command line to 'None'
[0.460s] Level 5:colcon.colcon_core.verb:set package 'eced3901' build argument 'catkin_cmake_args' from command line to 'None'
[0.460s] Level 5:colcon.colcon_core.verb:set package 'eced3901' build argument 'catkin_skip_building_tests' from command line to 'False'
[0.460s] DEBUG:colcon.colcon_core.verb:Building package 'eced3901' with the following arguments: {'ament_cmake_args': None, 'build_base': '/home/student/ros2_ws/src/eced3901/build/eced3901', 'catkin_cmake_args': None, 'catkin_skip_building_tests': False, 'cmake_args': None, 'cmake_clean_cache': False, 'cmake_clean_first': False, 'cmake_force_configure': False, 'cmake_target': None, 'cmake_target_skip_unavailable': False, 'install_base': '/home/student/ros2_ws/src/eced3901/install/eced3901', 'merge_install': False, 'path': '/home/student/ros2_ws/src/eced3901', 'symlink_install': False, 'test_result_base': None}
[0.460s] INFO:colcon.colcon_core.executor:Executing jobs using 'parallel' executor
[0.461s] DEBUG:colcon.colcon_parallel_executor.executor.parallel:run_until_complete
[0.461s] INFO:colcon.colcon_ros.task.ament_cmake.build:Building ROS package in '/home/student/ros2_ws/src/eced3901' with build type 'ament_cmake'
[0.461s] INFO:colcon.colcon_cmake.task.cmake.build:Building CMake package in '/home/student/ros2_ws/src/eced3901'
[0.467s] INFO:colcon.colcon_core.plugin_system:Skipping extension 'colcon_core.shell.bat': Not used on non-Windows systems
[0.467s] INFO:colcon.colcon_core.shell:Skip shell extension 'powershell' for command environment: Not usable outside of PowerShell
[0.467s] DEBUG:colcon.colcon_core.shell:Skip shell extension 'dsv' for command environment
[0.476s] DEBUG:colcon.colcon_core.event_handler.log_command:Invoking command in '/home/student/ros2_ws/src/eced3901/build/eced3901': CMAKE_PREFIX_PATH=${CMAKE_PREFIX_PATH}:/home/student/imu_ws/install/bno055:/home/student/motor_ws/install/dalmotor:/opt/ros/humble /usr/bin/cmake --build /home/student/ros2_ws/src/eced3901/build/eced3901 -- -j4 -l4
[12.231s] DEBUG:colcon.colcon_core.event_handler.log_command:Invoked command in '/home/student/ros2_ws/src/eced3901/build/eced3901' returned '0': CMAKE_PREFIX_PATH=${CMAKE_PREFIX_PATH}:/home/student/imu_ws/install/bno055:/home/student/motor_ws/install/dalmotor:/opt/ros/humble /usr/bin/cmake --build /home/student/ros2_ws/src/eced3901/build/eced3901 -- -j4 -l4
[12.240s] DEBUG:colcon.colcon_core.event_handler.log_command:Invoking command in '/home/student/ros2_ws/src/eced3901/build/eced3901': CMAKE_PREFIX_PATH=${CMAKE_PREFIX_PATH}:/home/student/imu_ws/install/bno055:/home/student/motor_ws/install/dalmotor:/opt/ros/humble /usr/bin/cmake --install /home/student/ros2_ws/src/eced3901/build/eced3901
[12.267s] Level 1:colcon.colcon_core.environment:create_environment_scripts_only(eced3901)
[12.268s] DEBUG:colcon.colcon_core.event_handler.log_command:Invoked command in '/home/student/ros2_ws/src/eced3901/build/eced3901' returned '0': CMAKE_PREFIX_PATH=${CMAKE_PREFIX_PATH}:/home/student/imu_ws/install/bno055:/home/student/motor_ws/install/dalmotor:/opt/ros/humble /usr/bin/cmake --install /home/student/ros2_ws/src/eced3901/build/eced3901
[12.271s] Level 1:colcon.colcon_core.environment:checking '/home/student/ros2_ws/src/eced3901/install/eced3901' for CMake module files
[12.272s] Level 1:colcon.colcon_core.environment:checking '/home/student/ros2_ws/src/eced3901/install/eced3901' for CMake config files
[12.273s] Level 1:colcon.colcon_core.shell:create_environment_hook('eced3901', 'cmake_prefix_path')
[12.273s] INFO:colcon.colcon_core.shell:Creating environment hook '/home/student/ros2_ws/src/eced3901/install/eced3901/share/eced3901/hook/cmake_prefix_path.ps1'
[12.274s] INFO:colcon.colcon_core.shell:Creating environment descriptor '/home/student/ros2_ws/src/eced3901/install/eced3901/share/eced3901/hook/cmake_prefix_path.dsv'
[12.274s] INFO:colcon.colcon_core.shell:Creating environment hook '/home/student/ros2_ws/src/eced3901/install/eced3901/share/eced3901/hook/cmake_prefix_path.sh'
[12.275s] Level 1:colcon.colcon_core.environment:checking '/home/student/ros2_ws/src/eced3901/install/eced3901/lib'
[12.275s] Level 1:colcon.colcon_core.environment:checking '/home/student/ros2_ws/src/eced3901/install/eced3901/bin'
[12.275s] Level 1:colcon.colcon_core.environment:checking '/home/student/ros2_ws/src/eced3901/install/eced3901/lib/pkgconfig/eced3901.pc'
[12.276s] Level 1:colcon.colcon_core.environment:checking '/home/student/ros2_ws/src/eced3901/install/eced3901/lib/python3.10/site-packages'
[12.276s] Level 1:colcon.colcon_core.environment:checking '/home/student/ros2_ws/src/eced3901/install/eced3901/bin'
[12.276s] INFO:colcon.colcon_core.shell:Creating package script '/home/student/ros2_ws/src/eced3901/install/eced3901/share/eced3901/package.ps1'
[12.277s] INFO:colcon.colcon_core.shell:Creating package descriptor '/home/student/ros2_ws/src/eced3901/install/eced3901/share/eced3901/package.dsv'
[12.278s] INFO:colcon.colcon_core.shell:Creating package script '/home/student/ros2_ws/src/eced3901/install/eced3901/share/eced3901/package.sh'
[12.279s] INFO:colcon.colcon_core.shell:Creating package script '/home/student/ros2_ws/src/eced3901/install/eced3901/share/eced3901/package.bash'
[12.279s] INFO:colcon.colcon_core.shell:Creating package script '/home/student/ros2_ws/src/eced3901/install/eced3901/share/eced3901/package.zsh'
[12.280s] Level 1:colcon.colcon_core.environment:create_file_with_runtime_dependencies(/home/student/ros2_ws/src/eced3901/install/eced3901/share/colcon-core/packages/eced3901)
[12.281s] Level 1:colcon.colcon_core.environment:create_environment_scripts_only(eced3901)
[12.281s] Level 1:colcon.colcon_core.environment:checking '/home/student/ros2_ws/src/eced3901/install/eced3901' for CMake module files
[12.282s] Level 1:colcon.colcon_core.environment:checking '/home/student/ros2_ws/src/eced3901/install/eced3901' for CMake config files
[12.282s] Level 1:colcon.colcon_core.shell:create_environment_hook('eced3901', 'cmake_prefix_path')
[12.282s] INFO:colcon.colcon_core.shell:Creating environment hook '/home/student/ros2_ws/src/eced3901/install/eced3901/share/eced3901/hook/cmake_prefix_path.ps1'
[12.283s] INFO:colcon.colcon_core.shell:Creating environment descriptor '/home/student/ros2_ws/src/eced3901/install/eced3901/share/eced3901/hook/cmake_prefix_path.dsv'
[12.283s] INFO:colcon.colcon_core.shell:Creating environment hook '/home/student/ros2_ws/src/eced3901/install/eced3901/share/eced3901/hook/cmake_prefix_path.sh'
[12.284s] Level 1:colcon.colcon_core.environment:checking '/home/student/ros2_ws/src/eced3901/install/eced3901/lib'
[12.284s] Level 1:colcon.colcon_core.environment:checking '/home/student/ros2_ws/src/eced3901/install/eced3901/bin'
[12.284s] Level 1:colcon.colcon_core.environment:checking '/home/student/ros2_ws/src/eced3901/install/eced3901/lib/pkgconfig/eced3901.pc'
[12.284s] Level 1:colcon.colcon_core.environment:checking '/home/student/ros2_ws/src/eced3901/install/eced3901/lib/python3.10/site-packages'
[12.284s] Level 1:colcon.colcon_core.environment:checking '/home/student/ros2_ws/src/eced3901/install/eced3901/bin'
[12.285s] INFO:colcon.colcon_core.shell:Creating package script '/home/student/ros2_ws/src/eced3901/install/eced3901/share/eced3901/package.ps1'
[12.285s] INFO:colcon.colcon_core.shell:Creating package descriptor '/home/student/ros2_ws/src/eced3901/install/eced3901/share/eced3901/package.dsv'
[12.286s] INFO:colcon.colcon_core.shell:Creating package script '/home/student/ros2_ws/src/eced3901/install/eced3901/share/eced3901/package.sh'
[12.286s] INFO:colcon.colcon_core.shell:Creating package script '/home/student/ros2_ws/src/eced3901/install/eced3901/share/eced3901/package.bash'
[12.286s] INFO:colcon.colcon_core.shell:Creating package script '/home/student/ros2_ws/src/eced3901/install/eced3901/share/eced3901/package.zsh'
[12.287s] Level 1:colcon.colcon_core.environment:create_file_with_runtime_dependencies(/home/student/ros2_ws/src/eced3901/install/eced3901/share/colcon-core/packages/eced3901)
[12.287s] DEBUG:colcon.colcon_parallel_executor.executor.parallel:closing loop
[12.287s] DEBUG:colcon.colcon_parallel_executor.executor.parallel:loop closed
[12.287s] DEBUG:colcon.colcon_parallel_executor.executor.parallel:run_until_complete finished with '0'
[12.287s] DEBUG:colcon.colcon_core.event_reactor:joining thread
[12.293s] INFO:colcon.colcon_core.plugin_system:Skipping extension 'colcon_notification.desktop_notification.terminal_notifier': Not used on non-Darwin systems
[12.293s] INFO:colcon.colcon_core.plugin_system:Skipping extension 'colcon_notification.desktop_notification.win32': Not used on non-Windows systems
[12.293s] INFO:colcon.colcon_notification.desktop_notification:Sending desktop notification using 'notify2'
[12.319s] DEBUG:colcon.colcon_core.event_reactor:joined thread
[12.319s] INFO:colcon.colcon_core.shell:Creating prefix script '/home/student/ros2_ws/src/eced3901/install/local_setup.ps1'
[12.320s] INFO:colcon.colcon_core.shell:Creating prefix util module '/home/student/ros2_ws/src/eced3901/install/_local_setup_util_ps1.py'
[12.322s] INFO:colcon.colcon_core.shell:Creating prefix chain script '/home/student/ros2_ws/src/eced3901/install/setup.ps1'
[12.323s] INFO:colcon.colcon_core.shell:Creating prefix script '/home/student/ros2_ws/src/eced3901/install/local_setup.sh'
[12.324s] INFO:colcon.colcon_core.shell:Creating prefix util module '/home/student/ros2_ws/src/eced3901/install/_local_setup_util_sh.py'
[12.325s] INFO:colcon.colcon_core.shell:Creating prefix chain script '/home/student/ros2_ws/src/eced3901/install/setup.sh'
[12.327s] INFO:colcon.colcon_core.shell:Creating prefix script '/home/student/ros2_ws/src/eced3901/install/local_setup.bash'
[12.328s] INFO:colcon.colcon_core.shell:Creating prefix chain script '/home/student/ros2_ws/src/eced3901/install/setup.bash'
[12.330s] INFO:colcon.colcon_core.shell:Creating prefix script '/home/student/ros2_ws/src/eced3901/install/local_setup.zsh'
[12.331s] INFO:colcon.colcon_core.shell:Creating prefix chain script '/home/student/ros2_ws/src/eced3901/install/setup.zsh'
